Component: ARM Compiler 5.06 update 6 (build 750) Tool: armlink [4d35ed]

==============================================================================

Section Cross References

    startup_stm32f030x6.o(RESET) refers to startup_stm32f030x6.o(STACK) for __initial_sp
    startup_stm32f030x6.o(RESET) refers to startup_stm32f030x6.o(.text) for Reset_Handler
    startup_stm32f030x6.o(RESET) refers to stm32f0xx_it.o(i.NMI_Handler) for NMI_Handler
    startup_stm32f030x6.o(RESET) refers to stm32f0xx_it.o(i.HardFault_Handler) for HardFault_Handler
    startup_stm32f030x6.o(RESET) refers to stm32f0xx_it.o(i.SVC_Handler) for SVC_Handler
    startup_stm32f030x6.o(RESET) refers to stm32f0xx_it.o(i.PendSV_Handler) for PendSV_Handler
    startup_stm32f030x6.o(RESET) refers to stm32f0xx_it.o(i.SysTick_Handler) for SysTick_Handler
    startup_stm32f030x6.o(RESET) refers to stm32f0xx_it.o(i.DMA1_Channel1_IRQHandler) for DMA1_Channel1_IRQHandler
    startup_stm32f030x6.o(RESET) refers to stm32f0xx_it.o(i.USART1_IRQHandler) for USART1_IRQHandler
    startup_stm32f030x6.o(.text) refers to system_stm32f0xx.o(i.SystemInit) for SystemInit
    startup_stm32f030x6.o(.text) refers to entry.o(.ARM.Collect$$$$00000000) for __main
    stm32f0xx_hal_dma.o(i.DMA_CalcBaseAndBitshift) refers to uidiv.o(.text) for __aeabi_uidivmod
    stm32f0xx_hal_dma.o(i.HAL_DMA_DeInit) refers to stm32f0xx_hal_dma.o(i.DMA_CalcBaseAndBitshift) for DMA_CalcBaseAndBitshift
    stm32f0xx_hal_dma.o(i.HAL_DMA_Init) refers to stm32f0xx_hal_dma.o(i.DMA_CalcBaseAndBitshift) for DMA_CalcBaseAndBitshift
    stm32f0xx_hal_dma.o(i.HAL_DMA_PollForTransfer) refers to stm32f0xx_hal.o(i.HAL_GetTick) for HAL_GetTick
    stm32f0xx_hal_dma.o(i.HAL_DMA_Start) refers to stm32f0xx_hal_dma.o(i.DMA_SetConfig) for DMA_SetConfig
    stm32f0xx_hal_dma.o(i.HAL_DMA_Start_IT) refers to stm32f0xx_hal_dma.o(i.DMA_SetConfig) for DMA_SetConfig
    stm32f0xx_hal_dma.o(i.HAL_DMA_UnRegisterCallback) refers to stm32f0xx_hal_dma.o(i.__ARM_common_switch8) for __ARM_common_switch8
    stm32f0xx_hal_adc.o(i.ADC_ConversionStop) refers to stm32f0xx_hal.o(i.HAL_GetTick) for HAL_GetTick
    stm32f0xx_hal_adc.o(i.ADC_DMAConvCplt) refers to stm32f0xx_hal_adc.o(i.HAL_ADC_ConvCpltCallback) for HAL_ADC_ConvCpltCallback
    stm32f0xx_hal_adc.o(i.ADC_DMAError) refers to stm32f0xx_hal_adc.o(i.HAL_ADC_ErrorCallback) for HAL_ADC_ErrorCallback
    stm32f0xx_hal_adc.o(i.ADC_DMAHalfConvCplt) refers to stm32f0xx_hal_adc.o(i.HAL_ADC_ConvHalfCpltCallback) for HAL_ADC_ConvHalfCpltCallback
    stm32f0xx_hal_adc.o(i.ADC_Disable) refers to stm32f0xx_hal.o(i.HAL_GetTick) for HAL_GetTick
    stm32f0xx_hal_adc.o(i.ADC_Enable) refers to uidiv.o(.text) for __aeabi_uidivmod
    stm32f0xx_hal_adc.o(i.ADC_Enable) refers to stm32f0xx_hal.o(i.HAL_GetTick) for HAL_GetTick
    stm32f0xx_hal_adc.o(i.ADC_Enable) refers to system_stm32f0xx.o(.data) for SystemCoreClock
    stm32f0xx_hal_adc.o(i.HAL_ADC_ConfigChannel) refers to uidiv.o(.text) for __aeabi_uidivmod
    stm32f0xx_hal_adc.o(i.HAL_ADC_ConfigChannel) refers to system_stm32f0xx.o(.data) for SystemCoreClock
    stm32f0xx_hal_adc.o(i.HAL_ADC_DeInit) refers to stm32f0xx_hal_adc.o(i.ADC_ConversionStop) for ADC_ConversionStop
    stm32f0xx_hal_adc.o(i.HAL_ADC_DeInit) refers to stm32f0xx_hal_msp.o(i.HAL_ADC_MspDeInit) for HAL_ADC_MspDeInit
    stm32f0xx_hal_adc.o(i.HAL_ADC_DeInit) refers to stm32f0xx_hal_adc.o(i.ADC_Disable) for ADC_Disable
    stm32f0xx_hal_adc.o(i.HAL_ADC_IRQHandler) refers to stm32f0xx_hal_adc.o(i.HAL_ADC_ConvCpltCallback) for HAL_ADC_ConvCpltCallback
    stm32f0xx_hal_adc.o(i.HAL_ADC_IRQHandler) refers to stm32f0xx_hal_adc.o(i.HAL_ADC_LevelOutOfWindowCallback) for HAL_ADC_LevelOutOfWindowCallback
    stm32f0xx_hal_adc.o(i.HAL_ADC_IRQHandler) refers to stm32f0xx_hal_adc.o(i.HAL_ADC_ErrorCallback) for HAL_ADC_ErrorCallback
    stm32f0xx_hal_adc.o(i.HAL_ADC_Init) refers to stm32f0xx_hal_msp.o(i.HAL_ADC_MspInit) for HAL_ADC_MspInit
    stm32f0xx_hal_adc.o(i.HAL_ADC_PollForConversion) refers to stm32f0xx_hal.o(i.HAL_GetTick) for HAL_GetTick
    stm32f0xx_hal_adc.o(i.HAL_ADC_PollForEvent) refers to stm32f0xx_hal.o(i.HAL_GetTick) for HAL_GetTick
    stm32f0xx_hal_adc.o(i.HAL_ADC_Start) refers to stm32f0xx_hal_adc.o(i.ADC_Enable) for ADC_Enable
    stm32f0xx_hal_adc.o(i.HAL_ADC_Start_DMA) refers to stm32f0xx_hal_adc.o(i.ADC_Enable) for ADC_Enable
    stm32f0xx_hal_adc.o(i.HAL_ADC_Start_DMA) refers to stm32f0xx_hal_dma.o(i.HAL_DMA_Start_IT) for HAL_DMA_Start_IT
    stm32f0xx_hal_adc.o(i.HAL_ADC_Start_DMA) refers to stm32f0xx_hal_adc.o(i.ADC_DMAConvCplt) for ADC_DMAConvCplt
    stm32f0xx_hal_adc.o(i.HAL_ADC_Start_DMA) refers to stm32f0xx_hal_adc.o(i.ADC_DMAHalfConvCplt) for ADC_DMAHalfConvCplt
    stm32f0xx_hal_adc.o(i.HAL_ADC_Start_DMA) refers to stm32f0xx_hal_adc.o(i.ADC_DMAError) for ADC_DMAError
    stm32f0xx_hal_adc.o(i.HAL_ADC_Start_IT) refers to stm32f0xx_hal_adc.o(i.ADC_Enable) for ADC_Enable
[...]
    Removing stm32f0xx_hal_uart.o(i.HAL_UART_GetState), (12 bytes).
    Removing stm32f0xx_hal_uart.o(i.HAL_UART_MspDeInit), (2 bytes).
    Removing stm32f0xx_hal_uart.o(i.HAL_UART_MspInit), (2 bytes).
    Removing stm32f0xx_hal_uart.o(i.HAL_UART_Receive), (228 bytes).
    Removing stm32f0xx_hal_uart.o(i.HAL_UART_Receive_DMA), (164 bytes).
    Removing stm32f0xx_hal_uart.o(i.HAL_UART_RxCpltCallback), (2 bytes).
    Removing stm32f0xx_hal_uart.o(i.HAL_UART_RxHalfCpltCallback), (2 bytes).
    Removing stm32f0xx_hal_uart.o(i.HAL_UART_Transmit), (200 bytes).
    Removing stm32f0xx_hal_uart.o(i.HAL_UART_Transmit_DMA), (152 bytes).
    Removing stm32f0xx_hal_uart.o(i.HAL_UART_TxHalfCpltCallback), (2 bytes).
    Removing stm32f0xx_hal_uart.o(i.UART_DMAError), (74 bytes).
    Removing stm32f0xx_hal_uart.o(i.UART_DMAReceiveCplt), (64 bytes).
    Removing stm32f0xx_hal_uart.o(i.UART_DMARxAbortCallback), (54 bytes).
    Removing stm32f0xx_hal_uart.o(i.UART_DMARxHalfCplt), (10 bytes).
    Removing stm32f0xx_hal_uart.o(i.UART_DMARxOnlyAbortCallback), (28 bytes).
    Removing stm32f0xx_hal_uart.o(i.UART_DMATransmitCplt), (48 bytes).
    Removing stm32f0xx_hal_uart.o(i.UART_DMATxAbortCallback), (54 bytes).
    Removing stm32f0xx_hal_uart.o(i.UART_DMATxHalfCplt), (10 bytes).
    Removing stm32f0xx_hal_uart.o(i.UART_DMATxOnlyAbortCallback), (22 bytes).
    Removing stm32f0xx_hal_uart.o(i.UART_WaitOnFlagUntilTimeout), (98 bytes).
    Removing stm32f0xx_hal_i2c.o(.rev16_text), (4 bytes).
    Removing stm32f0xx_hal_i2c.o(.revsh_text), (4 bytes).
    Removing stm32f0xx_hal_i2c.o(i.HAL_I2C_AbortCpltCallback), (2 bytes).
    Removing stm32f0xx_hal_i2c.o(i.HAL_I2C_AddrCallback), (2 bytes).
    Removing stm32f0xx_hal_i2c.o(i.HAL_I2C_DeInit), (52 bytes).
    Removing stm32f0xx_hal_i2c.o(i.HAL_I2C_DisableListen_IT), (48 bytes).
    Removing stm32f0xx_hal_i2c.o(i.HAL_I2C_ER_IRQHandler), (88 bytes).
    Removing stm32f0xx_hal_i2c.o(i.HAL_I2C_EV_IRQHandler), (16 bytes).
    Removing stm32f0xx_hal_i2c.o(i.HAL_I2C_EnableListen_IT), (40 bytes).
    Removing stm32f0xx_hal_i2c.o(i.HAL_I2C_ErrorCallback), (2 bytes).
    Removing stm32f0xx_hal_i2c.o(i.HAL_I2C_GetError), (4 bytes).
    Removing stm32f0xx_hal_i2c.o(i.HAL_I2C_GetMode), (6 bytes).
    Removing stm32f0xx_hal_i2c.o(i.HAL_I2C_GetState), (6 bytes).
    Removing stm32f0xx_hal_i2c.o(i.HAL_I2C_Init), (180 bytes).
    Removing stm32f0xx_hal_i2c.o(i.HAL_I2C_IsDeviceReady), (284 bytes).
    Removing stm32f0xx_hal_i2c.o(i.HAL_I2C_ListenCpltCallback), (2 bytes).
    Removing stm32f0xx_hal_i2c.o(i.HAL_I2C_MasterRxCpltCallback), (2 bytes).
    Removing stm32f0xx_hal_i2c.o(i.HAL_I2C_MasterTxCpltCallback), (2 bytes).
    Removing stm32f0xx_hal_i2c.o(i.HAL_I2C_Master_Abort_IT), (88 bytes).
    Removing stm32f0xx_hal_i2c.o(i.HAL_I2C_Master_Receive), (280 bytes).
    Removing stm32f0xx_hal_i2c.o(i.HAL_I2C_Master_Receive_DMA), (236 bytes).
    Removing stm32f0xx_hal_i2c.o(i.HAL_I2C_Master_Receive_IT), (124 bytes).
    Removing stm32f0xx_hal_i2c.o(i.HAL_I2C_Master_Sequential_Receive_IT), (116 bytes).
    Removing stm32f0xx_hal_i2c.o(i.HAL_I2C_Master_Sequential_Transmit_IT), (116 bytes).
    Removing stm32f0xx_hal_i2c.o(i.HAL_I2C_Master_Transmit), (280 bytes).
    Removing stm32f0xx_hal_i2c.o(i.HAL_I2C_Master_Transmit_DMA), (240 bytes).
    Removing stm32f0xx_hal_i2c.o(i.HAL_I2C_Master_Transmit_IT), (124 bytes).
    Removing stm32f0xx_hal_i2c.o(i.HAL_I2C_MemRxCpltCallback), (2 bytes).
    Removing stm32f0xx_hal_i2c.o(i.HAL_I2C_MemTxCpltCallback), (2 bytes).
    Removing stm32f0xx_hal_i2c.o(i.HAL_I2C_Mem_Read), (344 bytes).
    Removing stm32f0xx_hal_i2c.o(i.HAL_I2C_Mem_Read_DMA), (248 bytes).
    Removing stm32f0xx_hal_i2c.o(i.HAL_I2C_Mem_Read_IT), (188 bytes).
    Removing stm32f0xx_hal_i2c.o(i.HAL_I2C_Mem_Write), (340 bytes).
    Removing stm32f0xx_hal_i2c.o(i.HAL_I2C_Mem_Write_DMA), (244 bytes).
    Removing stm32f0xx_hal_i2c.o(i.HAL_I2C_Mem_Write_IT), (184 bytes).
    Removing stm32f0xx_hal_i2c.o(i.HAL_I2C_MspDeInit), (2 bytes).
    Removing stm32f0xx_hal_i2c.o(i.HAL_I2C_MspInit), (2 bytes).
    Removing stm32f0xx_hal_i2c.o(i.HAL_I2C_SlaveRxCpltCallback), (2 bytes).
    Removing stm32f0xx_hal_i2c.o(i.HAL_I2C_SlaveTxCpltCallback), (2 bytes).
    Removing stm32f0xx_hal_i2c.o(i.HAL_I2C_Slave_Receive), (292 bytes).
    Removing stm32f0xx_hal_i2c.o(i.HAL_I2C_Slave_Receive_DMA), (156 bytes).
    Removing stm32f0xx_hal_i2c.o(i.HAL_I2C_Slave_Receive_IT), (88 bytes).
    Removing stm32f0xx_hal_i2c.o(i.HAL_I2C_Slave_Sequential_Receive_IT), (144 bytes).
    Removing stm32f0xx_hal_i2c.o(i.HAL_I2C_Slave_Sequential_Transmit_IT), (144 bytes).
    Removing stm32f0xx_hal_i2c.o(i.HAL_I2C_Slave_Transmit), (300 bytes).
    Removing stm32f0xx_hal_i2c.o(i.HAL_I2C_Slave_Transmit_DMA), (156 bytes).
    Removing stm32f0xx_hal_i2c.o(i.HAL_I2C_Slave_Transmit_IT), (88 bytes).
    Removing stm32f0xx_hal_i2c.o(i.I2C_DMAAbort), (52 bytes).
    Removing stm32f0xx_hal_i2c.o(i.I2C_DMAError), (24 bytes).
    Removing stm32f0xx_hal_i2c.o(i.I2C_DMAMasterReceiveCplt), (68 bytes).
    Removing stm32f0xx_hal_i2c.o(i.I2C_DMAMasterTransmitCplt), (68 bytes).
    Removing stm32f0xx_hal_i2c.o(i.I2C_DMASlaveReceiveCplt), (2 bytes).
    Removing stm32f0xx_hal_i2c.o(i.I2C_DMASlaveTransmitCplt), (2 bytes).
    Removing stm32f0xx_hal_i2c.o(i.I2C_Disable_IRQ), (86 bytes).
    Removing stm32f0xx_hal_i2c.o(i.I2C_Enable_IRQ), (100 bytes).
    Removing stm32f0xx_hal_i2c.o(i.I2C_Flush_TXDR), (34 bytes).
    Removing stm32f0xx_hal_i2c.o(i.I2C_ITAddrCplt), (122 bytes).
    Removing stm32f0xx_hal_i2c.o(i.I2C_ITError), (204 bytes).
    Removing stm32f0xx_hal_i2c.o(i.I2C_ITListenCplt), (96 bytes).
    Removing stm32f0xx_hal_i2c.o(i.I2C_ITMasterCplt), (160 bytes).
    Removing stm32f0xx_hal_i2c.o(i.I2C_ITMasterSequentialCplt), (70 bytes).
    Removing stm32f0xx_hal_i2c.o(i.I2C_ITSlaveCplt), (232 bytes).
    Removing stm32f0xx_hal_i2c.o(i.I2C_ITSlaveSequentialCplt), (74 bytes).
    Removing stm32f0xx_hal_i2c.o(i.I2C_IsAcknowledgeFailed), (116 bytes).
    Removing stm32f0xx_hal_i2c.o(i.I2C_Master_ISR_DMA), (194 bytes).
    Removing stm32f0xx_hal_i2c.o(i.I2C_Master_ISR_IT), (296 bytes).
    Removing stm32f0xx_hal_i2c.o(i.I2C_RequestMemoryRead), (106 bytes).
    Removing stm32f0xx_hal_i2c.o(i.I2C_RequestMemoryWrite), (106 bytes).
    Removing stm32f0xx_hal_i2c.o(i.I2C_Slave_ISR_DMA), (104 bytes).
    Removing stm32f0xx_hal_i2c.o(i.I2C_Slave_ISR_IT), (280 bytes).
    Removing stm32f0xx_hal_i2c.o(i.I2C_TransferConfig), (36 bytes).
    Removing stm32f0xx_hal_i2c.o(i.I2C_WaitOnFlagUntilTimeout), (72 bytes).
    Removing stm32f0xx_hal_i2c.o(i.I2C_WaitOnRXNEFlagUntilTimeout), (120 bytes).
    Removing stm32f0xx_hal_i2c.o(i.I2C_WaitOnSTOPFlagUntilTimeout), (78 bytes).
    Removing stm32f0xx_hal_i2c.o(i.I2C_WaitOnTXISFlagUntilTimeout), (82 bytes).
    Removing stm32f0xx_hal_tim_ex.o(.rev16_text), (4 bytes).
    Removing stm32f0xx_hal_tim_ex.o(.revsh_text), (4 bytes).
    Removing stm32f0xx_hal_uart_ex.o(.rev16_text), (4 bytes).
    Removing stm32f0xx_hal_uart_ex.o(.revsh_text), (4 bytes).
    Removing stm32f0xx_hal_uart_ex.o(i.HAL_MultiProcessorEx_AddressLength_Set), (54 bytes).
    Removing stm32f0xx_hal_uart_ex.o(i.HAL_RS485Ex_Init), (144 bytes).
    Removing stm32f0xx_hal_rcc.o(.rev16_text), (4 bytes).
    Removing stm32f0xx_hal_rcc.o(.revsh_text), (4 bytes).
    Removing stm32f0xx_hal_rcc.o(i.HAL_RCC_CSSCallback), (2 bytes).
    Removing stm32f0xx_hal_rcc.o(i.HAL_RCC_DeInit), (76 bytes).
    Removing stm32f0xx_hal_rcc.o(i.HAL_RCC_DisableCSS), (20 bytes).
    Removing stm32f0xx_hal_rcc.o(i.HAL_RCC_EnableCSS), (20 bytes).
    Removing stm32f0xx_hal_rcc.o(i.HAL_RCC_GetClockConfig), (56 bytes).
    Removing stm32f0xx_hal_rcc.o(i.HAL_RCC_GetOscConfig), (156 bytes).
    Removing stm32f0xx_hal_rcc.o(i.HAL_RCC_MCOConfig), (80 bytes).
    Removing stm32f0xx_hal_rcc.o(i.HAL_RCC_NMI_IRQHandler), (24 bytes).
    Removing stm32f0xx_hal_i2c_ex.o(.rev16_text), (4 bytes).
    Removing stm32f0xx_hal_i2c_ex.o(.revsh_text), (4 bytes).
    Removing stm32f0xx_hal_i2c_ex.o(i.HAL_I2CEx_ConfigAnalogFilter), (74 bytes).
    Removing stm32f0xx_hal_i2c_ex.o(i.HAL_I2CEx_ConfigDigitalFilter), (72 bytes).
    Removing stm32f0xx_hal_i2c_ex.o(i.HAL_I2CEx_DisableFastModePlus), (36 bytes).
    Removing stm32f0xx_hal_i2c_ex.o(i.HAL_I2CEx_EnableFastModePlus), (36 bytes).
    Removing stm32f0xx_hal_flash.o(.rev16_text), (4 bytes).
    Removing stm32f0xx_hal_flash.o(.revsh_text), (4 bytes).
    Removing stm32f0xx_hal_flash.o(i.FLASH_Program_HalfWord), (32 bytes).
    Removing stm32f0xx_hal_flash.o(i.FLASH_SetErrorCode), (56 bytes).
    Removing stm32f0xx_hal_flash.o(i.FLASH_WaitForLastOperation), (80 bytes).
    Removing stm32f0xx_hal_flash.o(i.HAL_FLASH_EndOfOperationCallback), (2 bytes).
    Removing stm32f0xx_hal_flash.o(i.HAL_FLASH_GetError), (12 bytes).
    Removing stm32f0xx_hal_flash.o(i.HAL_FLASH_IRQHandler), (268 bytes).
    Removing stm32f0xx_hal_flash.o(i.HAL_FLASH_Lock), (20 bytes).
    Removing stm32f0xx_hal_flash.o(i.HAL_FLASH_OB_Launch), (32 bytes).
    Removing stm32f0xx_hal_flash.o(i.HAL_FLASH_OB_Lock), (20 bytes).
    Removing stm32f0xx_hal_flash.o(i.HAL_FLASH_OB_Unlock), (36 bytes).
    Removing stm32f0xx_hal_flash.o(i.HAL_FLASH_OperationErrorCallback), (2 bytes).
    Removing stm32f0xx_hal_flash.o(i.HAL_FLASH_Program), (124 bytes).
    Removing stm32f0xx_hal_flash.o(i.HAL_FLASH_Program_IT), (100 bytes).
    Removing stm32f0xx_hal_flash.o(i.HAL_FLASH_Unlock), (36 bytes).
    Removing stm32f0xx_hal_flash.o(.bss), (32 bytes).
    Removing stm32f0xx_hal_tim.o(.rev16_text), (4 bytes).
    Removing stm32f0xx_hal_tim.o(.revsh_text), (4 bytes).
    Removing stm32f0xx_hal.o(.rev16_text), (4 bytes).
    Removing stm32f0xx_hal.o(.revsh_text), (4 bytes).
    Removing stm32f0xx_hal.o(i.HAL_DBGMCU_DisableDBGStandbyMode), (16 bytes).
    Removing stm32f0xx_hal.o(i.HAL_DBGMCU_DisableDBGStopMode), (16 bytes).
    Removing stm32f0xx_hal.o(i.HAL_DBGMCU_EnableDBGStandbyMode), (16 bytes).
    Removing stm32f0xx_hal.o(i.HAL_DBGMCU_EnableDBGStopMode), (16 bytes).
    Removing stm32f0xx_hal.o(i.HAL_DeInit), (36 bytes).
    Removing stm32f0xx_hal.o(i.HAL_Delay), (28 bytes).
    Removing stm32f0xx_hal.o(i.HAL_GetDEVID), (16 bytes).
    Removing stm32f0xx_hal.o(i.HAL_GetHalVersion), (8 bytes).
    Removing stm32f0xx_hal.o(i.HAL_GetREVID), (12 bytes).
    Removing stm32f0xx_hal.o(i.HAL_GetUIDw0), (12 bytes).
    Removing stm32f0xx_hal.o(i.HAL_GetUIDw1), (12 bytes).
    Removing stm32f0xx_hal.o(i.HAL_GetUIDw2), (12 bytes).
    Removing stm32f0xx_hal.o(i.HAL_MspDeInit), (2 bytes).
    Removing stm32f0xx_hal.o(i.HAL_MspInit), (2 bytes).
    Removing stm32f0xx_hal.o(i.HAL_ResumeTick), (16 bytes).
    Removing stm32f0xx_hal.o(i.HAL_SuspendTick), (16 bytes).
    Removing stm32f0xx_hal_pwr.o(.rev16_text), (4 bytes).
    Removing stm32f0xx_hal_pwr.o(.revsh_text), (4 bytes).
    Removing stm32f0xx_hal_pwr.o(i.HAL_PWR_DeInit), (24 bytes).
    Removing stm32f0xx_hal_pwr.o(i.HAL_PWR_DisableBkUpAccess), (16 bytes).
    Removing stm32f0xx_hal_pwr.o(i.HAL_PWR_DisableSEVOnPend), (16 bytes).
    Removing stm32f0xx_hal_pwr.o(i.HAL_PWR_DisableSleepOnExit), (16 bytes).
    Removing stm32f0xx_hal_pwr.o(i.HAL_PWR_DisableWakeUpPin), (16 bytes).
    Removing stm32f0xx_hal_pwr.o(i.HAL_PWR_EnableBkUpAccess), (16 bytes).
    Removing stm32f0xx_hal_pwr.o(i.HAL_PWR_EnableSEVOnPend), (16 bytes).
    Removing stm32f0xx_hal_pwr.o(i.HAL_PWR_EnableSleepOnExit), (16 bytes).
    Removing stm32f0xx_hal_pwr.o(i.HAL_PWR_EnableWakeUpPin), (16 bytes).
    Removing stm32f0xx_hal_pwr.o(i.HAL_PWR_EnterSLEEPMode), (32 bytes).
    Removing stm32f0xx_hal_pwr.o(i.HAL_PWR_EnterSTANDBYMode), (32 bytes).
    Removing stm32f0xx_hal_pwr.o(i.HAL_PWR_EnterSTOPMode), (52 bytes).
    Removing stm32f0xx_hal_flash_ex.o(.rev16_text), (4 bytes).
    Removing stm32f0xx_hal_flash_ex.o(.revsh_text), (4 bytes).
    Removing stm32f0xx_hal_flash_ex.o(i.FLASH_MassErase), (36 bytes).
    Removing stm32f0xx_hal_flash_ex.o(i.FLASH_OB_GetRDP), (32 bytes).
    Removing stm32f0xx_hal_flash_ex.o(i.FLASH_OB_RDP_LevelConfig), (96 bytes).
    Removing stm32f0xx_hal_flash_ex.o(i.FLASH_PageErase), (36 bytes).
    Removing stm32f0xx_hal_flash_ex.o(i.HAL_FLASHEx_Erase), (160 bytes).
    Removing stm32f0xx_hal_flash_ex.o(i.HAL_FLASHEx_Erase_IT), (88 bytes).
    Removing stm32f0xx_hal_flash_ex.o(i.HAL_FLASHEx_OBErase), (80 bytes).
    Removing stm32f0xx_hal_flash_ex.o(i.HAL_FLASHEx_OBGetConfig), (36 bytes).
    Removing stm32f0xx_hal_flash_ex.o(i.HAL_FLASHEx_OBGetUserData), (28 bytes).
    Removing stm32f0xx_hal_flash_ex.o(i.HAL_FLASHEx_OBProgram), (328 bytes).
    Removing stm32f0xx_hal_rcc_ex.o(.rev16_text), (4 bytes).
    Removing stm32f0xx_hal_rcc_ex.o(.revsh_text), (4 bytes).
    Removing stm32f0xx_hal_rcc_ex.o(i.HAL_RCCEx_GetPeriphCLKConfig), (44 bytes).
    Removing stm32f0xx_hal_rcc_ex.o(i.HAL_RCCEx_GetPeriphCLKFreq), (156 bytes).
    Removing stm32f0xx_hal_cortex.o(.rev16_text), (4 bytes).
    Removing stm32f0xx_hal_cortex.o(.revsh_text), (4 bytes).
    Removing stm32f0xx_hal_cortex.o(i.HAL_NVIC_ClearPendingIRQ), (20 bytes).
    Removing stm32f0xx_hal_cortex.o(i.HAL_NVIC_DisableIRQ), (20 bytes).
    Removing stm32f0xx_hal_cortex.o(i.HAL_NVIC_GetPendingIRQ), (28 bytes).
    Removing stm32f0xx_hal_cortex.o(i.HAL_NVIC_GetPriority), (52 bytes).
    Removing stm32f0xx_hal_cortex.o(i.HAL_NVIC_SetPendingIRQ), (20 bytes).
    Removing stm32f0xx_hal_cortex.o(i.HAL_NVIC_SystemReset), (28 bytes).
    Removing stm32f0xx_hal_adc_ex.o(.rev16_text), (4 bytes).
    Removing stm32f0xx_hal_adc_ex.o(.revsh_text), (4 bytes).
    Removing stm32f0xx_hal_pwr_ex.o(.rev16_text), (4 bytes).
    Removing stm32f0xx_hal_pwr_ex.o(.revsh_text), (4 bytes).
    Removing stm32f0xx_hal_gpio.o(.rev16_text), (4 bytes).
    Removing stm32f0xx_hal_gpio.o(.revsh_text), (4 bytes).
    Removing stm32f0xx_hal_gpio.o(i.HAL_GPIO_DeInit), (212 bytes).
    Removing stm32f0xx_hal_gpio.o(i.HAL_GPIO_EXTI_Callback), (2 bytes).
    Removing stm32f0xx_hal_gpio.o(i.HAL_GPIO_EXTI_IRQHandler), (24 bytes).
    Removing stm32f0xx_hal_gpio.o(i.HAL_GPIO_LockPin), (36 bytes).
    Removing stm32f0xx_hal_gpio.o(i.HAL_GPIO_TogglePin), (8 bytes).
    Removing app_main.o(.rev16_text), (4 bytes).
    Removing app_main.o(.revsh_text), (4 bytes).
    Removing app_main.o(.data), (1 bytes).
    Removing bt_mode.o(.rev16_text), (4 bytes).
    Removing bt_mode.o(.revsh_text), (4 bytes).
    Removing h_adc.o(.rev16_text), (4 bytes).
    Removing h_adc.o(.revsh_text), (4 bytes).
    Removing h_adc.o(.bss), (108 bytes).
    Removing h_adc.o(.bss), (108 bytes).
    Removing h_adc.o(.bss), (108 bytes).
    Removing h_adc.o(.bss), (108 bytes).
    Removing h_adc.o(.bss), (108 bytes).
    Removing h_adc.o(.bss), (108 bytes).
    Removing h_adc.o(.bss), (108 bytes).
    Removing h_adc.o(.bss), (12 bytes).
    Removing h_adc.o(.data), (1 bytes).
    Removing h_adc.o(.data), (2 bytes).
    Removing h_adc.o(.data), (2 bytes).
    Removing h_adc.o(.data), (1 bytes).
    Removing h_adc.o(.data), (1 bytes).
    Removing io_iic.o(.rev16_text), (4 bytes).
    Removing io_iic.o(.revsh_text), (4 bytes).
    Removing key.o(.rev16_text), (4 bytes).
    Removing key.o(.revsh_text), (4 bytes).
    Removing rgb.o(.rev16_text), (4 bytes).
    Removing rgb.o(.revsh_text), (4 bytes).
    Removing rgb.o(.data), (1 bytes).
    Removing rgb.o(.data), (1 bytes).
    Removing big_fire.o(.rev16_text), (4 bytes).
    Removing big_fire.o(.revsh_text), (4 bytes).
    Removing small_fire.o(.rev16_text), (4 bytes).
    Removing small_fire.o(.revsh_text), (4 bytes).
    Removing small_fire.o(i.h_Small_Fire_Mode), (92 bytes).
    Removing small_fire.o(.data), (2 bytes).
    Removing music_fire.o(.rev16_text), (4 bytes).
    Removing music_fire.o(.revsh_text), (4 bytes).
    Removing music_fire.o(.constdata), (7200 bytes).
    Removing s_big_fire.o(.rev16_text), (4 bytes).
    Removing s_big_fire.o(.revsh_text), (4 bytes).
    Removing s_big_fire.o(i.Big_Fire_Mode), (96 bytes).
    Removing s_big_fire.o(.constdata), (1440 bytes).
    Removing s_big_fire.o(.data), (3 bytes).
    Removing s_follow_wind_fire.o(.rev16_text), (4 bytes).
    Removing s_follow_wind_fire.o(.revsh_text), (4 bytes).
    Removing s_small_fire.o(.rev16_text), (4 bytes).
    Removing s_small_fire.o(.revsh_text), (4 bytes).
    Removing sn3731.o(.rev16_text), (4 bytes).
    Removing sn3731.o(.revsh_text), (4 bytes).
    Removing main.o(.rev16_text), (4 bytes).
    Removing main.o(.revsh_text), (4 bytes).
    Removing stm32f0xx_it.o(.rev16_text), (4 bytes).
    Removing stm32f0xx_it.o(.revsh_text), (4 bytes).
    Removing stm32f0xx_hal_msp.o(.rev16_text), (4 bytes).
    Removing stm32f0xx_hal_msp.o(.revsh_text), (4 bytes).
    Removing stm32f0xx_hal_msp.o(i.HAL_ADC_MspDeInit), (48 bytes).
    Removing stm32f0xx_hal_msp.o(i.HAL_UART_MspDeInit), (48 bytes).
    Removing system_stm32f0xx.o(.rev16_text), (4 bytes).
    Removing system_stm32f0xx.o(.revsh_text), (4 bytes).
    Removing system_stm32f0xx.o(i.SystemCoreClockUpdate), (108 bytes).
    Removing stm32f0xx_hal_dma.o(i.__ARM_common_switch8), (26 bytes).

312 unused section(s) (total 26943 bytes) removed from the image.

==============================================================================

Image Symbol Table

    Local Symbols

    Symbol Name                              Value     Ov Type        Size  Object(Section)

    ..//Src/system_stm32f0xx.c               0x00000000   Number         0  system_stm32f0xx.o ABSOLUTE
    ../Drivers/STM32F0xx_HAL_Driver/Src/stm32f0xx_hal.c 0x00000000   Number         0  stm32f0xx_hal.o ABSOLUTE
    ../Drivers/STM32F0xx_HAL_Driver/Src/stm32f0xx_hal_adc.c 0x00000000   Number         0  stm32f0xx_hal_adc.o ABSOLUTE
    ../Drivers/STM32F0xx_HAL_Driver/Src/stm32f0xx_hal_adc_ex.c 0x00000000   Number         0  stm32f0xx_hal_adc_ex.o ABSOLUTE
    ../Drivers/STM32F0xx_HAL_Driver/Src/stm32f0xx_hal_cortex.c 0x00000000   Number         0  stm32f0xx_hal_cortex.o ABSOLUTE
    ../Drivers/STM32F0xx_HAL_Driver/Src/stm32f0xx_hal_dma.c 0x00000000   Number         0  stm32f0xx_hal_dma.o ABSOLUTE
    ../Drivers/STM32F0xx_HAL_Driver/Src/stm32f0xx_hal_flash.c 0x00000000   Number         0  stm32f0xx_hal_flash.o ABSOLUTE
    ../Drivers/STM32F0xx_HAL_Driver/Src/stm32f0xx_hal_flash_ex.c 0x00000000   Number         0  stm32f0xx_hal_flash_ex.o ABSOLUTE
    ../Drivers/STM32F0xx_HAL_Driver/Src/stm32f0xx_hal_gpio.c 0x00000000   Number         0  stm32f0xx_hal_gpio.o ABSOLUTE
    ../Drivers/STM32F0xx_HAL_Driver/Src/stm32f0xx_hal_i2c.c 0x00000000   Number         0  stm32f0xx_hal_i2c.o ABSOLUTE
    ../Drivers/STM32F0xx_HAL_Driver/Src/stm32f0xx_hal_i2c_ex.c 0x00000000   Number         0  stm32f0xx_hal_i2c_ex.o ABSOLUTE
    ../Drivers/STM32F0xx_HAL_Driver/Src/stm32f0xx_hal_pwr.c 0x00000000   Number         0  stm32f0xx_hal_pwr.o ABSOLUTE
    ../Drivers/STM32F0xx_HAL_Driver/Src/stm32f0xx_hal_pwr_ex.c 0x00000000   Number         0  stm32f0xx_hal_pwr_ex.o ABSOLUTE
    ../Drivers/STM32F0xx_HAL_Driver/Src/stm32f0xx_hal_rcc.c 0x00000000   Number         0  stm32f0xx_hal_rcc.o ABSOLUTE
    ../Drivers/STM32F0xx_HAL_Driver/Src/stm32f0xx_hal_rcc_ex.c 0x00000000   Number         0  stm32f0xx_hal_rcc_ex.o ABSOLUTE
    ../Drivers/STM32F0xx_HAL_Driver/Src/stm32f0xx_hal_tim.c 0x00000000   Number         0  stm32f0xx_hal_tim.o ABSOLUTE
    ../Drivers/STM32F0xx_HAL_Driver/Src/stm32f0xx_hal_tim_ex.c 0x00000000   Number         0  stm32f0xx_hal_tim_ex.o ABSOLUTE
    ../Drivers/STM32F0xx_HAL_Driver/Src/stm32f0xx_hal_uart.c 0x00000000   Number         0  stm32f0xx_hal_uart.o ABSOLUTE
    ../Drivers/STM32F0xx_HAL_Driver/Src/stm32f0xx_hal_uart_ex.c 0x00000000   Number         0  stm32f0xx_hal_uart_ex.o ABSOLUTE
    ../Src/main.c                            0x00000000   Number         0  main.o ABSOLUTE
    ../Src/stm32f0xx_hal_msp.c               0x00000000   Number         0  stm32f0xx_hal_msp.o ABSOLUTE
    ../Src/stm32f0xx_it.c                    0x00000000   Number         0  stm32f0xx_it.o ABSOLUTE
    ../clib/microlib/division.c              0x00000000   Number         0  idiv.o ABSOLUTE
    ../clib/microlib/division.c              0x00000000   Number         0  uidiv.o ABSOLUTE
    ../clib/microlib/init/entry.s            0x00000000   Number         0  entry8b.o ABSOLUTE
    ../clib/microlib/init/entry.s            0x00000000   Number         0  entry8a.o ABSOLUTE
    ../clib/microlib/init/entry.s            0x00000000   Number         0  entry7b.o ABSOLUTE
    ../clib/microlib/init/entry.s            0x00000000   Number         0  entry7a.o ABSOLUTE
    ../clib/microlib/init/entry.s            0x00000000   Number         0  entry2.o ABSOLUTE
    ../clib/microlib/init/entry.s            0x00000000   Number         0  entry.o ABSOLUTE
    ../clib/microlib/init/entry.s            0x00000000   Number         0  entry11b.o ABSOLUTE
    ../clib/microlib/init/entry.s            0x00000000   Number         0  entry5.o ABSOLUTE
    ../clib/microlib/init/entry.s            0x00000000   Number         0  entry9b.o ABSOLUTE
    ../clib/microlib/init/entry.s            0x00000000   Number         0  entry9a.o ABSOLUTE
    ../clib/microlib/init/entry.s            0x00000000   Number         0  entry10a.o ABSOLUTE
    ../clib/microlib/init/entry.s            0x00000000   Number         0  entry10b.o ABSOLUTE
    ../clib/microlib/init/entry.s            0x00000000   Number         0  entry11a.o ABSOLUTE
    ../clib/microlib/longlong.c              0x00000000   Number         0  llushr.o ABSOLUTE
    ../clib/microlib/string/memset.c         0x00000000   Number         0  memseta.o ABSOLUTE
    ..\App\IO_IIC.c                          0x00000000   Number         0  io_iic.o ABSOLUTE
    ..\App\Key.c                             0x00000000   Number         0  key.o ABSOLUTE
    ..\App\SN3731.c                          0x00000000   Number         0  sn3731.o ABSOLUTE
    ..\App\app_main.c                        0x00000000   Number         0  app_main.o ABSOLUTE
    ..\App\big_fire.c                        0x00000000   Number         0  big_fire.o ABSOLUTE
    ..\App\bt_mode.c                         0x00000000   Number         0  bt_mode.o ABSOLUTE
    ..\App\h_adc.c                           0x00000000   Number         0  h_adc.o ABSOLUTE
    ..\App\music_fire.c                      0x00000000   Number         0  music_fire.o ABSOLUTE
    ..\App\rgb.c                             0x00000000   Number         0  rgb.o ABSOLUTE
    ..\App\s_big_fire.c                      0x00000000   Number         0  s_big_fire.o ABSOLUTE
    ..\App\s_follow_wind_fire.c              0x00000000   Number         0  s_follow_wind_fire.o ABSOLUTE
    ..\App\s_small_fire.c                    0x00000000   Number         0  s_small_fire.o ABSOLUTE
    ..\App\small_fire.c                      0x00000000   Number         0  small_fire.o ABSOLUTE
    ..\Drivers\STM32F0xx_HAL_Driver\Src\stm32f0xx_hal.c 0x00000000   Number         0  stm32f0xx_hal.o ABSOLUTE
    ..\Drivers\STM32F0xx_HAL_Driver\Src\stm32f0xx_hal_adc.c 0x00000000   Number         0  stm32f0xx_hal_adc.o ABSOLUTE
    ..\Drivers\STM32F0xx_HAL_Driver\Src\stm32f0xx_hal_adc_ex.c 0x00000000   Number         0  stm32f0xx_hal_adc_ex.o ABSOLUTE
    ..\Drivers\STM32F0xx_HAL_Driver\Src\stm32f0xx_hal_cortex.c 0x00000000   Number         0  stm32f0xx_hal_cortex.o ABSOLUTE
    ..\Drivers\STM32F0xx_HAL_Driver\Src\stm32f0xx_hal_dma.c 0x00000000   Number         0  stm32f0xx_hal_dma.o ABSOLUTE
    ..\Drivers\STM32F0xx_HAL_Driver\Src\stm32f0xx_hal_flash.c 0x00000000   Number         0  stm32f0xx_hal_flash.o ABSOLUTE
    ..\Drivers\STM32F0xx_HAL_Driver\Src\stm32f0xx_hal_flash_ex.c 0x00000000   Number         0  stm32f0xx_hal_flash_ex.o ABSOLUTE
    ..\Drivers\STM32F0xx_HAL_Driver\Src\stm32f0xx_hal_gpio.c 0x00000000   Number         0  stm32f0xx_hal_gpio.o ABSOLUTE
    ..\Drivers\STM32F0xx_HAL_Driver\Src\stm32f0xx_hal_i2c.c 0x00000000   Number         0  stm32f0xx_hal_i2c.o ABSOLUTE
    ..\Drivers\STM32F0xx_HAL_Driver\Src\stm32f0xx_hal_i2c_ex.c 0x00000000   Number         0  stm32f0xx_hal_i2c_ex.o ABSOLUTE
    ..\Drivers\STM32F0xx_HAL_Driver\Src\stm32f0xx_hal_pwr.c 0x00000000   Number         0  stm32f0xx_hal_pwr.o ABSOLUTE
    ..\Drivers\STM32F0xx_HAL_Driver\Src\stm32f0xx_hal_pwr_ex.c 0x00000000   Number         0  stm32f0xx_hal_pwr_ex.o ABSOLUTE
    ..\Drivers\STM32F0xx_HAL_Driver\Src\stm32f0xx_hal_rcc.c 0x00000000   Number         0  stm32f0xx_hal_rcc.o ABSOLUTE
    ..\Drivers\STM32F0xx_HAL_Driver\Src\stm32f0xx_hal_rcc_ex.c 0x00000000   Number         0  stm32f0xx_hal_rcc_ex.o ABSOLUTE
    ..\Drivers\STM32F0xx_HAL_Driver\Src\stm32f0xx_hal_tim.c 0x00000000   Number         0  stm32f0xx_hal_tim.o ABSOLUTE
    ..\Drivers\STM32F0xx_HAL_Driver\Src\stm32f0xx_hal_tim_ex.c 0x00000000   Number         0  stm32f0xx_hal_tim_ex.o ABSOLUTE
    ..\Drivers\STM32F0xx_HAL_Driver\Src\stm32f0xx_hal_uart.c 0x00000000   Number         0  stm32f0xx_hal_uart.o ABSOLUTE
    ..\Drivers\STM32F0xx_HAL_Driver\Src\stm32f0xx_hal_uart_ex.c 0x00000000   Number         0  stm32f0xx_hal_uart_ex.o ABSOLUTE
    ..\Src\main.c                            0x00000000   Number         0  main.o ABSOLUTE
    ..\Src\stm32f0xx_hal_msp.c               0x00000000   Number         0  stm32f0xx_hal_msp.o ABSOLUTE
    ..\Src\stm32f0xx_it.c                    0x00000000   Number         0  stm32f0xx_it.o ABSOLUTE
    ..\\App\\IO_IIC.c                        0x00000000   Number         0  io_iic.o ABSOLUTE
    ..\\App\\Key.c                           0x00000000   Number         0  key.o ABSOLUTE
    ..\\App\\SN3731.c                        0x00000000   Number         0  sn3731.o ABSOLUTE
    ..\\App\\app_main.c                      0x00000000   Number         0  app_main.o ABSOLUTE
    ..\\App\\big_fire.c                      0x00000000   Number         0  big_fire.o ABSOLUTE
    ..\\App\\bt_mode.c                       0x00000000   Number         0  bt_mode.o ABSOLUTE
    ..\\App\\h_adc.c                         0x00000000   Number         0  h_adc.o ABSOLUTE
    ..\\App\\music_fire.c                    0x00000000   Number         0  music_fire.o ABSOLUTE
    ..\\App\\rgb.c                           0x00000000   Number         0  rgb.o ABSOLUTE
    ..\\App\\s_big_fire.c                    0x00000000   Number         0  s_big_fire.o ABSOLUTE
    ..\\App\\s_follow_wind_fire.c            0x00000000   Number         0  s_follow_wind_fire.o ABSOLUTE
    ..\\App\\s_small_fire.c                  0x00000000   Number         0  s_small_fire.o ABSOLUTE
    ..\\App\\small_fire.c                    0x00000000   Number         0  small_fire.o ABSOLUTE
    ..\\Src\system_stm32f0xx.c               0x00000000   Number         0  system_stm32f0xx.o ABSOLUTE
    dc.s                                     0x00000000   Number         0  dc.o ABSOLUTE
    handlers.s                               0x00000000   Number         0  handlers.o ABSOLUTE
    init.s                                   0x00000000   Number         0  init.o ABSOLUTE
    startup_stm32f030x6.s                    0x00000000   Number         0  startup_stm32f030x6.o ABSOLUTE
    RESET                                    0x08000000   Section      176  startup_stm32f030x6.o(RESET)
    .ARM.Collect$$$$00000000                 0x080000b0   Section        0  entry.o(.ARM.Collect$$$$00000000)
    .ARM.Collect$$$$00000001                 0x080000b0   Section        4  entry2.o(.ARM.Collect$$$$00000001)
    .ARM.Collect$$$$00000004                 0x080000b4   Section        4  entry5.o(.ARM.Collect$$$$00000004)
    .ARM.Collect$$$$00000008                 0x080000b8   Section        0  entry7b.o(.ARM.Collect$$$$00000008)
    .ARM.Collect$$$$0000000A                 0x080000b8   Section        0  entry8b.o(.ARM.Collect$$$$0000000A)
    .ARM.Collect$$$$0000000B                 0x080000b8   Section        8  entry9a.o(.ARM.Collect$$$$0000000B)
    .ARM.Collect$$$$0000000D                 0x080000c0   Section        0  entry10a.o(.ARM.Collect$$$$0000000D)
    .ARM.Collect$$$$0000000F                 0x080000c0   Section        0  entry11a.o(.ARM.Collect$$$$0000000F)
    .ARM.Collect$$$$00002712                 0x080000c0   Section        4  entry2.o(.ARM.Collect$$$$00002712)
    __lit__00000000                          0x080000c0   Data           4  entry2.o(.ARM.Collect$$$$00002712)
    .text                                    0x080000c4   Section       28  startup_stm32f030x6.o(.text)
    .text                                    0x080000e0   Section        0  uidiv.o(.text)
    .text                                    0x0800010c   Section        0  idiv.o(.text)
    .text                                    0x08000134   Section        0  memseta.o(.text)
    .text                                    0x08000158   Section       36  init.o(.text)
    i.ADC_ConversionStop                     0x0800017c   Section        0  stm32f0xx_hal_adc.o(i.ADC_ConversionStop)
    ADC_ConversionStop                       0x0800017d   Thumb Code    82  stm32f0xx_hal_adc.o(i.ADC_ConversionStop)
    i.ADC_DMAConvCplt                        0x080001ce   Section        0  stm32f0xx_hal_adc.o(i.ADC_DMAConvCplt)
    ADC_DMAConvCplt                          0x080001cf   Thumb Code   108  stm32f0xx_hal_adc.o(i.ADC_DMAConvCplt)
    i.ADC_DMAError                           0x0800023a   Section        0  stm32f0xx_hal_adc.o(i.ADC_DMAError)
    ADC_DMAError                             0x0800023b   Thumb Code    26  stm32f0xx_hal_adc.o(i.ADC_DMAError)
    i.ADC_DMAHalfConvCplt                    0x08000254   Section        0  stm32f0xx_hal_adc.o(i.ADC_DMAHalfConvCplt)
    ADC_DMAHalfConvCplt                      0x08000255   Thumb Code    10  stm32f0xx_hal_adc.o(i.ADC_DMAHalfConvCplt)
    i.ADC_Disable                            0x0800025e   Section        0  stm32f0xx_hal_adc.o(i.ADC_Disable)
    ADC_Disable                              0x0800025f   Thumb Code   102  stm32f0xx_hal_adc.o(i.ADC_Disable)
    i.ADC_Enable                             0x080002c4   Section        0  stm32f0xx_hal_adc.o(i.ADC_Enable)
    ADC_Enable                               0x080002c5   Thumb Code   120  stm32f0xx_hal_adc.o(i.ADC_Enable)
    i.ADC_GetBuffer                          0x08000348   Section        0  h_adc.o(i.ADC_GetBuffer)
    i.Audio_Average                          0x080003c8   Section        0  h_adc.o(i.Audio_Average)
    i.BlueMode_Handle                        0x0800041e   Section        0  bt_mode.o(i.BlueMode_Handle)
    i.BlueMode_Receive                       0x08000428   Section        0  bt_mode.o(i.BlueMode_Receive)
    i.DMA1_Channel1_IRQHandler               0x08000500   Section        0  stm32f0xx_it.o(i.DMA1_Channel1_IRQHandler)
    i.DMA_CalcBaseAndBitshift                0x08000518   Section        0  stm32f0xx_hal_dma.o(i.DMA_CalcBaseAndBitshift)
    DMA_CalcBaseAndBitshift                  0x08000519   Thumb Code    26  stm32f0xx_hal_dma.o(i.DMA_CalcBaseAndBitshift)
    i.DMA_SetConfig                          0x0800053c   Section        0  stm32f0xx_hal_dma.o(i.DMA_SetConfig)
    DMA_SetConfig                            0x0800053d   Thumb Code    40  stm32f0xx_hal_dma.o(i.DMA_SetConfig)
    i.Delay_1us                              0x08000564   Section        0  io_iic.o(i.Delay_1us)
    i.FireMode_Handle                        0x08000570   Section        0  rgb.o(i.FireMode_Handle)
    i.Follow_Wind_Fire_Mode                  0x080005c8   Section        0  s_follow_wind_fire.o(i.Follow_Wind_Fire_Mode)
    i.GetKeyValue                            0x08000628   Section        0  key.o(i.GetKeyValue)
    i.HAL_ADCEx_Calibration_Start            0x08000644   Section        0  stm32f0xx_hal_adc_ex.o(i.HAL_ADCEx_Calibration_Start)
    i.HAL_ADC_ConfigChannel                  0x080006f4   Section        0  stm32f0xx_hal_adc.o(i.HAL_ADC_ConfigChannel)
    i.HAL_ADC_ConvCpltCallback               0x08000804   Section        0  stm32f0xx_hal_adc.o(i.HAL_ADC_ConvCpltCallback)
    i.HAL_ADC_ConvHalfCpltCallback           0x08000806   Section        0  stm32f0xx_hal_adc.o(i.HAL_ADC_ConvHalfCpltCallback)
    i.HAL_ADC_ErrorCallback                  0x08000808   Section        0  stm32f0xx_hal_adc.o(i.HAL_ADC_ErrorCallback)
    i.HAL_ADC_Init                           0x0800080c   Section        0  stm32f0xx_hal_adc.o(i.HAL_ADC_Init)
    i.HAL_ADC_MspInit                        0x08000980   Section        0  stm32f0xx_hal_msp.o(i.HAL_ADC_MspInit)
    i.HAL_ADC_Start_DMA                      0x08000a14   Section        0  stm32f0xx_hal_adc.o(i.HAL_ADC_Start_DMA)
    i.HAL_ADC_Stop_DMA                       0x08000ab4   Section        0  stm32f0xx_hal_adc.o(i.HAL_ADC_Stop_DMA)
    i.HAL_DMA_Abort                          0x08000b24   Section        0  stm32f0xx_hal_dma.o(i.HAL_DMA_Abort)
    i.HAL_DMA_Abort_IT                       0x08000b50   Section        0  stm32f0xx_hal_dma.o(i.HAL_DMA_Abort_IT)
    i.HAL_DMA_IRQHandler                     0x08000b98   Section        0  stm32f0xx_hal_dma.o(i.HAL_DMA_IRQHandler)
    i.HAL_DMA_Init                           0x08000c34   Section        0  stm32f0xx_hal_dma.o(i.HAL_DMA_Init)
    i.HAL_DMA_Start_IT                       0x08000c8c   Section        0  stm32f0xx_hal_dma.o(i.HAL_DMA_Start_IT)
    i.HAL_GPIO_Init                          0x08000cf8   Section        0  stm32f0xx_hal_gpio.o(i.HAL_GPIO_Init)
    i.HAL_GPIO_ReadPin                       0x08000e40   Section        0  stm32f0xx_hal_gpio.o(i.HAL_GPIO_ReadPin)
    i.HAL_GPIO_WritePin                      0x08000e4a   Section        0  stm32f0xx_hal_gpio.o(i.HAL_GPIO_WritePin)
    i.HAL_GetTick                            0x08000e58   Section        0  stm32f0xx_hal.o(i.HAL_GetTick)
    i.HAL_IncTick                            0x08000e64   Section        0  stm32f0xx_hal.o(i.HAL_IncTick)
    i.HAL_Init                               0x08000e74   Section        0  stm32f0xx_hal.o(i.HAL_Init)
    i.HAL_InitTick                           0x08000e94   Section        0  stm32f0xx_hal.o(i.HAL_InitTick)
    i.HAL_MspInit                            0x08000eb8   Section        0  stm32f0xx_hal_msp.o(i.HAL_MspInit)
    i.HAL_NVIC_EnableIRQ                     0x08000ef0   Section        0  stm32f0xx_hal_cortex.o(i.HAL_NVIC_EnableIRQ)
    i.HAL_NVIC_SetPriority                   0x08000f04   Section        0  stm32f0xx_hal_cortex.o(i.HAL_NVIC_SetPriority)
    i.HAL_RCCEx_PeriphCLKConfig              0x08000f0c   Section        0  stm32f0xx_hal_rcc_ex.o(i.HAL_RCCEx_PeriphCLKConfig)
    i.HAL_RCC_ClockConfig                    0x08000ff4   Section        0  stm32f0xx_hal_rcc.o(i.HAL_RCC_ClockConfig)
    i.HAL_RCC_GetHCLKFreq                    0x08001120   Section        0  stm32f0xx_hal_rcc.o(i.HAL_RCC_GetHCLKFreq)
    i.HAL_RCC_GetPCLK1Freq                   0x0800112c   Section        0  stm32f0xx_hal_rcc.o(i.HAL_RCC_GetPCLK1Freq)
    i.HAL_RCC_GetSysClockFreq                0x0800114c   Section        0  stm32f0xx_hal_rcc.o(i.HAL_RCC_GetSysClockFreq)
    i.HAL_RCC_OscConfig                      0x080011c4   Section        0  stm32f0xx_hal_rcc.o(i.HAL_RCC_OscConfig)
    i.HAL_SYSTICK_CLKSourceConfig            0x08001518   Section        0  stm32f0xx_hal_cortex.o(i.HAL_SYSTICK_CLKSourceConfig)
    i.HAL_SYSTICK_Callback                   0x08001530   Section        0  stm32f0xx_hal_cortex.o(i.HAL_SYSTICK_Callback)
    i.HAL_SYSTICK_Config                     0x08001534   Section        0  stm32f0xx_hal_cortex.o(i.HAL_SYSTICK_Config)
    i.HAL_SYSTICK_IRQHandler                 0x08001564   Section        0  stm32f0xx_hal_cortex.o(i.HAL_SYSTICK_IRQHandler)
    i.HAL_UART_DMAStop                       0x0800156c   Section        0  stm32f0xx_hal_uart.o(i.HAL_UART_DMAStop)
    i.HAL_UART_ErrorCallback                 0x080015c4   Section        0  stm32f0xx_hal_uart.o(i.HAL_UART_ErrorCallback)
    i.HAL_UART_IRQHandler                    0x080015c8   Section        0  stm32f0xx_hal_uart.o(i.HAL_UART_IRQHandler)
    i.HAL_UART_Init                          0x080016dc   Section        0  stm32f0xx_hal_uart.o(i.HAL_UART_Init)
    i.HAL_UART_MspInit                       0x08001748   Section        0  stm32f0xx_hal_msp.o(i.HAL_UART_MspInit)
    i.HAL_UART_Receive_IT                    0x080017a0   Section        0  stm32f0xx_hal_uart.o(i.HAL_UART_Receive_IT)
    i.HAL_UART_Transmit_IT                   0x08001828   Section        0  stm32f0xx_hal_uart.o(i.HAL_UART_Transmit_IT)
    i.HAL_UART_TxCpltCallback                0x08001880   Section        0  stm32f0xx_hal_uart.o(i.HAL_UART_TxCpltCallback)
    i.HardFault_Handler                      0x08001882   Section        0  stm32f0xx_it.o(i.HardFault_Handler)
    i.IIC_Init                               0x08001884   Section        0  io_iic.o(i.IIC_Init)
    i.IIC_Send_Byte                          0x080018f4   Section        0  io_iic.o(i.IIC_Send_Byte)
    i.IIC_Send_Byte_Mix                      0x08001948   Section        0  io_iic.o(i.IIC_Send_Byte_Mix)
    i.IIC_Start                              0x080019bc   Section        0  io_iic.o(i.IIC_Start)
    i.IIC_Stop                               0x080019e8   Section        0  io_iic.o(i.IIC_Stop)
    i.IIC_Wait_Ack                           0x08001a20   Section        0  io_iic.o(i.IIC_Wait_Ack)
    i.KeyComMsg                              0x08001a38   Section        0  key.o(i.KeyComMsg)
    i.KeyEventPorc                           0x08001b34   Section        0  key.o(i.KeyEventPorc)
    i.KeyScan                                0x08001bf4   Section        0  key.o(i.KeyScan)
    i.LoadData_to_SN3236Driver_H             0x08001c00   Section        0  rgb.o(i.LoadData_to_SN3236Driver_H)
    i.LoadData_to_SN3236Driver_V             0x08001c4c   Section        0  rgb.o(i.LoadData_to_SN3236Driver_V)
    i.MX_ADC_Init                            0x08001c98   Section        0  main.o(i.MX_ADC_Init)
    MX_ADC_Init                              0x08001c99   Thumb Code   112  main.o(i.MX_ADC_Init)
    i.MX_GPIO_Init                           0x08001d14   Section        0  main.o(i.MX_GPIO_Init)
    MX_GPIO_Init                             0x08001d15   Thumb Code   152  main.o(i.MX_GPIO_Init)
    i.MX_USART1_UART_Init                    0x08001db8   Section        0  main.o(i.MX_USART1_UART_Init)
    MX_USART1_UART_Init                      0x08001db9   Thumb Code    52  main.o(i.MX_USART1_UART_Init)
    i.Music_Fire_Mode                        0x08001df4   Section        0  music_fire.o(i.Music_Fire_Mode)
    i.NMI_Handler                            0x08001f30   Section        0  stm32f0xx_it.o(i.NMI_Handler)
    i.NVIC_SetPriority                       0x08001f34   Section        0  stm32f0xx_hal_cortex.o(i.NVIC_SetPriority)
    NVIC_SetPriority                         0x08001f35   Thumb Code    60  stm32f0xx_hal_cortex.o(i.NVIC_SetPriority)
    i.Off_Fire_Mode                          0x08001f78   Section        0  rgb.o(i.Off_Fire_Mode)
    i.PendSV_Handler                         0x08001fac   Section        0  stm32f0xx_it.o(i.PendSV_Handler)
    i.PowerON_Reset                          0x08001fb0   Section        0  app_main.o(i.PowerON_Reset)
    i.SN3236_Driver                          0x08001fe8   Section        0  sn3731.o(i.SN3236_Driver)
    i.SN3236_Init1                           0x08001ffc   Section        0  sn3731.o(i.SN3236_Init1)
    i.SN3236_RegWrite                        0x0800202c   Section        0  sn3731.o(i.SN3236_RegWrite)
    i.SVC_Handler                            0x08002070   Section        0  stm32f0xx_it.o(i.SVC_Handler)
    i.Scan_ONOFF                             0x08002074   Section        0  app_main.o(i.Scan_ONOFF)
    i.Small_Fire_Mode                        0x080020f4   Section        0  s_small_fire.o(i.Small_Fire_Mode)
    i.SysTick_Handler                        0x08002154   Section        0  stm32f0xx_it.o(i.SysTick_Handler)
    i.SystemClock_Config                     0x080021c0   Section        0  main.o(i.SystemClock_Config)
    i.SystemInit                             0x0800223c   Section        0  system_stm32f0xx.o(i.SystemInit)
    i.UART_AdvFeatureConfig                  0x08002298   Section        0  stm32f0xx_hal_uart.o(i.UART_AdvFeatureConfig)
    i.UART_CheckIdleState                    0x08002362   Section        0  stm32f0xx_hal_uart.o(i.UART_CheckIdleState)
    i.UART_DMAAbortOnError                   0x08002374   Section        0  stm32f0xx_hal_uart.o(i.UART_DMAAbortOnError)
    UART_DMAAbortOnError                     0x08002375   Thumb Code    20  stm32f0xx_hal_uart.o(i.UART_DMAAbortOnError)
    i.UART_EndRxTransfer                     0x08002388   Section        0  stm32f0xx_hal_uart.o(i.UART_EndRxTransfer)
    UART_EndRxTransfer                       0x08002389   Thumb Code    30  stm32f0xx_hal_uart.o(i.UART_EndRxTransfer)
    i.UART_EndTransmit_IT                    0x080023a6   Section        0  stm32f0xx_hal_uart.o(i.UART_EndTransmit_IT)
    i.UART_EndTxTransfer                     0x080023c0   Section        0  stm32f0xx_hal_uart.o(i.UART_EndTxTransfer)
    UART_EndTxTransfer                       0x080023c1   Thumb Code    18  stm32f0xx_hal_uart.o(i.UART_EndTxTransfer)
    i.UART_Receive_IT                        0x080023d2   Section        0  stm32f0xx_hal_uart.o(i.UART_Receive_IT)
    i.UART_SetConfig                         0x08002424   Section        0  stm32f0xx_hal_uart.o(i.UART_SetConfig)
    i.UART_Transmit_IT                       0x08002538   Section        0  stm32f0xx_hal_uart.o(i.UART_Transmit_IT)
    i.USART1_IRQHandler                      0x080025a0   Section        0  stm32f0xx_it.o(i.USART1_IRQHandler)
    i.Usart1SendData                         0x080025b0   Section        0  bt_mode.o(i.Usart1SendData)
    i.User_UART_Receive_IT                   0x080025e8   Section        0  bt_mode.o(i.User_UART_Receive_IT)
    i._Error_Handler                         0x08002618   Section        0  main.o(i._Error_Handler)
    i.__scatterload_copy                     0x0800261a   Section       14  handlers.o(i.__scatterload_copy)
    i.__scatterload_null                     0x08002628   Section        2  handlers.o(i.__scatterload_null)
    i.__scatterload_zeroinit                 0x0800262a   Section       14  handlers.o(i.__scatterload_zeroinit)
    i.app_main                               0x08002638   Section        0  app_main.o(i.app_main)
    i.h_Big_Fire_Mode                        0x08002690   Section        0  big_fire.o(i.h_Big_Fire_Mode)
    i.main                                   0x080026ec   Section        0  main.o(i.main)
    i.pulse_follow_volume                    0x0800272c   Section        0  music_fire.o(i.pulse_follow_volume)
    i.pulse_follow_volume_2                  0x08002740   Section        0  music_fire.o(i.pulse_follow_volume_2)
    i.renew_volume                           0x08002788   Section        0  h_adc.o(i.renew_volume)
    i.set_brightness                         0x080027fc   Section        0  music_fire.o(i.set_brightness)
    i.set_speed                              0x08002818   Section        0  music_fire.o(i.set_speed)
    i.user_freq                              0x08002864   Section        0  music_fire.o(i.user_freq)
    i.volume_counter                         0x08002884   Section        0  music_fire.o(i.volume_counter)
    i.volume_scan                            0x08002984   Section        0  h_adc.o(i.volume_scan)
    i.write_all_led                          0x080029f8   Section        0  music_fire.o(i.write_all_led)
    .constdata                               0x08002a30   Section      120  rgb.o(.constdata)
    .constdata                               0x08002aa8   Section     3300  big_fire.o(.constdata)
    .constdata                               0x0800378c   Section     1740  small_fire.o(.constdata)
    .constdata                               0x08003e58   Section       12  music_fire.o(.constdata)
    .constdata                               0x08003e64   Section     6780  s_follow_wind_fire.o(.constdata)
    .constdata                               0x080058e0   Section     5760  s_small_fire.o(.constdata)
    .constdata                               0x08006f60   Section       16  system_stm32f0xx.o(.constdata)
    .constdata                               0x08006f70   Section        8  system_stm32f0xx.o(.constdata)
    .data                                    0x20000000   Section        4  stm32f0xx_hal.o(.data)
    .data                                    0x20000004   Section       10  app_main.o(.data)
    BTPower_c                                0x20000004   Data           1  app_main.o(.data)
    .data                                    0x2000000e   Section        1  app_main.o(.data)
    .data                                    0x2000000f   Section        1  app_main.o(.data)
    .data                                    0x20000010   Section        1  bt_mode.o(.data)
    .data                                    0x20000011   Section        4  bt_mode.o(.data)
    ptrReceive                               0x20000013   Data           1  bt_mode.o(.data)
    .data                                    0x20000016   Section       10  h_adc.o(.data)
    .data                                    0x20000020   Section       52  key.o(.data)
    KeyCurValue                              0x20000020   Data           1  key.o(.data)
    KeyLastValue                             0x20000021   Data           1  key.o(.data)
    cntUart_Send                             0x20000028   Data           2  key.o(.data)
    .data                                    0x20000054   Section        2  big_fire.o(.data)
    speed                                    0x20000054   Data           1  big_fire.o(.data)
    mBig_index                               0x20000055   Data           1  big_fire.o(.data)
    .data                                    0x20000056   Section        7  music_fire.o(.data)
    .data                                    0x2000005d   Section        3  s_follow_wind_fire.o(.data)
    speed                                    0x2000005d   Data           1  s_follow_wind_fire.o(.data)
    index                                    0x2000005e   Data           1  s_follow_wind_fire.o(.data)
    speed_max                                0x2000005f   Data           1  s_follow_wind_fire.o(.data)
    .data                                    0x20000060   Section        3  s_small_fire.o(.data)
    speed                                    0x20000060   Data           1  s_small_fire.o(.data)
    index                                    0x20000061   Data           1  s_small_fire.o(.data)
    speed_max                                0x20000062   Data           1  s_small_fire.o(.data)
    .data                                    0x20000064   Section        4  system_stm32f0xx.o(.data)
    .bss                                     0x20000068   Section       90  bt_mode.o(.bss)
    .bss                                     0x200000c2   Section      342  h_adc.o(.bss)
    .bss                                     0x20000218   Section       20  h_adc.o(.bss)
    .bss                                     0x2000022c   Section      120  rgb.o(.bss)
    .bss                                     0x200002a4   Section      100  music_fire.o(.bss)
    .bss                                     0x20000308   Section       36  sn3731.o(.bss)
    .bss                                     0x2000032c   Section       36  sn3731.o(.bss)
    .bss                                     0x20000350   Section       75  sn3731.o(.bss)
    .bss                                     0x2000039c   Section      188  main.o(.bss)
    .bss                                     0x20000458   Section       68  main.o(.bss)
    STACK                                    0x200004a0   Section     1024  startup_stm32f030x6.o(STACK)

    Global Symbols

    Symbol Name                              Value     Ov Type        Size  Object(Section)

    BuildAttributes$$THM_ISAv3M$S$PE$A:L22$X:L11$S22$IEEE1$IW$USESV6$~STKCKD$USESV7$~SHL$OSPACE$EBA8$MICROLIB$REQ8$PRES8$EABIv2 0x00000000   Number         0  anon$$obj.o ABSOLUTE
    __ARM_use_no_argv                        0x00000000   Number         0  main.o ABSOLUTE
    __cpp_initialize__aeabi_                  - Undefined Weak Reference
    __cxa_finalize                            - Undefined Weak Reference
    __decompress                              - Undefined Weak Reference
    _clock_init                               - Undefined Weak Reference
    _microlib_exit                            - Undefined Weak Reference
    __Vectors_Size                           0x000000b0   Number         0  startup_stm32f030x6.o ABSOLUTE
    __Vectors                                0x08000000   Data           4  startup_stm32f030x6.o(RESET)
    __Vectors_End                            0x080000b0   Data           0  startup_stm32f030x6.o(RESET)
    __main                                   0x080000b1   Thumb Code     0  entry.o(.ARM.Collect$$$$00000000)
    _main_stk                                0x080000b1   Thumb Code     0  entry2.o(.ARM.Collect$$$$00000001)
    _main_scatterload                        0x080000b5   Thumb Code     0  entry5.o(.ARM.Collect$$$$00000004)
    __main_after_scatterload                 0x080000b9   Thumb Code     0  entry5.o(.ARM.Collect$$$$00000004)
    _main_clock                              0x080000b9   Thumb Code     0  entry7b.o(.ARM.Collect$$$$00000008)
    _main_cpp_init                           0x080000b9   Thumb Code     0  entry8b.o(.ARM.Collect$$$$0000000A)
    _main_init                               0x080000b9   Thumb Code     0  entry9a.o(.ARM.Collect$$$$0000000B)
    __rt_final_cpp                           0x080000c1   Thumb Code     0  entry10a.o(.ARM.Collect$$$$0000000D)
    __rt_final_exit                          0x080000c1   Thumb Code     0  entry11a.o(.ARM.Collect$$$$0000000F)
    Reset_Handler                            0x080000c5   Thumb Code     8  startup_stm32f030x6.o(.text)
    ADC1_IRQHandler                          0x080000d7   Thumb Code     0  startup_stm32f030x6.o(.text)
    DMA1_Channel2_3_IRQHandler               0x080000d7   Thumb Code     0  startup_stm32f030x6.o(.text)
    DMA1_Channel4_5_IRQHandler               0x080000d7   Thumb Code     0  startup_stm32f030x6.o(.text)
    EXTI0_1_IRQHandler                       0x080000d7   Thumb Code     0  startup_stm32f030x6.o(.text)
    EXTI2_3_IRQHandler                       0x080000d7   Thumb Code     0  startup_stm32f030x6.o(.text)
    EXTI4_15_IRQHandler                      0x080000d7   Thumb Code     0  startup_stm32f030x6.o(.text)
    FLASH_IRQHandler                         0x080000d7   Thumb Code     0  startup_stm32f030x6.o(.text)
    I2C1_IRQHandler                          0x080000d7   Thumb Code     0  startup_stm32f030x6.o(.text)
    RCC_IRQHandler                           0x080000d7   Thumb Code     0  startup_stm32f030x6.o(.text)
    RTC_IRQHandler                           0x080000d7   Thumb Code     0  startup_stm32f030x6.o(.text)
    SPI1_IRQHandler                          0x080000d7   Thumb Code     0  startup_stm32f030x6.o(.text)
    TIM14_IRQHandler                         0x080000d7   Thumb Code     0  startup_stm32f030x6.o(.text)
    TIM16_IRQHandler                         0x080000d7   Thumb Code     0  startup_stm32f030x6.o(.text)
    TIM17_IRQHandler                         0x080000d7   Thumb Code     0  startup_stm32f030x6.o(.text)
    TIM1_BRK_UP_TRG_COM_IRQHandler           0x080000d7   Thumb Code     0  startup_stm32f030x6.o(.text)
    TIM1_CC_IRQHandler                       0x080000d7   Thumb Code     0  startup_stm32f030x6.o(.text)
    TIM3_IRQHandler                          0x080000d7   Thumb Code     0  startup_stm32f030x6.o(.text)
    WWDG_IRQHandler                          0x080000d7   Thumb Code     0  startup_stm32f030x6.o(.text)
    __aeabi_uidiv                            0x080000e1   Thumb Code     0  uidiv.o(.text)
    __aeabi_uidivmod                         0x080000e1   Thumb Code    44  uidiv.o(.text)
    __aeabi_idiv                             0x0800010d   Thumb Code     0  idiv.o(.text)
    __aeabi_idivmod                          0x0800010d   Thumb Code    40  idiv.o(.text)
    __aeabi_memset                           0x08000135   Thumb Code    14  memseta.o(.text)
    __aeabi_memset4                          0x08000135   Thumb Code     0  memseta.o(.text)
    __aeabi_memset8                          0x08000135   Thumb Code     0  memseta.o(.text)
    __aeabi_memclr                           0x08000143   Thumb Code     4  memseta.o(.text)
    __aeabi_memclr4                          0x08000143   Thumb Code     0  memseta.o(.text)
    __aeabi_memclr8                          0x08000143   Thumb Code     0  memseta.o(.text)
    _memset$wrapper                          0x08000147   Thumb Code    18  memseta.o(.text)
    __scatterload                            0x08000159   Thumb Code    28  init.o(.text)
    __scatterload_rt2                        0x08000159   Thumb Code     0  init.o(.text)
    ADC_GetBuffer                            0x08000349   Thumb Code   100  h_adc.o(i.ADC_GetBuffer)
    Audio_Average                            0x080003c9   Thumb Code    86  h_adc.o(i.Audio_Average)
    BlueMode_Handle                          0x0800041f   Thumb Code     8  bt_mode.o(i.BlueMode_Handle)
    BlueMode_Receive                         0x08000429   Thumb Code   198  bt_mode.o(i.BlueMode_Receive)
    DMA1_Channel1_IRQHandler                 0x08000501   Thumb Code    16  stm32f0xx_it.o(i.DMA1_Channel1_IRQHandler)
    Delay_1us                                0x08000565   Thumb Code    12  io_iic.o(i.Delay_1us)
    FireMode_Handle                          0x08000571   Thumb Code    84  rgb.o(i.FireMode_Handle)
    Follow_Wind_Fire_Mode                    0x080005c9   Thumb Code    82  s_follow_wind_fire.o(i.Follow_Wind_Fire_Mode)
    GetKeyValue                              0x08000629   Thumb Code    22  key.o(i.GetKeyValue)
    HAL_ADCEx_Calibration_Start              0x08000645   Thumb Code   176  stm32f0xx_hal_adc_ex.o(i.HAL_ADCEx_Calibration_Start)
    HAL_ADC_ConfigChannel                    0x080006f5   Thumb Code   254  stm32f0xx_hal_adc.o(i.HAL_ADC_ConfigChannel)
    HAL_ADC_ConvCpltCallback                 0x08000805   Thumb Code     2  stm32f0xx_hal_adc.o(i.HAL_ADC_ConvCpltCallback)
    HAL_ADC_ConvHalfCpltCallback             0x08000807   Thumb Code     2  stm32f0xx_hal_adc.o(i.HAL_ADC_ConvHalfCpltCallback)
    HAL_ADC_ErrorCallback                    0x08000809   Thumb Code     2  stm32f0xx_hal_adc.o(i.HAL_ADC_ErrorCallback)
    HAL_ADC_Init                             0x0800080d   Thumb Code   364  stm32f0xx_hal_adc.o(i.HAL_ADC_Init)
    HAL_ADC_MspInit                          0x08000981   Thumb Code   104  stm32f0xx_hal_msp.o(i.HAL_ADC_MspInit)
    HAL_ADC_Start_DMA                        0x08000a15   Thumb Code   144  stm32f0xx_hal_adc.o(i.HAL_ADC_Start_DMA)
    HAL_ADC_Stop_DMA                         0x08000ab5   Thumb Code   112  stm32f0xx_hal_adc.o(i.HAL_ADC_Stop_DMA)
    HAL_DMA_Abort                            0x08000b25   Thumb Code    44  stm32f0xx_hal_dma.o(i.HAL_DMA_Abort)
    HAL_DMA_Abort_IT                         0x08000b51   Thumb Code    72  stm32f0xx_hal_dma.o(i.HAL_DMA_Abort_IT)
    HAL_DMA_IRQHandler                       0x08000b99   Thumb Code   156  stm32f0xx_hal_dma.o(i.HAL_DMA_IRQHandler)
    HAL_DMA_Init                             0x08000c35   Thumb Code    84  stm32f0xx_hal_dma.o(i.HAL_DMA_Init)
    HAL_DMA_Start_IT                         0x08000c8d   Thumb Code   106  stm32f0xx_hal_dma.o(i.HAL_DMA_Start_IT)
    HAL_GPIO_Init                            0x08000cf9   Thumb Code   302  stm32f0xx_hal_gpio.o(i.HAL_GPIO_Init)
    HAL_GPIO_ReadPin                         0x08000e41   Thumb Code    10  stm32f0xx_hal_gpio.o(i.HAL_GPIO_ReadPin)
    HAL_GPIO_WritePin                        0x08000e4b   Thumb Code    12  stm32f0xx_hal_gpio.o(i.HAL_GPIO_WritePin)
    HAL_GetTick                              0x08000e59   Thumb Code     6  stm32f0xx_hal.o(i.HAL_GetTick)
    HAL_IncTick                              0x08000e65   Thumb Code    10  stm32f0xx_hal.o(i.HAL_IncTick)
    HAL_Init                                 0x08000e75   Thumb Code    26  stm32f0xx_hal.o(i.HAL_Init)
    HAL_InitTick                             0x08000e95   Thumb Code    34  stm32f0xx_hal.o(i.HAL_InitTick)
    HAL_MspInit                              0x08000eb9   Thumb Code    50  stm32f0xx_hal_msp.o(i.HAL_MspInit)
    HAL_NVIC_EnableIRQ                       0x08000ef1   Thumb Code    14  stm32f0xx_hal_cortex.o(i.HAL_NVIC_EnableIRQ)
    HAL_NVIC_SetPriority                     0x08000f05   Thumb Code     8  stm32f0xx_hal_cortex.o(i.HAL_NVIC_SetPriority)
    HAL_RCCEx_PeriphCLKConfig                0x08000f0d   Thumb Code   218  stm32f0xx_hal_rcc_ex.o(i.HAL_RCCEx_PeriphCLKConfig)
    HAL_RCC_ClockConfig                      0x08000ff5   Thumb Code   280  stm32f0xx_hal_rcc.o(i.HAL_RCC_ClockConfig)
    HAL_RCC_GetHCLKFreq                      0x08001121   Thumb Code     6  stm32f0xx_hal_rcc.o(i.HAL_RCC_GetHCLKFreq)
    HAL_RCC_GetPCLK1Freq                     0x0800112d   Thumb Code    20  stm32f0xx_hal_rcc.o(i.HAL_RCC_GetPCLK1Freq)
    HAL_RCC_GetSysClockFreq                  0x0800114d   Thumb Code    76  stm32f0xx_hal_rcc.o(i.HAL_RCC_GetSysClockFreq)
    HAL_RCC_OscConfig                        0x080011c5   Thumb Code   840  stm32f0xx_hal_rcc.o(i.HAL_RCC_OscConfig)
    HAL_SYSTICK_CLKSourceConfig              0x08001519   Thumb Code    20  stm32f0xx_hal_cortex.o(i.HAL_SYSTICK_CLKSourceConfig)
    HAL_SYSTICK_Callback                     0x08001531   Thumb Code     2  stm32f0xx_hal_cortex.o(i.HAL_SYSTICK_Callback)
    HAL_SYSTICK_Config                       0x08001535   Thumb Code    38  stm32f0xx_hal_cortex.o(i.HAL_SYSTICK_Config)
    HAL_SYSTICK_IRQHandler                   0x08001565   Thumb Code     8  stm32f0xx_hal_cortex.o(i.HAL_SYSTICK_IRQHandler)
    HAL_UART_DMAStop                         0x0800156d   Thumb Code    88  stm32f0xx_hal_uart.o(i.HAL_UART_DMAStop)
    HAL_UART_ErrorCallback                   0x080015c5   Thumb Code     2  stm32f0xx_hal_uart.o(i.HAL_UART_ErrorCallback)
    HAL_UART_IRQHandler                      0x080015c9   Thumb Code   272  stm32f0xx_hal_uart.o(i.HAL_UART_IRQHandler)
    HAL_UART_Init                            0x080016dd   Thumb Code   108  stm32f0xx_hal_uart.o(i.HAL_UART_Init)
    HAL_UART_MspInit                         0x08001749   Thumb Code    80  stm32f0xx_hal_msp.o(i.HAL_UART_MspInit)
    HAL_UART_Receive_IT                      0x080017a1   Thumb Code   132  stm32f0xx_hal_uart.o(i.HAL_UART_Receive_IT)
    HAL_UART_Transmit_IT                     0x08001829   Thumb Code    88  stm32f0xx_hal_uart.o(i.HAL_UART_Transmit_IT)
    HAL_UART_TxCpltCallback                  0x08001881   Thumb Code     2  stm32f0xx_hal_uart.o(i.HAL_UART_TxCpltCallback)
    HardFault_Handler                        0x08001883   Thumb Code     2  stm32f0xx_it.o(i.HardFault_Handler)
    IIC_Init                                 0x08001885   Thumb Code   108  io_iic.o(i.IIC_Init)
    IIC_Send_Byte                            0x080018f5   Thumb Code    78  io_iic.o(i.IIC_Send_Byte)
    IIC_Send_Byte_Mix                        0x08001949   Thumb Code   100  io_iic.o(i.IIC_Send_Byte_Mix)
    IIC_Start                                0x080019bd   Thumb Code    40  io_iic.o(i.IIC_Start)
    IIC_Stop                                 0x080019e9   Thumb Code    50  io_iic.o(i.IIC_Stop)
    IIC_Wait_Ack                             0x08001a21   Thumb Code    20  io_iic.o(i.IIC_Wait_Ack)
    KeyComMsg                                0x08001a39   Thumb Code   232  key.o(i.KeyComMsg)
    KeyEventPorc                             0x08001b35   Thumb Code   186  key.o(i.KeyEventPorc)
    KeyScan                                  0x08001bf5   Thumb Code    12  key.o(i.KeyScan)
    LoadData_to_SN3236Driver_H               0x08001c01   Thumb Code    60  rgb.o(i.LoadData_to_SN3236Driver_H)
    LoadData_to_SN3236Driver_V               0x08001c4d   Thumb Code    58  rgb.o(i.LoadData_to_SN3236Driver_V)
    Music_Fire_Mode                          0x08001df5   Thumb Code   290  music_fire.o(i.Music_Fire_Mode)
    NMI_Handler                              0x08001f31   Thumb Code     2  stm32f0xx_it.o(i.NMI_Handler)
    Off_Fire_Mode                            0x08001f79   Thumb Code    48  rgb.o(i.Off_Fire_Mode)
    PendSV_Handler                           0x08001fad   Thumb Code     2  stm32f0xx_it.o(i.PendSV_Handler)
    PowerON_Reset                            0x08001fb1   Thumb Code    44  app_main.o(i.PowerON_Reset)
    SN3236_Driver                            0x08001fe9   Thumb Code    14  sn3731.o(i.SN3236_Driver)
    SN3236_Init1                             0x08001ffd   Thumb Code    38  sn3731.o(i.SN3236_Init1)
    SN3236_RegWrite                          0x0800202d   Thumb Code    68  sn3731.o(i.SN3236_RegWrite)
    SVC_Handler                              0x08002071   Thumb Code     2  stm32f0xx_it.o(i.SVC_Handler)
    Scan_ONOFF                               0x08002075   Thumb Code   120  app_main.o(i.Scan_ONOFF)
    Small_Fire_Mode                          0x080020f5   Thumb Code    82  s_small_fire.o(i.Small_Fire_Mode)
    SysTick_Handler                          0x08002155   Thumb Code    78  stm32f0xx_it.o(i.SysTick_Handler)
    SystemClock_Config                       0x080021c1   Thumb Code   124  main.o(i.SystemClock_Config)
    SystemInit                               0x0800223d   Thumb Code    78  system_stm32f0xx.o(i.SystemInit)
    UART_AdvFeatureConfig                    0x08002299   Thumb Code   202  stm32f0xx_hal_uart.o(i.UART_AdvFeatureConfig)
    UART_CheckIdleState                      0x08002363   Thumb Code    18  stm32f0xx_hal_uart.o(i.UART_CheckIdleState)
    UART_EndTransmit_IT                      0x080023a7   Thumb Code    26  stm32f0xx_hal_uart.o(i.UART_EndTransmit_IT)
    UART_Receive_IT                          0x080023d3   Thumb Code    80  stm32f0xx_hal_uart.o(i.UART_Receive_IT)
    UART_SetConfig                           0x08002425   Thumb Code   258  stm32f0xx_hal_uart.o(i.UART_SetConfig)
    UART_Transmit_IT                         0x08002539   Thumb Code   102  stm32f0xx_hal_uart.o(i.UART_Transmit_IT)
    USART1_IRQHandler                        0x080025a1   Thumb Code    10  stm32f0xx_it.o(i.USART1_IRQHandler)
    Usart1SendData                           0x080025b1   Thumb Code    46  bt_mode.o(i.Usart1SendData)
    User_UART_Receive_IT                     0x080025e9   Thumb Code    40  bt_mode.o(i.User_UART_Receive_IT)
    _Error_Handler                           0x08002619   Thumb Code     2  main.o(i._Error_Handler)
    __scatterload_copy                       0x0800261b   Thumb Code    14  handlers.o(i.__scatterload_copy)
    __scatterload_null                       0x08002629   Thumb Code     2  handlers.o(i.__scatterload_null)
    __scatterload_zeroinit                   0x0800262b   Thumb Code    14  handlers.o(i.__scatterload_zeroinit)
    app_main                                 0x08002639   Thumb Code    84  app_main.o(i.app_main)
    h_Big_Fire_Mode                          0x08002691   Thumb Code    80  big_fire.o(i.h_Big_Fire_Mode)
    main                                     0x080026ed   Thumb Code    60  main.o(i.main)
    pulse_follow_volume                      0x0800272d   Thumb Code    20  music_fire.o(i.pulse_follow_volume)
    pulse_follow_volume_2                    0x08002741   Thumb Code    68  music_fire.o(i.pulse_follow_volume_2)
    renew_volume                             0x08002789   Thumb Code   106  h_adc.o(i.renew_volume)
    set_brightness                           0x080027fd   Thumb Code    24  music_fire.o(i.set_brightness)
    set_speed                                0x08002819   Thumb Code    60  music_fire.o(i.set_speed)
    user_freq                                0x08002865   Thumb Code    32  music_fire.o(i.user_freq)
    volume_counter                           0x08002885   Thumb Code   244  music_fire.o(i.volume_counter)
    volume_scan                              0x08002985   Thumb Code   104  h_adc.o(i.volume_scan)
    write_all_led                            0x080029f9   Thumb Code    46  music_fire.o(i.write_all_led)
    Map_Addr_H                               0x08002a30   Data          60  rgb.o(.constdata)
    Map_Addr_V                               0x08002a6c   Data          60  rgb.o(.constdata)
    Big_Fire_tab_array                       0x08002aa8   Data        3300  big_fire.o(.constdata)
    Small_Fire_tab_array                     0x0800378c   Data        1740  small_fire.o(.constdata)
    RRC_MOVE_Tab                             0x08003e58   Data          12  music_fire.o(.constdata)
    Floolw_Wind_tab                          0x08003e64   Data        6780  s_follow_wind_fire.o(.constdata)
    Small_Fire_tab                           0x080058e0   Data        5760  s_small_fire.o(.constdata)
    AHBPrescTable                            0x08006f60   Data          16  system_stm32f0xx.o(.constdata)
    APBPrescTable                            0x08006f70   Data           8  system_stm32f0xx.o(.constdata)
    Region$$Table$$Base                      0x08006f78   Number         0  anon$$obj.o(Region$$Table)
    Region$$Table$$Limit                     0x08006f98   Number         0  anon$$obj.o(Region$$Table)
    uwTick                                   0x20000000   Data           4  stm32f0xx_hal.o(.data)
    AppTick1ms                               0x20000005   Data           1  app_main.o(.data)
    AppTick0                                 0x20000006   Data           1  app_main.o(.data)
    AppTick1                                 0x20000007   Data           1  app_main.o(.data)
    AppTick2                                 0x20000008   Data           1  app_main.o(.data)
    AppTick3                                 0x20000009   Data           1  app_main.o(.data)
    brightness1                              0x2000000a   Data           1  app_main.o(.data)
    electricityBrightness                    0x2000000b   Data           1  app_main.o(.data)
    PlayMode                                 0x2000000c   Data           1  app_main.o(.data)
    FireMode                                 0x2000000d   Data           1  app_main.o(.data)
    cntAppTick                               0x2000000e   Data           1  app_main.o(.data)
    AppTick5                                 0x2000000f   Data           1  app_main.o(.data)
    enUart_Send                              0x20000010   Data           1  bt_mode.o(.data)
    mPtr_Receive                             0x20000011   Data           1  bt_mode.o(.data)
    sPtr_Receive                             0x20000012   Data           1  bt_mode.o(.data)
    Uart1_RX_Timeout                         0x20000014   Data           1  bt_mode.o(.data)
    Adc_Dma_Irq_f                            0x20000016   Data           1  h_adc.o(.data)
    volume_renew_count                       0x20000017   Data           1  h_adc.o(.data)
    volume_ad_mute_count                     0x20000018   Data           2  h_adc.o(.data)
    volume                                   0x2000001a   Data           6  h_adc.o(.data)
    gbKeyPress                               0x20000022   Data           1  key.o(.data)
    gbKeyNone                                0x20000023   Data           1  key.o(.data)
    KeyValue                                 0x20000024   Data           1  key.o(.data)
    KeyEvent                                 0x20000025   Data           1  key.o(.data)
    cntKeyLoop                               0x20000026   Data           1  key.o(.data)
    cntKeyLong                               0x20000027   Data           1  key.o(.data)
    SyncNum_Table                            0x2000002a   Data          42  key.o(.data)
    ptrMove                                  0x20000056   Data           1  music_fire.o(.data)
    cntMoveSpeed                             0x20000057   Data           1  music_fire.o(.data)
    music_speed_max                          0x20000058   Data           1  music_fire.o(.data)
    music_speed_count                        0x20000059   Data           1  music_fire.o(.data)
    big_small_flag                           0x2000005a   Data           1  music_fire.o(.data)
    small_index                              0x2000005b   Data           1  music_fire.o(.data)
    big_index                                0x2000005c   Data           1  music_fire.o(.data)
    SystemCoreClock                          0x20000064   Data           4  system_stm32f0xx.o(.data)
    BT_ReceiveBuffer                         0x20000068   Data          30  bt_mode.o(.bss)
    Uart1_ReceiveBuffer                      0x20000086   Data          30  bt_mode.o(.bss)
    Uart1_TransmitBuffer                     0x200000a4   Data          30  bt_mode.o(.bss)
    AdcDma_Buf                               0x200000c2   Data         100  h_adc.o(.bss)
    AdcAudio_Buf                             0x20000126   Data         100  h_adc.o(.bss)
    audio_adc_1                              0x2000018a   Data         108  h_adc.o(.bss)
    volume_ad_step                           0x200001f6   Data          14  h_adc.o(.bss)
    volume_temp                              0x20000204   Data          10  h_adc.o(.bss)
    volume_save                              0x2000020e   Data          10  h_adc.o(.bss)
    pulse_volume                             0x20000218   Data          20  h_adc.o(.bss)
    Fire_Data                                0x2000022c   Data          60  rgb.o(.bss)
    fire_Data                                0x20000268   Data          60  rgb.o(.bss)
    grb_led                                  0x200002a4   Data          60  music_fire.o(.bss)
    freqer                                   0x200002e0   Data          40  music_fire.o(.bss)
    SN3236_Pwm2_1                            0x20000308   Data          36  sn3731.o(.bss)
    SN3236_Pwm2_2                            0x2000032c   Data          36  sn3731.o(.bss)
    SN3236_RegBuffer                         0x20000350   Data          75  sn3731.o(.bss)
    hadc                                     0x2000039c   Data          76  main.o(.bss)
    huart1                                   0x200003e8   Data         112  main.o(.bss)
    hdma_adc                                 0x20000458   Data          68  main.o(.bss)
    __initial_sp                             0x200008a0   Data           0  startup_stm32f030x6.o(STACK)



==============================================================================

Memory Map of the image

  Image Entry point : 0x080000b1

  Load Region LR_IROM1 (Base: 0x08000000, Size: 0x00007000, Max: 0x00008000, ABSOLUTE)

    Execution Region ER_IROM1 (Exec base: 0x08000000, Load base: 0x08000000, Size: 0x00006f98, Max: 0x00008000, ABSOLUTE)

    Exec Addr    Load Addr    Size         Type   Attr      Idx    E Section Name        Object

    0x08000000   0x08000000   0x000000b0   Data   RO            3    RESET               startup_stm32f030x6.o
    0x080000b0   0x080000b0   0x00000000   Code   RO         2722  * .ARM.Collect$$$$00000000  mc_p.l(entry.o)
    0x080000b0   0x080000b0   0x00000004   Code   RO         2733    .ARM.Collect$$$$00000001  mc_p.l(entry2.o)
    0x080000b4   0x080000b4   0x00000004   Code   RO         2736    .ARM.Collect$$$$00000004  mc_p.l(entry5.o)
    0x080000b8   0x080000b8   0x00000000   Code   RO         2738    .ARM.Collect$$$$00000008  mc_p.l(entry7b.o)
    0x080000b8   0x080000b8   0x00000000   Code   RO         2740    .ARM.Collect$$$$0000000A  mc_p.l(entry8b.o)
    0x080000b8   0x080000b8   0x00000008   Code   RO         2741    .ARM.Collect$$$$0000000B  mc_p.l(entry9a.o)
    0x080000c0   0x080000c0   0x00000000   Code   RO         2743    .ARM.Collect$$$$0000000D  mc_p.l(entry10a.o)
    0x080000c0   0x080000c0   0x00000000   Code   RO         2745    .ARM.Collect$$$$0000000F  mc_p.l(entry11a.o)
    0x080000c0   0x080000c0   0x00000004   Code   RO         2734    .ARM.Collect$$$$00002712  mc_p.l(entry2.o)
    0x080000c4   0x080000c4   0x0000001c   Code   RO            4    .text               startup_stm32f030x6.o
    0x080000e0   0x080000e0   0x0000002c   Code   RO         2725    .text               mc_p.l(uidiv.o)
    0x0800010c   0x0800010c   0x00000028   Code   RO         2727    .text               mc_p.l(idiv.o)
    0x08000134   0x08000134   0x00000024   Code   RO         2731    .text               mc_p.l(memseta.o)
    0x08000158   0x08000158   0x00000024   Code   RO         2747    .text               mc_p.l(init.o)
    0x0800017c   0x0800017c   0x00000052   Code   RO          203    i.ADC_ConversionStop  stm32f0xx_hal_adc.o
    0x080001ce   0x080001ce   0x0000006c   Code   RO          204    i.ADC_DMAConvCplt   stm32f0xx_hal_adc.o
    0x0800023a   0x0800023a   0x0000001a   Code   RO          205    i.ADC_DMAError      stm32f0xx_hal_adc.o
    0x08000254   0x08000254   0x0000000a   Code   RO          206    i.ADC_DMAHalfConvCplt  stm32f0xx_hal_adc.o
    0x0800025e   0x0800025e   0x00000066   Code   RO          207    i.ADC_Disable       stm32f0xx_hal_adc.o
    0x080002c4   0x080002c4   0x00000084   Code   RO          208    i.ADC_Enable        stm32f0xx_hal_adc.o
    0x08000348   0x08000348   0x00000080   Code   RO         2086    i.ADC_GetBuffer     h_adc.o
    0x080003c8   0x080003c8   0x00000056   Code   RO         2087    i.Audio_Average     h_adc.o
    0x0800041e   0x0800041e   0x00000008   Code   RO         2036    i.BlueMode_Handle   bt_mode.o
    0x08000426   0x08000426   0x00000002   PAD
    0x08000428   0x08000428   0x000000d8   Code   RO         2037    i.BlueMode_Receive  bt_mode.o
    0x08000500   0x08000500   0x00000018   Code   RO         2586    i.DMA1_Channel1_IRQHandler  stm32f0xx_it.o
    0x08000518   0x08000518   0x00000024   Code   RO           12    i.DMA_CalcBaseAndBitshift  stm32f0xx_hal_dma.o
    0x0800053c   0x0800053c   0x00000028   Code   RO           13    i.DMA_SetConfig     stm32f0xx_hal_dma.o
    0x08000564   0x08000564   0x0000000c   Code   RO         2145    i.Delay_1us         io_iic.o
    0x08000570   0x08000570   0x00000058   Code   RO         2242    i.FireMode_Handle   rgb.o
    0x080005c8   0x080005c8   0x00000060   Code   RO         2440    i.Follow_Wind_Fire_Mode  s_follow_wind_fire.o
    0x08000628   0x08000628   0x0000001c   Code   RO         2201    i.GetKeyValue       key.o
    0x08000644   0x08000644   0x000000b0   Code   RO         1843    i.HAL_ADCEx_Calibration_Start  stm32f0xx_hal_adc_ex.o
    0x080006f4   0x080006f4   0x00000110   Code   RO          210    i.HAL_ADC_ConfigChannel  stm32f0xx_hal_adc.o
    0x08000804   0x08000804   0x00000002   Code   RO          211    i.HAL_ADC_ConvCpltCallback  stm32f0xx_hal_adc.o
    0x08000806   0x08000806   0x00000002   Code   RO          212    i.HAL_ADC_ConvHalfCpltCallback  stm32f0xx_hal_adc.o
    0x08000808   0x08000808   0x00000002   Code   RO          214    i.HAL_ADC_ErrorCallback  stm32f0xx_hal_adc.o
    0x0800080a   0x0800080a   0x00000002   PAD
    0x0800080c   0x0800080c   0x00000174   Code   RO          219    i.HAL_ADC_Init      stm32f0xx_hal_adc.o
    0x08000980   0x08000980   0x00000094   Code   RO         2646    i.HAL_ADC_MspInit   stm32f0xx_hal_msp.o
    0x08000a14   0x08000a14   0x000000a0   Code   RO          226    i.HAL_ADC_Start_DMA  stm32f0xx_hal_adc.o
    0x08000ab4   0x08000ab4   0x00000070   Code   RO          229    i.HAL_ADC_Stop_DMA  stm32f0xx_hal_adc.o
    0x08000b24   0x08000b24   0x0000002c   Code   RO           14    i.HAL_DMA_Abort     stm32f0xx_hal_dma.o
    0x08000b50   0x08000b50   0x00000048   Code   RO           15    i.HAL_DMA_Abort_IT  stm32f0xx_hal_dma.o
    0x08000b98   0x08000b98   0x0000009c   Code   RO           19    i.HAL_DMA_IRQHandler  stm32f0xx_hal_dma.o
    0x08000c34   0x08000c34   0x00000058   Code   RO           20    i.HAL_DMA_Init      stm32f0xx_hal_dma.o
    0x08000c8c   0x08000c8c   0x0000006a   Code   RO           24    i.HAL_DMA_Start_IT  stm32f0xx_hal_dma.o
    0x08000cf6   0x08000cf6   0x00000002   PAD
    0x08000cf8   0x08000cf8   0x00000148   Code   RO         1880    i.HAL_GPIO_Init     stm32f0xx_hal_gpio.o
    0x08000e40   0x08000e40   0x0000000a   Code   RO         1882    i.HAL_GPIO_ReadPin  stm32f0xx_hal_gpio.o
    0x08000e4a   0x08000e4a   0x0000000c   Code   RO         1884    i.HAL_GPIO_WritePin  stm32f0xx_hal_gpio.o
    0x08000e56   0x08000e56   0x00000002   PAD
    0x08000e58   0x08000e58   0x0000000c   Code   RO         1432    i.HAL_GetTick       stm32f0xx_hal.o
    0x08000e64   0x08000e64   0x00000010   Code   RO         1436    i.HAL_IncTick       stm32f0xx_hal.o
    0x08000e74   0x08000e74   0x00000020   Code   RO         1437    i.HAL_Init          stm32f0xx_hal.o
    0x08000e94   0x08000e94   0x00000022   Code   RO         1438    i.HAL_InitTick      stm32f0xx_hal.o
    0x08000eb6   0x08000eb6   0x00000002   PAD
    0x08000eb8   0x08000eb8   0x00000038   Code   RO         2647    i.HAL_MspInit       stm32f0xx_hal_msp.o
    0x08000ef0   0x08000ef0   0x00000014   Code   RO         1751    i.HAL_NVIC_EnableIRQ  stm32f0xx_hal_cortex.o
    0x08000f04   0x08000f04   0x00000008   Code   RO         1755    i.HAL_NVIC_SetPriority  stm32f0xx_hal_cortex.o
    0x08000f0c   0x08000f0c   0x000000e8   Code   RO         1719    i.HAL_RCCEx_PeriphCLKConfig  stm32f0xx_hal_rcc_ex.o
    0x08000ff4   0x08000ff4   0x0000012c   Code   RO         1181    i.HAL_RCC_ClockConfig  stm32f0xx_hal_rcc.o
    0x08001120   0x08001120   0x0000000c   Code   RO         1186    i.HAL_RCC_GetHCLKFreq  stm32f0xx_hal_rcc.o
    0x0800112c   0x0800112c   0x00000020   Code   RO         1188    i.HAL_RCC_GetPCLK1Freq  stm32f0xx_hal_rcc.o
    0x0800114c   0x0800114c   0x00000078   Code   RO         1189    i.HAL_RCC_GetSysClockFreq  stm32f0xx_hal_rcc.o
    0x080011c4   0x080011c4   0x00000354   Code   RO         1192    i.HAL_RCC_OscConfig  stm32f0xx_hal_rcc.o
    0x08001518   0x08001518   0x00000018   Code   RO         1757    i.HAL_SYSTICK_CLKSourceConfig  stm32f0xx_hal_cortex.o
    0x08001530   0x08001530   0x00000002   Code   RO         1758    i.HAL_SYSTICK_Callback  stm32f0xx_hal_cortex.o
    0x08001532   0x08001532   0x00000002   PAD
    0x08001534   0x08001534   0x00000030   Code   RO         1759    i.HAL_SYSTICK_Config  stm32f0xx_hal_cortex.o
    0x08001564   0x08001564   0x00000008   Code   RO         1760    i.HAL_SYSTICK_IRQHandler  stm32f0xx_hal_cortex.o
    0x0800156c   0x0800156c   0x00000058   Code   RO          397    i.HAL_UART_DMAStop  stm32f0xx_hal_uart.o
    0x080015c4   0x080015c4   0x00000002   Code   RO          399    i.HAL_UART_ErrorCallback  stm32f0xx_hal_uart.o
    0x080015c6   0x080015c6   0x00000002   PAD
    0x080015c8   0x080015c8   0x00000114   Code   RO          402    i.HAL_UART_IRQHandler  stm32f0xx_hal_uart.o
    0x080016dc   0x080016dc   0x0000006c   Code   RO          403    i.HAL_UART_Init     stm32f0xx_hal_uart.o
    0x08001748   0x08001748   0x00000058   Code   RO         2649    i.HAL_UART_MspInit  stm32f0xx_hal_msp.o
    0x080017a0   0x080017a0   0x00000088   Code   RO          408    i.HAL_UART_Receive_IT  stm32f0xx_hal_uart.o
    0x08001828   0x08001828   0x00000058   Code   RO          413    i.HAL_UART_Transmit_IT  stm32f0xx_hal_uart.o
    0x08001880   0x08001880   0x00000002   Code   RO          414    i.HAL_UART_TxCpltCallback  stm32f0xx_hal_uart.o
    0x08001882   0x08001882   0x00000002   Code   RO         2587    i.HardFault_Handler  stm32f0xx_it.o
    0x08001884   0x08001884   0x00000070   Code   RO         2146    i.IIC_Init          io_iic.o
    0x080018f4   0x080018f4   0x00000054   Code   RO         2147    i.IIC_Send_Byte     io_iic.o
    0x08001948   0x08001948   0x00000074   Code   RO         2148    i.IIC_Send_Byte_Mix  io_iic.o
    0x080019bc   0x080019bc   0x0000002c   Code   RO         2149    i.IIC_Start         io_iic.o
    0x080019e8   0x080019e8   0x00000038   Code   RO         2150    i.IIC_Stop          io_iic.o
    0x08001a20   0x08001a20   0x00000018   Code   RO         2151    i.IIC_Wait_Ack      io_iic.o
    0x08001a38   0x08001a38   0x000000fc   Code   RO         2202    i.KeyComMsg         key.o
    0x08001b34   0x08001b34   0x000000c0   Code   RO         2203    i.KeyEventPorc      key.o
    0x08001bf4   0x08001bf4   0x0000000c   Code   RO         2204    i.KeyScan           key.o
    0x08001c00   0x08001c00   0x0000004c   Code   RO         2243    i.LoadData_to_SN3236Driver_H  rgb.o
    0x08001c4c   0x08001c4c   0x0000004c   Code   RO         2244    i.LoadData_to_SN3236Driver_V  rgb.o
    0x08001c98   0x08001c98   0x0000007c   Code   RO         2531    i.MX_ADC_Init       main.o
    0x08001d14   0x08001d14   0x000000a4   Code   RO         2532    i.MX_GPIO_Init      main.o
    0x08001db8   0x08001db8   0x0000003c   Code   RO         2533    i.MX_USART1_UART_Init  main.o
    0x08001df4   0x08001df4   0x0000013c   Code   RO         2343    i.Music_Fire_Mode   music_fire.o
    0x08001f30   0x08001f30   0x00000002   Code   RO         2588    i.NMI_Handler       stm32f0xx_it.o
    0x08001f32   0x08001f32   0x00000002   PAD
    0x08001f34   0x08001f34   0x00000044   Code   RO         1761    i.NVIC_SetPriority  stm32f0xx_hal_cortex.o
    0x08001f78   0x08001f78   0x00000034   Code   RO         2245    i.Off_Fire_Mode     rgb.o
    0x08001fac   0x08001fac   0x00000002   Code   RO         2589    i.PendSV_Handler    stm32f0xx_it.o
    0x08001fae   0x08001fae   0x00000002   PAD
    0x08001fb0   0x08001fb0   0x00000038   Code   RO         1939    i.PowerON_Reset     app_main.o
    0x08001fe8   0x08001fe8   0x00000014   Code   RO         2491    i.SN3236_Driver     sn3731.o
    0x08001ffc   0x08001ffc   0x00000030   Code   RO         2492    i.SN3236_Init1      sn3731.o
    0x0800202c   0x0800202c   0x00000044   Code   RO         2493    i.SN3236_RegWrite   sn3731.o
    0x08002070   0x08002070   0x00000002   Code   RO         2590    i.SVC_Handler       stm32f0xx_it.o
    0x08002072   0x08002072   0x00000002   PAD
    0x08002074   0x08002074   0x00000080   Code   RO         1940    i.Scan_ONOFF        app_main.o
    0x080020f4   0x080020f4   0x00000060   Code   RO         2464    i.Small_Fire_Mode   s_small_fire.o
    0x08002154   0x08002154   0x0000006c   Code   RO         2591    i.SysTick_Handler   stm32f0xx_it.o
    0x080021c0   0x080021c0   0x0000007c   Code   RO         2534    i.SystemClock_Config  main.o
    0x0800223c   0x0800223c   0x0000005c   Code   RO         2691    i.SystemInit        system_stm32f0xx.o
    0x08002298   0x08002298   0x000000ca   Code   RO          416    i.UART_AdvFeatureConfig  stm32f0xx_hal_uart.o
    0x08002362   0x08002362   0x00000012   Code   RO          417    i.UART_CheckIdleState  stm32f0xx_hal_uart.o
    0x08002374   0x08002374   0x00000014   Code   RO          418    i.UART_DMAAbortOnError  stm32f0xx_hal_uart.o
    0x08002388   0x08002388   0x0000001e   Code   RO          428    i.UART_EndRxTransfer  stm32f0xx_hal_uart.o
    0x080023a6   0x080023a6   0x0000001a   Code   RO          429    i.UART_EndTransmit_IT  stm32f0xx_hal_uart.o
    0x080023c0   0x080023c0   0x00000012   Code   RO          430    i.UART_EndTxTransfer  stm32f0xx_hal_uart.o
    0x080023d2   0x080023d2   0x00000050   Code   RO          431    i.UART_Receive_IT   stm32f0xx_hal_uart.o
    0x08002422   0x08002422   0x00000002   PAD
    0x08002424   0x08002424   0x00000114   Code   RO          432    i.UART_SetConfig    stm32f0xx_hal_uart.o
    0x08002538   0x08002538   0x00000066   Code   RO          433    i.UART_Transmit_IT  stm32f0xx_hal_uart.o
    0x0800259e   0x0800259e   0x00000002   PAD
    0x080025a0   0x080025a0   0x00000010   Code   RO         2592    i.USART1_IRQHandler  stm32f0xx_it.o
    0x080025b0   0x080025b0   0x00000038   Code   RO         2038    i.Usart1SendData    bt_mode.o
    0x080025e8   0x080025e8   0x00000030   Code   RO         2039    i.User_UART_Receive_IT  bt_mode.o
    0x08002618   0x08002618   0x00000002   Code   RO         2535    i._Error_Handler    main.o
    0x0800261a   0x0800261a   0x0000000e   Code   RO         2751    i.__scatterload_copy  mc_p.l(handlers.o)
    0x08002628   0x08002628   0x00000002   Code   RO         2752    i.__scatterload_null  mc_p.l(handlers.o)
    0x0800262a   0x0800262a   0x0000000e   Code   RO         2753    i.__scatterload_zeroinit  mc_p.l(handlers.o)
    0x08002638   0x08002638   0x00000058   Code   RO         1941    i.app_main          app_main.o
    0x08002690   0x08002690   0x0000005c   Code   RO         2289    i.h_Big_Fire_Mode   big_fire.o
    0x080026ec   0x080026ec   0x00000040   Code   RO         2536    i.main              main.o
    0x0800272c   0x0800272c   0x00000014   Code   RO         2344    i.pulse_follow_volume  music_fire.o
    0x08002740   0x08002740   0x00000048   Code   RO         2345    i.pulse_follow_volume_2  music_fire.o
    0x08002788   0x08002788   0x00000074   Code   RO         2088    i.renew_volume      h_adc.o
    0x080027fc   0x080027fc   0x0000001c   Code   RO         2346    i.set_brightness    music_fire.o
    0x08002818   0x08002818   0x0000004c   Code   RO         2347    i.set_speed         music_fire.o
    0x08002864   0x08002864   0x00000020   Code   RO         2348    i.user_freq         music_fire.o
    0x08002884   0x08002884   0x00000100   Code   RO         2349    i.volume_counter    music_fire.o
    0x08002984   0x08002984   0x00000074   Code   RO         2089    i.volume_scan       h_adc.o
    0x080029f8   0x080029f8   0x00000038   Code   RO         2350    i.write_all_led     music_fire.o
    0x08002a30   0x08002a30   0x00000078   Data   RO         2247    .constdata          rgb.o
    0x08002aa8   0x08002aa8   0x00000ce4   Data   RO         2290    .constdata          big_fire.o
    0x0800378c   0x0800378c   0x000006cc   Data   RO         2317    .constdata          small_fire.o
    0x08003e58   0x08003e58   0x0000000c   Data   RO         2353    .constdata          music_fire.o
    0x08003e64   0x08003e64   0x00001a7c   Data   RO         2441    .constdata          s_follow_wind_fire.o
    0x080058e0   0x080058e0   0x00001680   Data   RO         2465    .constdata          s_small_fire.o
    0x08006f60   0x08006f60   0x00000010   Data   RO         2692    .constdata          system_stm32f0xx.o
    0x08006f70   0x08006f70   0x00000008   Data   RO         2693    .constdata          system_stm32f0xx.o
    0x08006f78   0x08006f78   0x00000020   Data   RO         2749    Region$$Table       anon$$obj.o


    Execution Region RW_IRAM1 (Exec base: 0x20000000, Load base: 0x08006f98, Size: 0x000008a0, Max: 0x00001000, ABSOLUTE)

    Exec Addr    Load Addr    Size         Type   Attr      Idx    E Section Name        Object

    0x20000000   0x08006f98   0x00000004   Data   RW         1443    .data               stm32f0xx_hal.o
    0x20000004   0x08006f9c   0x0000000a   Data   RW         1942    .data               app_main.o
    0x2000000e   0x08006fa6   0x00000001   Data   RW         1943    .data               app_main.o
    0x2000000f   0x08006fa7   0x00000001   Data   RW         1945    .data               app_main.o
    0x20000010   0x08006fa8   0x00000001   Data   RW         2041    .data               bt_mode.o
    0x20000011   0x08006fa9   0x00000004   Data   RW         2042    .data               bt_mode.o
    0x20000015   0x08006fad   0x00000001   PAD
    0x20000016   0x08006fae   0x0000000a   Data   RW         2100    .data               h_adc.o
    0x20000020   0x08006fb8   0x00000034   Data   RW         2205    .data               key.o
    0x20000054   0x08006fec   0x00000002   Data   RW         2291    .data               big_fire.o
    0x20000056   0x08006fee   0x00000007   Data   RW         2354    .data               music_fire.o
    0x2000005d   0x08006ff5   0x00000003   Data   RW         2442    .data               s_follow_wind_fire.o
    0x20000060   0x08006ff8   0x00000003   Data   RW         2466    .data               s_small_fire.o
    0x20000063   0x08006ffb   0x00000001   PAD
    0x20000064   0x08006ffc   0x00000004   Data   RW         2694    .data               system_stm32f0xx.o
    0x20000068        -       0x0000005a   Zero   RW         2040    .bss                bt_mode.o
    0x200000c2        -       0x00000156   Zero   RW         2090    .bss                h_adc.o
    0x20000218        -       0x00000014   Zero   RW         2099    .bss                h_adc.o
    0x2000022c        -       0x00000078   Zero   RW         2246    .bss                rgb.o
    0x200002a4        -       0x00000064   Zero   RW         2351    .bss                music_fire.o
    0x20000308        -       0x00000024   Zero   RW         2494    .bss                sn3731.o
    0x2000032c        -       0x00000024   Zero   RW         2495    .bss                sn3731.o
    0x20000350        -       0x0000004b   Zero   RW         2496    .bss                sn3731.o
    0x2000039b   0x08007000   0x00000001   PAD
    0x2000039c        -       0x000000bc   Zero   RW         2537    .bss                main.o
    0x20000458        -       0x00000044   Zero   RW         2538    .bss                main.o
    0x2000049c   0x08007000   0x00000004   PAD
    0x200004a0        -       0x00000400   Zero   RW            1    STACK               startup_stm32f030x6.o


==============================================================================

Image component sizes


      Code (inc. data)   RO Data    RW Data    ZI Data      Debug   Object Name

       272         24          0         12          0       5454   app_main.o
        92         12       3300          2          0       1235   big_fire.o
       328         36          0          5         90       3252   bt_mode.o
       446         50          0         10        362       5145   h_adc.o
       448         40          0          0          0       3993   io_iic.o
       484         32          0         52          0       3168   key.o
       538         36          0          0        256       4308   main.o
       856         72         12          7        100       6092   music_fire.o
       292         42        120          0        120       3238   rgb.o
        96         14       6780          3          0       1310   s_follow_wind_fire.o
        96         14       5760          3          0       1219   s_small_fire.o
         0          0       1740          0          0        603   small_fire.o
       136         16          0          0        147       2200   sn3731.o
        28          8        176          0       1024        656   startup_stm32f030x6.o
        94         18          0          4          0       3211   stm32f0xx_hal.o
      1382         54          0          0          0      10084   stm32f0xx_hal_adc.o
       176          0          0          0          0       1434   stm32f0xx_hal_adc_ex.o
       178         28          0          0          0      10739   stm32f0xx_hal_cortex.o
       542         14          0          0          0     244782   stm32f0xx_hal_dma.o
       350         26          0          0          0       2971   stm32f0xx_hal_gpio.o
       292         58          0          0          0       2286   stm32f0xx_hal_msp.o
      1316         94          0          0          0       5153   stm32f0xx_hal_rcc.o
       232         14          0          0          0       1412   stm32f0xx_hal_rcc_ex.o
      1472         26          0          0          0      11929   stm32f0xx_hal_uart.o
       156         44          0          0          0       3250   stm32f0xx_it.o
        92         14         24          4          0       1219   system_stm32f0xx.o

    ----------------------------------------------------------------------
     10418        786      17944        104       2104     340343   Object Totals
         0          0         32          0          0          0   (incl. Generated)
        24          0          0          2          5          0   (incl. Padding)

    ----------------------------------------------------------------------

      Code (inc. data)   RO Data    RW Data    ZI Data      Debug   Library Member Name

         0          0          0          0          0          0   entry.o
         0          0          0          0          0          0   entry10a.o
         0          0          0          0          0          0   entry11a.o
         8          4          0          0          0          0   entry2.o
         4          0          0          0          0          0   entry5.o
         0          0          0          0          0          0   entry7b.o
         0          0          0          0          0          0   entry8b.o
         8          4          0          0          0          0   entry9a.o
        30          0          0          0          0          0   handlers.o
        40          0          0          0          0         72   idiv.o
        36          8          0          0          0         68   init.o
        36          0          0          0          0        100   memseta.o
        44          0          0          0          0         72   uidiv.o

    ----------------------------------------------------------------------
       206         16          0          0          0        312   Library Totals
         0          0          0          0          0          0   (incl. Padding)

    ----------------------------------------------------------------------

      Code (inc. data)   RO Data    RW Data    ZI Data      Debug   Library Name

       206         16          0          0          0        312   mc_p.l

    ----------------------------------------------------------------------
       206         16          0          0          0        312   Library Totals

    ----------------------------------------------------------------------

==============================================================================


      Code (inc. data)   RO Data    RW Data    ZI Data      Debug   

     10624        802      17944        104       2104     335967   Grand Totals
     10624        802      17944        104       2104     335967   ELF Image Totals
     10624        802      17944        104          0          0   ROM Totals

==============================================================================

    Total RO  Size (Code + RO Data)                28568 (  27.90kB)
    Total RW  Size (RW Data + ZI Data)              2208 (   2.16kB)
    Total ROM Size (Code + RO Data + RW Data)      28672 (  28.00kB)

==============================================================================

