<html>
<body>
<pre>
<h1>µVision Build Log</h1>
<h2>Tool Versions:</h2>
IDE-Version: ¦ÌVision V5.25.0.0
Copyright (C) 2017 ARM Ltd and ARM Germany GmbH. All rights reserved.
License Information: TXT-S TXT-S, TXT-S, LIC=W9663-A4AP8-JNMA8-3LFDS-4RU7M-SHX9P
 
Tool Versions:
Toolchain:       MDK-ARM Professional  Version: 5.25.0.0
Toolchain Path:  D:\ProgramFiles\Keil_v5\ARM\ARMCC\Bin
C Compiler:      Armcc.exe V5.06 update 6 (build 750)
Assembler:       Armasm.exe V5.06 update 6 (build 750)
Linker/Locator:  ArmLink.exe V5.06 update 6 (build 750)
Library Manager: ArmAr.exe V5.06 update 6 (build 750)
Hex Converter:   FromElf.exe V5.06 update 6 (build 750)
CPU DLL:         SARMCM3.DLL V5.25.0.0
Dialog DLL:      DARMCM1.DLL V1.19.0.0
Target DLL:      STLink\ST-LINKIII-KEIL_SWO.dll V3.0.1.0
Dialog DLL:      TARMCM1.DLL V1.14.0.0
 
<h2>Project:</h2>
F:\homework\keil5\Project\Project.company\4¡¢GP-A012\GP-A012_NewPCB_SN3731_LED\MDK-ARM\GP-A012.uvprojx
Project File Date:  09/27/2018

<h2>Output:</h2>
*** Using Compiler 'V5.06 update 6 (build 750)', folder: 'D:\ProgramFiles\Keil_v5\ARM\ARMCC\Bin'
Rebuild target 'GP-A012_NEWPCB_SN3731'
assembling startup_stm32f030x6.s...
compiling stm32f0xx_hal_dma.c...
compiling stm32f0xx_hal_adc.c...
compiling stm32f0xx_hal_uart.c...
compiling stm32f0xx_hal_tim_ex.c...
compiling stm32f0xx_hal_uart_ex.c...
compiling stm32f0xx_hal_i2c.c...
compiling stm32f0xx_hal_rcc.c...
compiling stm32f0xx_hal_i2c_ex.c...
compiling stm32f0xx_hal_flash.c...
compiling stm32f0xx_hal_tim.c...
compiling stm32f0xx_hal.c...
compiling stm32f0xx_hal_pwr.c...
compiling stm32f0xx_hal_flash_ex.c...
compiling stm32f0xx_hal_rcc_ex.c...
compiling stm32f0xx_hal_cortex.c...
compiling stm32f0xx_hal_adc_ex.c...
compiling stm32f0xx_hal_pwr_ex.c...
compiling app_main.c...
compiling stm32f0xx_hal_gpio.c...
compiling bt_mode.c...
compiling h_adc.c...
compiling IO_IIC.c...
compiling big_fire.c...
compiling Key.c...
compiling rgb.c...
compiling s_big_fire.c...
compiling music_fire.c...
compiling small_fire.c...
compiling s_follow_wind_fire.c...
compiling SN3731.c...
compiling s_small_fire.c...
compiling stm32f0xx_it.c...
compiling stm32f0xx_hal_msp.c...
compiling main.c...
compiling system_stm32f0xx.c...
linking...
Program Size: Code=10624 RO-data=17944 RW-data=104 ZI-data=2104  
FromELF: creating hex file...
"GP-A012\GP-A012_SN3731.axf" - 0 Error(s), 0 Warning(s).

<h2>Software Packages used:</h2>

Package Vendor: ARM
                http://www.keil.com/pack/ARM.CMSIS.5.4.0.pack
                ARM.CMSIS.5.4.0
                CMSIS (Cortex Microcontroller Software Interface Standard)
   * Component: CORE Version: 5.1.2

Package Vendor: Keil
                http://www.keil.com/pack/Keil.STM32F0xx_DFP.2.0.0.pack
                Keil.STM32F0xx_DFP.2.0.0
                STMicroelectronics STM32F0 Series Device Support, Drivers and Examples

<h2>Collection of Component include folders:</h2>
  .\RTE\_GP-A012_NEWPCB_SN3731
  D:\ProgramFiles\Keil_v5\ARM\PACK\ARM\CMSIS\5.4.0\CMSIS\Core\Include
  D:\ProgramFiles\Keil_v5\ARM\PACK\Keil\STM32F0xx_DFP\2.0.0\Drivers\CMSIS\Device\ST\STM32F0xx\Include

<h2>Collection of Component Files used:</h2>

   * Component: ARM::CMSIS:CORE:5.1.2
Build Time Elapsed:  00:00:20
</pre>
</body>
</html>
