Component: ARM Compiler 5.06 update 6 (build 750) Tool: armlink [4d35ed]

==============================================================================

Section Cross References

    startup_stm32f030x6.o(RESET) refers to startup_stm32f030x6.o(STACK) for __initial_sp
    startup_stm32f030x6.o(RESET) refers to startup_stm32f030x6.o(.text) for Reset_Handler
    startup_stm32f030x6.o(RESET) refers to stm32f0xx_it.o(i.NMI_Handler) for NMI_Handler
    startup_stm32f030x6.o(RESET) refers to stm32f0xx_it.o(i.HardFault_Handler) for HardFault_Handler
    startup_stm32f030x6.o(RESET) refers to stm32f0xx_it.o(i.SVC_Handler) for SVC_Handler
    startup_stm32f030x6.o(RESET) refers to stm32f0xx_it.o(i.PendSV_Handler) for PendSV_Handler
    startup_stm32f030x6.o(RESET) refers to stm32f0xx_it.o(i.SysTick_Handler) for SysTick_Handler
    startup_stm32f030x6.o(RESET) refers to stm32f0xx_it.o(i.DMA1_Channel1_IRQHandler) for DMA1_Channel1_IRQHandler
    startup_stm32f030x6.o(RESET) refers to stm32f0xx_it.o(i.USART1_IRQHandler) for USART1_IRQHandler
    startup_stm32f030x6.o(.text) refers to system_stm32f0xx.o(i.SystemInit) for SystemInit
    startup_stm32f030x6.o(.text) refers to entry.o(.ARM.Collect$$$$00000000) for __main
    stm32f0xx_hal_dma.o(i.DMA_CalcBaseAndBitshift) refers to uidiv.o(.text) for __aeabi_uidivmod
    stm32f0xx_hal_dma.o(i.HAL_DMA_DeInit) refers to stm32f0xx_hal_dma.o(i.DMA_CalcBaseAndBitshift) for DMA_CalcBaseAndBitshift
    stm32f0xx_hal_dma.o(i.HAL_DMA_Init) refers to stm32f0xx_hal_dma.o(i.DMA_CalcBaseAndBitshift) for DMA_CalcBaseAndBitshift
    stm32f0xx_hal_dma.o(i.HAL_DMA_PollForTransfer) refers to stm32f0xx_hal.o(i.HAL_GetTick) for HAL_GetTick
    stm32f0xx_hal_dma.o(i.HAL_DMA_Start) refers to stm32f0xx_hal_dma.o(i.DMA_SetConfig) for DMA_SetConfig
    stm32f0xx_hal_dma.o(i.HAL_DMA_Start_IT) refers to stm32f0xx_hal_dma.o(i.DMA_SetConfig) for DMA_SetConfig
    stm32f0xx_hal_dma.o(i.HAL_DMA_UnRegisterCallback) refers to stm32f0xx_hal_dma.o(i.__ARM_common_switch8) for __ARM_common_switch8
    stm32f0xx_hal_adc.o(i.ADC_ConversionStop) refers to stm32f0xx_hal.o(i.HAL_GetTick) for HAL_GetTick
    stm32f0xx_hal_adc.o(i.ADC_DMAConvCplt) refers to stm32f0xx_hal_adc.o(i.HAL_ADC_ConvCpltCallback) for HAL_ADC_ConvCpltCallback
    stm32f0xx_hal_adc.o(i.ADC_DMAError) refers to stm32f0xx_hal_adc.o(i.HAL_ADC_ErrorCallback) for HAL_ADC_ErrorCallback
    stm32f0xx_hal_adc.o(i.ADC_DMAHalfConvCplt) refers to stm32f0xx_hal_adc.o(i.HAL_ADC_ConvHalfCpltCallback) for HAL_ADC_ConvHalfCpltCallback
    stm32f0xx_hal_adc.o(i.ADC_Disable) refers to stm32f0xx_hal.o(i.HAL_GetTick) for HAL_GetTick
    stm32f0xx_hal_adc.o(i.ADC_Enable) refers to uidiv.o(.text) for __aeabi_uidivmod
    stm32f0xx_hal_adc.o(i.ADC_Enable) refers to stm32f0xx_hal.o(i.HAL_GetTick) for HAL_GetTick
    stm32f0xx_hal_adc.o(i.ADC_Enable) refers to system_stm32f0xx.o(.data) for SystemCoreClock
    stm32f0xx_hal_adc.o(i.HAL_ADC_ConfigChannel) refers to uidiv.o(.text) for __aeabi_uidivmod
    stm32f0xx_hal_adc.o(i.HAL_ADC_ConfigChannel) refers to system_stm32f0xx.o(.data) for SystemCoreClock
    stm32f0xx_hal_adc.o(i.HAL_ADC_DeInit) refers to stm32f0xx_hal_adc.o(i.ADC_ConversionStop) for ADC_ConversionStop
    stm32f0xx_hal_adc.o(i.HAL_ADC_DeInit) refers to stm32f0xx_hal_adc.o(i.ADC_Disable) for ADC_Disable
    stm32f0xx_hal_adc.o(i.HAL_ADC_DeInit) refers to stm32f0xx_hal_msp.o(i.HAL_ADC_MspDeInit) for HAL_ADC_MspDeInit
    stm32f0xx_hal_adc.o(i.HAL_ADC_IRQHandler) refers to stm32f0xx_hal_adc.o(i.HAL_ADC_ConvCpltCallback) for HAL_ADC_ConvCpltCallback
    stm32f0xx_hal_adc.o(i.HAL_ADC_IRQHandler) refers to stm32f0xx_hal_adc.o(i.HAL_ADC_LevelOutOfWindowCallback) for HAL_ADC_LevelOutOfWindowCallback
    stm32f0xx_hal_adc.o(i.HAL_ADC_IRQHandler) refers to stm32f0xx_hal_adc.o(i.HAL_ADC_ErrorCallback) for HAL_ADC_ErrorCallback
    stm32f0xx_hal_adc.o(i.HAL_ADC_Init) refers to stm32f0xx_hal_msp.o(i.HAL_ADC_MspInit) for HAL_ADC_MspInit
    stm32f0xx_hal_adc.o(i.HAL_ADC_PollForConversion) refers to stm32f0xx_hal.o(i.HAL_GetTick) for HAL_GetTick
    stm32f0xx_hal_adc.o(i.HAL_ADC_PollForEvent) refers to stm32f0xx_hal.o(i.HAL_GetTick) for HAL_GetTick
    stm32f0xx_hal_adc.o(i.HAL_ADC_Start) refers to stm32f0xx_hal_adc.o(i.ADC_Enable) for ADC_Enable
    stm32f0xx_hal_adc.o(i.HAL_ADC_Start_DMA) refers to stm32f0xx_hal_adc.o(i.ADC_Enable) for ADC_Enable
    stm32f0xx_hal_adc.o(i.HAL_ADC_Start_DMA) refers to stm32f0xx_hal_dma.o(i.HAL_DMA_Start_IT) for HAL_DMA_Start_IT
    stm32f0xx_hal_adc.o(i.HAL_ADC_Start_DMA) refers to stm32f0xx_hal_adc.o(i.ADC_DMAConvCplt) for ADC_DMAConvCplt
    stm32f0xx_hal_adc.o(i.HAL_ADC_Start_DMA) refers to stm32f0xx_hal_adc.o(i.ADC_DMAHalfConvCplt) for ADC_DMAHalfConvCplt
    stm32f0xx_hal_adc.o(i.HAL_ADC_Start_DMA) refers to stm32f0xx_hal_adc.o(i.ADC_DMAError) for ADC_DMAError
    stm32f0xx_hal_adc.o(i.HAL_ADC_Start_IT) refers to stm32f0xx_hal_adc.o(i.ADC_Enable) for ADC_Enable
[...]
    Removing stm32f0xx_hal_uart.o(i.HAL_UART_GetError), (4 bytes).
    Removing stm32f0xx_hal_uart.o(i.HAL_UART_GetState), (14 bytes).
    Removing stm32f0xx_hal_uart.o(i.HAL_UART_MspDeInit), (2 bytes).
    Removing stm32f0xx_hal_uart.o(i.HAL_UART_MspInit), (2 bytes).
    Removing stm32f0xx_hal_uart.o(i.HAL_UART_Receive), (248 bytes).
    Removing stm32f0xx_hal_uart.o(i.HAL_UART_Receive_DMA), (168 bytes).
    Removing stm32f0xx_hal_uart.o(i.HAL_UART_RxCpltCallback), (2 bytes).
    Removing stm32f0xx_hal_uart.o(i.HAL_UART_RxHalfCpltCallback), (2 bytes).
    Removing stm32f0xx_hal_uart.o(i.HAL_UART_Transmit), (214 bytes).
    Removing stm32f0xx_hal_uart.o(i.HAL_UART_Transmit_DMA), (160 bytes).
    Removing stm32f0xx_hal_uart.o(i.HAL_UART_TxHalfCpltCallback), (2 bytes).
    Removing stm32f0xx_hal_uart.o(i.UART_DMAError), (76 bytes).
    Removing stm32f0xx_hal_uart.o(i.UART_DMAReceiveCplt), (64 bytes).
    Removing stm32f0xx_hal_uart.o(i.UART_DMARxAbortCallback), (54 bytes).
    Removing stm32f0xx_hal_uart.o(i.UART_DMARxHalfCplt), (10 bytes).
    Removing stm32f0xx_hal_uart.o(i.UART_DMARxOnlyAbortCallback), (28 bytes).
    Removing stm32f0xx_hal_uart.o(i.UART_DMATransmitCplt), (48 bytes).
    Removing stm32f0xx_hal_uart.o(i.UART_DMATxAbortCallback), (54 bytes).
    Removing stm32f0xx_hal_uart.o(i.UART_DMATxHalfCplt), (10 bytes).
    Removing stm32f0xx_hal_uart.o(i.UART_DMATxOnlyAbortCallback), (22 bytes).
    Removing stm32f0xx_hal_uart.o(i.UART_WaitOnFlagUntilTimeout), (98 bytes).
    Removing stm32f0xx_hal_i2c.o(.rev16_text), (4 bytes).
    Removing stm32f0xx_hal_i2c.o(.revsh_text), (4 bytes).
    Removing stm32f0xx_hal_i2c.o(i.HAL_I2C_AbortCpltCallback), (2 bytes).
    Removing stm32f0xx_hal_i2c.o(i.HAL_I2C_AddrCallback), (2 bytes).
    Removing stm32f0xx_hal_i2c.o(i.HAL_I2C_DeInit), (50 bytes).
    Removing stm32f0xx_hal_i2c.o(i.HAL_I2C_DisableListen_IT), (48 bytes).
    Removing stm32f0xx_hal_i2c.o(i.HAL_I2C_ER_IRQHandler), (88 bytes).
    Removing stm32f0xx_hal_i2c.o(i.HAL_I2C_EV_IRQHandler), (16 bytes).
    Removing stm32f0xx_hal_i2c.o(i.HAL_I2C_EnableListen_IT), (40 bytes).
    Removing stm32f0xx_hal_i2c.o(i.HAL_I2C_ErrorCallback), (2 bytes).
    Removing stm32f0xx_hal_i2c.o(i.HAL_I2C_GetError), (4 bytes).
    Removing stm32f0xx_hal_i2c.o(i.HAL_I2C_GetMode), (6 bytes).
    Removing stm32f0xx_hal_i2c.o(i.HAL_I2C_GetState), (6 bytes).
    Removing stm32f0xx_hal_i2c.o(i.HAL_I2C_Init), (188 bytes).
    Removing stm32f0xx_hal_i2c.o(i.HAL_I2C_IsDeviceReady), (324 bytes).
    Removing stm32f0xx_hal_i2c.o(i.HAL_I2C_ListenCpltCallback), (2 bytes).
    Removing stm32f0xx_hal_i2c.o(i.HAL_I2C_MasterRxCpltCallback), (2 bytes).
    Removing stm32f0xx_hal_i2c.o(i.HAL_I2C_MasterTxCpltCallback), (2 bytes).
    Removing stm32f0xx_hal_i2c.o(i.HAL_I2C_Master_Abort_IT), (88 bytes).
    Removing stm32f0xx_hal_i2c.o(i.HAL_I2C_Master_Receive), (340 bytes).
    Removing stm32f0xx_hal_i2c.o(i.HAL_I2C_Master_Receive_DMA), (244 bytes).
    Removing stm32f0xx_hal_i2c.o(i.HAL_I2C_Master_Receive_IT), (132 bytes).
    Removing stm32f0xx_hal_i2c.o(i.HAL_I2C_Master_Sequential_Receive_IT), (120 bytes).
    Removing stm32f0xx_hal_i2c.o(i.HAL_I2C_Master_Sequential_Transmit_IT), (120 bytes).
    Removing stm32f0xx_hal_i2c.o(i.HAL_I2C_Master_Transmit), (336 bytes).
    Removing stm32f0xx_hal_i2c.o(i.HAL_I2C_Master_Transmit_DMA), (244 bytes).
    Removing stm32f0xx_hal_i2c.o(i.HAL_I2C_Master_Transmit_IT), (132 bytes).
    Removing stm32f0xx_hal_i2c.o(i.HAL_I2C_MemRxCpltCallback), (2 bytes).
    Removing stm32f0xx_hal_i2c.o(i.HAL_I2C_MemTxCpltCallback), (2 bytes).
    Removing stm32f0xx_hal_i2c.o(i.HAL_I2C_Mem_Read), (384 bytes).
    Removing stm32f0xx_hal_i2c.o(i.HAL_I2C_Mem_Read_DMA), (268 bytes).
    Removing stm32f0xx_hal_i2c.o(i.HAL_I2C_Mem_Read_IT), (200 bytes).
    Removing stm32f0xx_hal_i2c.o(i.HAL_I2C_Mem_Write), (388 bytes).
    Removing stm32f0xx_hal_i2c.o(i.HAL_I2C_Mem_Write_DMA), (260 bytes).
    Removing stm32f0xx_hal_i2c.o(i.HAL_I2C_Mem_Write_IT), (196 bytes).
    Removing stm32f0xx_hal_i2c.o(i.HAL_I2C_MspDeInit), (2 bytes).
    Removing stm32f0xx_hal_i2c.o(i.HAL_I2C_MspInit), (2 bytes).
    Removing stm32f0xx_hal_i2c.o(i.HAL_I2C_SlaveRxCpltCallback), (2 bytes).
    Removing stm32f0xx_hal_i2c.o(i.HAL_I2C_SlaveTxCpltCallback), (2 bytes).
    Removing stm32f0xx_hal_i2c.o(i.HAL_I2C_Slave_Receive), (334 bytes).
    Removing stm32f0xx_hal_i2c.o(i.HAL_I2C_Slave_Receive_DMA), (160 bytes).
    Removing stm32f0xx_hal_i2c.o(i.HAL_I2C_Slave_Receive_IT), (92 bytes).
    Removing stm32f0xx_hal_i2c.o(i.HAL_I2C_Slave_Sequential_Receive_IT), (148 bytes).
    Removing stm32f0xx_hal_i2c.o(i.HAL_I2C_Slave_Sequential_Transmit_IT), (148 bytes).
    Removing stm32f0xx_hal_i2c.o(i.HAL_I2C_Slave_Transmit), (352 bytes).
    Removing stm32f0xx_hal_i2c.o(i.HAL_I2C_Slave_Transmit_DMA), (160 bytes).
    Removing stm32f0xx_hal_i2c.o(i.HAL_I2C_Slave_Transmit_IT), (92 bytes).
    Removing stm32f0xx_hal_i2c.o(i.I2C_DMAAbort), (52 bytes).
    Removing stm32f0xx_hal_i2c.o(i.I2C_DMAError), (24 bytes).
    Removing stm32f0xx_hal_i2c.o(i.I2C_DMAMasterReceiveCplt), (78 bytes).
    Removing stm32f0xx_hal_i2c.o(i.I2C_DMAMasterTransmitCplt), (78 bytes).
    Removing stm32f0xx_hal_i2c.o(i.I2C_DMASlaveReceiveCplt), (2 bytes).
    Removing stm32f0xx_hal_i2c.o(i.I2C_DMASlaveTransmitCplt), (2 bytes).
    Removing stm32f0xx_hal_i2c.o(i.I2C_Disable_IRQ), (94 bytes).
    Removing stm32f0xx_hal_i2c.o(i.I2C_Enable_IRQ), (104 bytes).
    Removing stm32f0xx_hal_i2c.o(i.I2C_Flush_TXDR), (34 bytes).
    Removing stm32f0xx_hal_i2c.o(i.I2C_ITAddrCplt), (154 bytes).
    Removing stm32f0xx_hal_i2c.o(i.I2C_ITError), (208 bytes).
    Removing stm32f0xx_hal_i2c.o(i.I2C_ITListenCplt), (92 bytes).
    Removing stm32f0xx_hal_i2c.o(i.I2C_ITMasterCplt), (172 bytes).
    Removing stm32f0xx_hal_i2c.o(i.I2C_ITMasterSequentialCplt), (72 bytes).
    Removing stm32f0xx_hal_i2c.o(i.I2C_ITSlaveCplt), (244 bytes).
    Removing stm32f0xx_hal_i2c.o(i.I2C_ITSlaveSequentialCplt), (74 bytes).
    Removing stm32f0xx_hal_i2c.o(i.I2C_IsAcknowledgeFailed), (120 bytes).
    Removing stm32f0xx_hal_i2c.o(i.I2C_Master_ISR_DMA), (202 bytes).
    Removing stm32f0xx_hal_i2c.o(i.I2C_Master_ISR_IT), (336 bytes).
    Removing stm32f0xx_hal_i2c.o(i.I2C_RequestMemoryRead), (132 bytes).
    Removing stm32f0xx_hal_i2c.o(i.I2C_RequestMemoryWrite), (132 bytes).
    Removing stm32f0xx_hal_i2c.o(i.I2C_Slave_ISR_DMA), (108 bytes).
    Removing stm32f0xx_hal_i2c.o(i.I2C_Slave_ISR_IT), (292 bytes).
    Removing stm32f0xx_hal_i2c.o(i.I2C_TransferConfig), (36 bytes).
    Removing stm32f0xx_hal_i2c.o(i.I2C_WaitOnFlagUntilTimeout), (72 bytes).
    Removing stm32f0xx_hal_i2c.o(i.I2C_WaitOnRXNEFlagUntilTimeout), (124 bytes).
    Removing stm32f0xx_hal_i2c.o(i.I2C_WaitOnSTOPFlagUntilTimeout), (78 bytes).
    Removing stm32f0xx_hal_i2c.o(i.I2C_WaitOnTXISFlagUntilTimeout), (82 bytes).
    Removing stm32f0xx_hal_tim_ex.o(.rev16_text), (4 bytes).
    Removing stm32f0xx_hal_tim_ex.o(.revsh_text), (4 bytes).
    Removing stm32f0xx_hal_uart_ex.o(.rev16_text), (4 bytes).
    Removing stm32f0xx_hal_uart_ex.o(.revsh_text), (4 bytes).
    Removing stm32f0xx_hal_uart_ex.o(i.HAL_MultiProcessorEx_AddressLength_Set), (54 bytes).
    Removing stm32f0xx_hal_uart_ex.o(i.HAL_RS485Ex_Init), (148 bytes).
    Removing stm32f0xx_hal_rcc.o(.rev16_text), (4 bytes).
    Removing stm32f0xx_hal_rcc.o(.revsh_text), (4 bytes).
    Removing stm32f0xx_hal_rcc.o(i.HAL_RCC_CSSCallback), (2 bytes).
    Removing stm32f0xx_hal_rcc.o(i.HAL_RCC_DeInit), (76 bytes).
    Removing stm32f0xx_hal_rcc.o(i.HAL_RCC_DisableCSS), (20 bytes).
    Removing stm32f0xx_hal_rcc.o(i.HAL_RCC_EnableCSS), (20 bytes).
    Removing stm32f0xx_hal_rcc.o(i.HAL_RCC_GetClockConfig), (56 bytes).
    Removing stm32f0xx_hal_rcc.o(i.HAL_RCC_GetOscConfig), (160 bytes).
    Removing stm32f0xx_hal_rcc.o(i.HAL_RCC_MCOConfig), (80 bytes).
    Removing stm32f0xx_hal_rcc.o(i.HAL_RCC_NMI_IRQHandler), (24 bytes).
    Removing stm32f0xx_hal_i2c_ex.o(.rev16_text), (4 bytes).
    Removing stm32f0xx_hal_i2c_ex.o(.revsh_text), (4 bytes).
    Removing stm32f0xx_hal_i2c_ex.o(i.HAL_I2CEx_ConfigAnalogFilter), (78 bytes).
    Removing stm32f0xx_hal_i2c_ex.o(i.HAL_I2CEx_ConfigDigitalFilter), (76 bytes).
    Removing stm32f0xx_hal_i2c_ex.o(i.HAL_I2CEx_DisableFastModePlus), (36 bytes).
    Removing stm32f0xx_hal_i2c_ex.o(i.HAL_I2CEx_EnableFastModePlus), (36 bytes).
    Removing stm32f0xx_hal_flash.o(.rev16_text), (4 bytes).
    Removing stm32f0xx_hal_flash.o(.revsh_text), (4 bytes).
    Removing stm32f0xx_hal_flash.o(i.FLASH_Program_HalfWord), (32 bytes).
    Removing stm32f0xx_hal_flash.o(i.FLASH_SetErrorCode), (56 bytes).
    Removing stm32f0xx_hal_flash.o(i.FLASH_WaitForLastOperation), (80 bytes).
    Removing stm32f0xx_hal_flash.o(i.HAL_FLASH_EndOfOperationCallback), (2 bytes).
    Removing stm32f0xx_hal_flash.o(i.HAL_FLASH_GetError), (12 bytes).
    Removing stm32f0xx_hal_flash.o(i.HAL_FLASH_IRQHandler), (280 bytes).
    Removing stm32f0xx_hal_flash.o(i.HAL_FLASH_Lock), (20 bytes).
    Removing stm32f0xx_hal_flash.o(i.HAL_FLASH_OB_Launch), (32 bytes).
    Removing stm32f0xx_hal_flash.o(i.HAL_FLASH_OB_Lock), (20 bytes).
    Removing stm32f0xx_hal_flash.o(i.HAL_FLASH_OB_Unlock), (36 bytes).
    Removing stm32f0xx_hal_flash.o(i.HAL_FLASH_OperationErrorCallback), (2 bytes).
    Removing stm32f0xx_hal_flash.o(i.HAL_FLASH_Program), (132 bytes).
    Removing stm32f0xx_hal_flash.o(i.HAL_FLASH_Program_IT), (100 bytes).
    Removing stm32f0xx_hal_flash.o(i.HAL_FLASH_Unlock), (36 bytes).
    Removing stm32f0xx_hal_flash.o(.bss), (32 bytes).
    Removing stm32f0xx_hal_tim.o(.rev16_text), (4 bytes).
    Removing stm32f0xx_hal_tim.o(.revsh_text), (4 bytes).
    Removing stm32f0xx_hal.o(.rev16_text), (4 bytes).
    Removing stm32f0xx_hal.o(.revsh_text), (4 bytes).
    Removing stm32f0xx_hal.o(i.HAL_DBGMCU_DisableDBGStandbyMode), (16 bytes).
    Removing stm32f0xx_hal.o(i.HAL_DBGMCU_DisableDBGStopMode), (16 bytes).
    Removing stm32f0xx_hal.o(i.HAL_DBGMCU_EnableDBGStandbyMode), (16 bytes).
    Removing stm32f0xx_hal.o(i.HAL_DBGMCU_EnableDBGStopMode), (16 bytes).
    Removing stm32f0xx_hal.o(i.HAL_DeInit), (36 bytes).
    Removing stm32f0xx_hal.o(i.HAL_Delay), (28 bytes).
    Removing stm32f0xx_hal.o(i.HAL_GetDEVID), (16 bytes).
    Removing stm32f0xx_hal.o(i.HAL_GetHalVersion), (8 bytes).
    Removing stm32f0xx_hal.o(i.HAL_GetREVID), (12 bytes).
    Removing stm32f0xx_hal.o(i.HAL_GetUIDw0), (12 bytes).
    Removing stm32f0xx_hal.o(i.HAL_GetUIDw1), (12 bytes).
    Removing stm32f0xx_hal.o(i.HAL_GetUIDw2), (12 bytes).
    Removing stm32f0xx_hal.o(i.HAL_MspDeInit), (2 bytes).
    Removing stm32f0xx_hal.o(i.HAL_MspInit), (2 bytes).
    Removing stm32f0xx_hal.o(i.HAL_ResumeTick), (16 bytes).
    Removing stm32f0xx_hal.o(i.HAL_SuspendTick), (16 bytes).
    Removing stm32f0xx_hal_pwr.o(.rev16_text), (4 bytes).
    Removing stm32f0xx_hal_pwr.o(.revsh_text), (4 bytes).
    Removing stm32f0xx_hal_pwr.o(i.HAL_PWR_DeInit), (24 bytes).
    Removing stm32f0xx_hal_pwr.o(i.HAL_PWR_DisableBkUpAccess), (16 bytes).
    Removing stm32f0xx_hal_pwr.o(i.HAL_PWR_DisableSEVOnPend), (16 bytes).
    Removing stm32f0xx_hal_pwr.o(i.HAL_PWR_DisableSleepOnExit), (16 bytes).
    Removing stm32f0xx_hal_pwr.o(i.HAL_PWR_DisableWakeUpPin), (16 bytes).
    Removing stm32f0xx_hal_pwr.o(i.HAL_PWR_EnableBkUpAccess), (16 bytes).
    Removing stm32f0xx_hal_pwr.o(i.HAL_PWR_EnableSEVOnPend), (16 bytes).
    Removing stm32f0xx_hal_pwr.o(i.HAL_PWR_EnableSleepOnExit), (16 bytes).
    Removing stm32f0xx_hal_pwr.o(i.HAL_PWR_EnableWakeUpPin), (16 bytes).
    Removing stm32f0xx_hal_pwr.o(i.HAL_PWR_EnterSLEEPMode), (32 bytes).
    Removing stm32f0xx_hal_pwr.o(i.HAL_PWR_EnterSTANDBYMode), (32 bytes).
    Removing stm32f0xx_hal_pwr.o(i.HAL_PWR_EnterSTOPMode), (52 bytes).
    Removing stm32f0xx_hal_flash_ex.o(.rev16_text), (4 bytes).
    Removing stm32f0xx_hal_flash_ex.o(.revsh_text), (4 bytes).
    Removing stm32f0xx_hal_flash_ex.o(i.FLASH_MassErase), (36 bytes).
    Removing stm32f0xx_hal_flash_ex.o(i.FLASH_OB_DisableWRP), (88 bytes).
    Removing stm32f0xx_hal_flash_ex.o(i.FLASH_OB_EnableWRP), (88 bytes).
    Removing stm32f0xx_hal_flash_ex.o(i.FLASH_OB_GetRDP), (32 bytes).
    Removing stm32f0xx_hal_flash_ex.o(i.FLASH_OB_GetUser), (16 bytes).
    Removing stm32f0xx_hal_flash_ex.o(i.FLASH_OB_GetWRP), (12 bytes).
    Removing stm32f0xx_hal_flash_ex.o(i.FLASH_OB_ProgramData), (60 bytes).
    Removing stm32f0xx_hal_flash_ex.o(i.FLASH_OB_RDP_LevelConfig), (96 bytes).
    Removing stm32f0xx_hal_flash_ex.o(i.FLASH_OB_UserConfig), (68 bytes).
    Removing stm32f0xx_hal_flash_ex.o(i.FLASH_PageErase), (36 bytes).
    Removing stm32f0xx_hal_flash_ex.o(i.HAL_FLASHEx_Erase), (160 bytes).
    Removing stm32f0xx_hal_flash_ex.o(i.HAL_FLASHEx_Erase_IT), (88 bytes).
    Removing stm32f0xx_hal_flash_ex.o(i.HAL_FLASHEx_OBErase), (80 bytes).
    Removing stm32f0xx_hal_flash_ex.o(i.HAL_FLASHEx_OBGetConfig), (28 bytes).
    Removing stm32f0xx_hal_flash_ex.o(i.HAL_FLASHEx_OBGetUserData), (32 bytes).
    Removing stm32f0xx_hal_flash_ex.o(i.HAL_FLASHEx_OBProgram), (132 bytes).
    Removing stm32f0xx_hal_rcc_ex.o(.rev16_text), (4 bytes).
    Removing stm32f0xx_hal_rcc_ex.o(.revsh_text), (4 bytes).
    Removing stm32f0xx_hal_rcc_ex.o(i.HAL_RCCEx_GetPeriphCLKConfig), (44 bytes).
    Removing stm32f0xx_hal_rcc_ex.o(i.HAL_RCCEx_GetPeriphCLKFreq), (188 bytes).
    Removing stm32f0xx_hal_cortex.o(.rev16_text), (4 bytes).
    Removing stm32f0xx_hal_cortex.o(.revsh_text), (4 bytes).
    Removing stm32f0xx_hal_cortex.o(i.HAL_NVIC_ClearPendingIRQ), (20 bytes).
    Removing stm32f0xx_hal_cortex.o(i.HAL_NVIC_DisableIRQ), (20 bytes).
    Removing stm32f0xx_hal_cortex.o(i.HAL_NVIC_GetPendingIRQ), (28 bytes).
    Removing stm32f0xx_hal_cortex.o(i.HAL_NVIC_GetPriority), (60 bytes).
    Removing stm32f0xx_hal_cortex.o(i.HAL_NVIC_SetPendingIRQ), (20 bytes).
    Removing stm32f0xx_hal_cortex.o(i.HAL_NVIC_SystemReset), (28 bytes).
    Removing stm32f0xx_hal_adc_ex.o(.rev16_text), (4 bytes).
    Removing stm32f0xx_hal_adc_ex.o(.revsh_text), (4 bytes).
    Removing stm32f0xx_hal_pwr_ex.o(.rev16_text), (4 bytes).
    Removing stm32f0xx_hal_pwr_ex.o(.revsh_text), (4 bytes).
    Removing stm32f0xx_hal_gpio.o(.rev16_text), (4 bytes).
    Removing stm32f0xx_hal_gpio.o(.revsh_text), (4 bytes).
    Removing stm32f0xx_hal_gpio.o(i.HAL_GPIO_DeInit), (212 bytes).
    Removing stm32f0xx_hal_gpio.o(i.HAL_GPIO_EXTI_Callback), (2 bytes).
    Removing stm32f0xx_hal_gpio.o(i.HAL_GPIO_EXTI_IRQHandler), (24 bytes).
    Removing stm32f0xx_hal_gpio.o(i.HAL_GPIO_LockPin), (38 bytes).
    Removing stm32f0xx_hal_gpio.o(i.HAL_GPIO_TogglePin), (8 bytes).
    Removing app_main.o(.rev16_text), (4 bytes).
    Removing app_main.o(.revsh_text), (4 bytes).
    Removing app_main.o(.data), (1 bytes).
    Removing bt_mode.o(.rev16_text), (4 bytes).
    Removing bt_mode.o(.revsh_text), (4 bytes).
    Removing h_adc.o(.rev16_text), (4 bytes).
    Removing h_adc.o(.revsh_text), (4 bytes).
    Removing h_adc.o(.bss), (108 bytes).
    Removing h_adc.o(.bss), (108 bytes).
    Removing h_adc.o(.bss), (108 bytes).
    Removing h_adc.o(.bss), (108 bytes).
    Removing h_adc.o(.bss), (108 bytes).
    Removing h_adc.o(.bss), (108 bytes).
    Removing h_adc.o(.bss), (108 bytes).
    Removing h_adc.o(.bss), (12 bytes).
    Removing h_adc.o(.bss), (20 bytes).
    Removing h_adc.o(.data), (1 bytes).
    Removing h_adc.o(.data), (2 bytes).
    Removing h_adc.o(.data), (2 bytes).
    Removing h_adc.o(.data), (1 bytes).
    Removing h_adc.o(.data), (1 bytes).
    Removing io_iic.o(.rev16_text), (4 bytes).
    Removing io_iic.o(.revsh_text), (4 bytes).
    Removing io_iic.o(i.IIC_Init), (112 bytes).
    Removing io_iic.o(i.IIC_Send_Byte), (104 bytes).
    Removing io_iic.o(i.IIC_Send_Byte_Mix), (120 bytes).
    Removing io_iic.o(i.IIC_Start), (44 bytes).
    Removing io_iic.o(i.IIC_Stop), (56 bytes).
    Removing io_iic.o(i.IIC_Wait_Ack), (24 bytes).
    Removing key.o(.rev16_text), (4 bytes).
    Removing key.o(.revsh_text), (4 bytes).
    Removing rgb.o(.rev16_text), (4 bytes).
    Removing rgb.o(.revsh_text), (4 bytes).
    Removing rgb.o(i.FireMode_Handle), (108 bytes).
    Removing rgb.o(i.LoadData_to_SN3236Driver_H), (80 bytes).
    Removing rgb.o(i.LoadData_to_SN3236Driver_V), (76 bytes).
    Removing rgb.o(i.Off_Fire_Mode), (52 bytes).
    Removing rgb.o(.bss), (120 bytes).
    Removing rgb.o(.constdata), (120 bytes).
    Removing rgb.o(.data), (1 bytes).
    Removing rgb.o(.data), (1 bytes).
    Removing big_fire.o(.rev16_text), (4 bytes).
    Removing big_fire.o(.revsh_text), (4 bytes).
    Removing big_fire.o(i.h_Big_Fire_Mode), (92 bytes).
    Removing big_fire.o(.constdata), (3300 bytes).
    Removing big_fire.o(.data), (2 bytes).
    Removing small_fire.o(.rev16_text), (4 bytes).
    Removing small_fire.o(.revsh_text), (4 bytes).
    Removing small_fire.o(i.h_Small_Fire_Mode), (92 bytes).
    Removing small_fire.o(.constdata), (1740 bytes).
    Removing small_fire.o(.data), (2 bytes).
    Removing music_fire.o(.rev16_text), (4 bytes).
    Removing music_fire.o(.revsh_text), (4 bytes).
    Removing music_fire.o(i.Music_Fire_Mode), (324 bytes).
    Removing music_fire.o(i.pulse_follow_volume), (20 bytes).
    Removing music_fire.o(i.pulse_follow_volume_2), (72 bytes).
    Removing music_fire.o(i.set_brightness), (28 bytes).
    Removing music_fire.o(i.set_speed), (80 bytes).
    Removing music_fire.o(i.user_freq), (32 bytes).
    Removing music_fire.o(i.volume_counter), (268 bytes).
    Removing music_fire.o(i.write_all_led), (56 bytes).
    Removing music_fire.o(.bss), (100 bytes).
    Removing music_fire.o(.constdata), (7200 bytes).
    Removing music_fire.o(.constdata), (12 bytes).
    Removing music_fire.o(.data), (7 bytes).
    Removing s_big_fire.o(.rev16_text), (4 bytes).
    Removing s_big_fire.o(.revsh_text), (4 bytes).
    Removing s_big_fire.o(i.Big_Fire_Mode), (96 bytes).
    Removing s_big_fire.o(.constdata), (1440 bytes).
    Removing s_big_fire.o(.data), (3 bytes).
    Removing s_follow_wind_fire.o(.rev16_text), (4 bytes).
    Removing s_follow_wind_fire.o(.revsh_text), (4 bytes).
    Removing s_follow_wind_fire.o(i.Follow_Wind_Fire_Mode), (96 bytes).
    Removing s_follow_wind_fire.o(.constdata), (6780 bytes).
    Removing s_follow_wind_fire.o(.data), (3 bytes).
    Removing s_small_fire.o(.rev16_text), (4 bytes).
    Removing s_small_fire.o(.revsh_text), (4 bytes).
    Removing s_small_fire.o(i.Small_Fire_Mode), (96 bytes).
    Removing s_small_fire.o(.constdata), (5760 bytes).
    Removing s_small_fire.o(.data), (3 bytes).
    Removing sn3236.o(.rev16_text), (4 bytes).
    Removing sn3236.o(.revsh_text), (4 bytes).
    Removing sn3236.o(i.SN3236_Driver), (20 bytes).
    Removing sn3236.o(i.SN3236_Init1), (48 bytes).
    Removing sn3236.o(i.SN3236_RegWrite), (68 bytes).
    Removing sn3236.o(.bss), (36 bytes).
    Removing sn3236.o(.bss), (36 bytes).
    Removing sn3236.o(.bss), (75 bytes).
    Removing sn3731.o(.rev16_text), (4 bytes).
    Removing sn3731.o(.revsh_text), (4 bytes).
    Removing sn3731.o(i.Led_SelectChip), (12 bytes).
    Removing sn3731.o(i.Load_Data_PWM), (276 bytes).
    Removing sn3731.o(i.SN3731_AudioFrame_EN), (40 bytes).
    Removing sn3731.o(i.SN3731_AudioSyn), (22 bytes).
    Removing sn3731.o(i.SN3731_Audio_AGCEN), (52 bytes).
    Removing sn3731.o(i.SN3731_Audio_AGCMode), (52 bytes).
    Removing sn3731.o(i.SN3731_Audio_Gain), (36 bytes).
    Removing sn3731.o(i.SN3731_Audio_SampleTime), (22 bytes).
    Removing sn3731.o(i.SN3731_BlinkEN), (52 bytes).
    Removing sn3731.o(i.SN3731_Blink_Brightness), (52 bytes).
    Removing sn3731.o(i.SN3731_Blink_period), (36 bytes).
    Removing sn3731.o(i.SN3731_BreathEN), (48 bytes).
    Removing sn3731.o(i.SN3731_Breath_RampDown), (40 bytes).
    Removing sn3731.o(i.SN3731_Breath_RampUp), (36 bytes).
    Removing sn3731.o(i.SN3731_Breath_extinguish), (36 bytes).
    Removing sn3731.o(i.SN3731_DEMO), (14 bytes).
    Removing sn3731.o(i.SN3731_DeleteFrame_OnOff), (28 bytes).
    Removing sn3731.o(i.SN3731_DeleteFrame_blink), (28 bytes).
    Removing sn3731.o(i.SN3731_DeleteFrame_pwm), (28 bytes).
    Removing sn3731.o(i.SN3731_DisplayFrame), (22 bytes).
    Removing sn3731.o(i.SN3731_Init), (232 bytes).
    Removing sn3731.o(i.SN3731_Init2), (148 bytes).
    Removing sn3731.o(i.SN3731_LedBlinkTurnOnOff_WrtieInMatrix), (116 bytes).
    Removing sn3731.o(i.SN3731_LedBlinkTurnOnOff_WrtieInSequence), (76 bytes).
    Removing sn3731.o(i.SN3731_LedTurnOnOff_WriteInMatrix), (136 bytes).
    Removing sn3731.o(i.SN3731_LedTurnOnOff_WriteInSequence), (80 bytes).
    Removing sn3731.o(i.SN3731_Led_TurnOff_All), (44 bytes).
    Removing sn3731.o(i.SN3731_Movie_EN), (32 bytes).
    Removing sn3731.o(i.SN3731_PingPang_BufferWrite), (616 bytes).
    Removing sn3731.o(i.SN3731_Set_FrameDelay), (12 bytes).
    Removing sn3731.o(i.SN3731_Set_FrameNum), (28 bytes).
    Removing sn3731.o(i.SN3731_Set_LoopNum), (32 bytes).
    Removing sn3731.o(i.SN3731_Set_StartFrame_Picture), (28 bytes).
    Removing sn3731.o(i.SN3731_SoftWareEn), (22 bytes).
    Removing sn3731.o(i.SN3731_Write8Picture_Into8FrameReg), (60 bytes).
    Removing sn3731.o(i.SN3731_blink_TurnOff_All), (56 bytes).
    Removing sn3731.o(i.SN3731_blink_TurnOn_All), (56 bytes).
    Removing sn3731.o(.bss), (262 bytes).
    Removing sn3731.o(.data), (1 bytes).
    Removing sn3731.o(.data), (1 bytes).
    Removing sn3731.o(.data), (1 bytes).
    Removing sn3731.o(.data), (1 bytes).
    Removing sn3731_io_iic.o(.rev16_text), (4 bytes).
    Removing sn3731_io_iic.o(.revsh_text), (4 bytes).
    Removing sn3731_io_iic.o(i.SN3731_IIC_Read8Bit), (108 bytes).
    Removing sn3731_io_iic.o(i.SN3731_IIC_ReadReg), (144 bytes).
    Removing sn3731_io_iic.o(i.SN3731_IIC_Write_Reg), (80 bytes).
    Removing sn3731_io_iic.o(i.SN3731_ReadReg), (24 bytes).
    Removing sn3731_io_iic.o(i.SN3731_SelectSection), (8 bytes).
    Removing sn3731_io_iic.o(i.SN3731_WriteReg), (8 bytes).
    Removing sn3731_io_iic.o(i.SN3731_WriteRegs), (8 bytes).
    Removing sn3731_array.o(.rev16_text), (4 bytes).
    Removing sn3731_array.o(.revsh_text), (4 bytes).
    Removing sn3731_array.o(.constdata), (144 bytes).
    Removing sn3731_array.o(.constdata), (18 bytes).
    Removing sn3731_array.o(.constdata), (18 bytes).
    Removing sn3731_array.o(.constdata), (18 bytes).
    Removing sn3731_array.o(.constdata), (20880 bytes).
    Removing main.o(.rev16_text), (4 bytes).
    Removing main.o(.revsh_text), (4 bytes).
    Removing stm32f0xx_it.o(.rev16_text), (4 bytes).
    Removing stm32f0xx_it.o(.revsh_text), (4 bytes).
    Removing stm32f0xx_hal_msp.o(.rev16_text), (4 bytes).
    Removing stm32f0xx_hal_msp.o(.revsh_text), (4 bytes).
    Removing stm32f0xx_hal_msp.o(i.HAL_ADC_MspDeInit), (48 bytes).
    Removing stm32f0xx_hal_msp.o(i.HAL_UART_MspDeInit), (48 bytes).
    Removing system_stm32f0xx.o(.rev16_text), (4 bytes).
    Removing system_stm32f0xx.o(.revsh_text), (4 bytes).
    Removing system_stm32f0xx.o(i.SystemCoreClockUpdate), (124 bytes).
    Removing stm32f0xx_hal_dma.o(i.__ARM_common_switch8), (26 bytes).

418 unused section(s) (total 72631 bytes) removed from the image.

==============================================================================

Image Symbol Table

    Local Symbols

    Symbol Name                              Value     Ov Type        Size  Object(Section)

    ..//Src/system_stm32f0xx.c               0x00000000   Number         0  system_stm32f0xx.o ABSOLUTE
    ../Drivers/STM32F0xx_HAL_Driver/Src/stm32f0xx_hal.c 0x00000000   Number         0  stm32f0xx_hal.o ABSOLUTE
    ../Drivers/STM32F0xx_HAL_Driver/Src/stm32f0xx_hal_adc.c 0x00000000   Number         0  stm32f0xx_hal_adc.o ABSOLUTE
    ../Drivers/STM32F0xx_HAL_Driver/Src/stm32f0xx_hal_adc_ex.c 0x00000000   Number         0  stm32f0xx_hal_adc_ex.o ABSOLUTE
    ../Drivers/STM32F0xx_HAL_Driver/Src/stm32f0xx_hal_cortex.c 0x00000000   Number         0  stm32f0xx_hal_cortex.o ABSOLUTE
    ../Drivers/STM32F0xx_HAL_Driver/Src/stm32f0xx_hal_dma.c 0x00000000   Number         0  stm32f0xx_hal_dma.o ABSOLUTE
    ../Drivers/STM32F0xx_HAL_Driver/Src/stm32f0xx_hal_flash.c 0x00000000   Number         0  stm32f0xx_hal_flash.o ABSOLUTE
    ../Drivers/STM32F0xx_HAL_Driver/Src/stm32f0xx_hal_flash_ex.c 0x00000000   Number         0  stm32f0xx_hal_flash_ex.o ABSOLUTE
    ../Drivers/STM32F0xx_HAL_Driver/Src/stm32f0xx_hal_gpio.c 0x00000000   Number         0  stm32f0xx_hal_gpio.o ABSOLUTE
    ../Drivers/STM32F0xx_HAL_Driver/Src/stm32f0xx_hal_i2c.c 0x00000000   Number         0  stm32f0xx_hal_i2c.o ABSOLUTE
    ../Drivers/STM32F0xx_HAL_Driver/Src/stm32f0xx_hal_i2c_ex.c 0x00000000   Number         0  stm32f0xx_hal_i2c_ex.o ABSOLUTE
    ../Drivers/STM32F0xx_HAL_Driver/Src/stm32f0xx_hal_pwr.c 0x00000000   Number         0  stm32f0xx_hal_pwr.o ABSOLUTE
    ../Drivers/STM32F0xx_HAL_Driver/Src/stm32f0xx_hal_pwr_ex.c 0x00000000   Number         0  stm32f0xx_hal_pwr_ex.o ABSOLUTE
    ../Drivers/STM32F0xx_HAL_Driver/Src/stm32f0xx_hal_rcc.c 0x00000000   Number         0  stm32f0xx_hal_rcc.o ABSOLUTE
    ../Drivers/STM32F0xx_HAL_Driver/Src/stm32f0xx_hal_rcc_ex.c 0x00000000   Number         0  stm32f0xx_hal_rcc_ex.o ABSOLUTE
    ../Drivers/STM32F0xx_HAL_Driver/Src/stm32f0xx_hal_tim.c 0x00000000   Number         0  stm32f0xx_hal_tim.o ABSOLUTE
    ../Drivers/STM32F0xx_HAL_Driver/Src/stm32f0xx_hal_tim_ex.c 0x00000000   Number         0  stm32f0xx_hal_tim_ex.o ABSOLUTE
    ../Drivers/STM32F0xx_HAL_Driver/Src/stm32f0xx_hal_uart.c 0x00000000   Number         0  stm32f0xx_hal_uart.o ABSOLUTE
    ../Drivers/STM32F0xx_HAL_Driver/Src/stm32f0xx_hal_uart_ex.c 0x00000000   Number         0  stm32f0xx_hal_uart_ex.o ABSOLUTE
    ../Src/main.c                            0x00000000   Number         0  main.o ABSOLUTE
    ../Src/stm32f0xx_hal_msp.c               0x00000000   Number         0  stm32f0xx_hal_msp.o ABSOLUTE
    ../Src/stm32f0xx_it.c                    0x00000000   Number         0  stm32f0xx_it.o ABSOLUTE
    ../clib/microlib/division.c              0x00000000   Number         0  uidiv.o ABSOLUTE
    ../clib/microlib/division.c              0x00000000   Number         0  idiv.o ABSOLUTE
    ../clib/microlib/init/entry.s            0x00000000   Number         0  entry11b.o ABSOLUTE
    ../clib/microlib/init/entry.s            0x00000000   Number         0  entry11a.o ABSOLUTE
    ../clib/microlib/init/entry.s            0x00000000   Number         0  entry10b.o ABSOLUTE
    ../clib/microlib/init/entry.s            0x00000000   Number         0  entry10a.o ABSOLUTE
    ../clib/microlib/init/entry.s            0x00000000   Number         0  entry.o ABSOLUTE
    ../clib/microlib/init/entry.s            0x00000000   Number         0  entry9b.o ABSOLUTE
    ../clib/microlib/init/entry.s            0x00000000   Number         0  entry2.o ABSOLUTE
    ../clib/microlib/init/entry.s            0x00000000   Number         0  entry5.o ABSOLUTE
    ../clib/microlib/init/entry.s            0x00000000   Number         0  entry7a.o ABSOLUTE
    ../clib/microlib/init/entry.s            0x00000000   Number         0  entry7b.o ABSOLUTE
    ../clib/microlib/init/entry.s            0x00000000   Number         0  entry8a.o ABSOLUTE
    ../clib/microlib/init/entry.s            0x00000000   Number         0  entry8b.o ABSOLUTE
    ../clib/microlib/init/entry.s            0x00000000   Number         0  entry9a.o ABSOLUTE
    ../clib/microlib/longlong.c              0x00000000   Number         0  llushr.o ABSOLUTE
    ../clib/microlib/string/memset.c         0x00000000   Number         0  memseta.o ABSOLUTE
    ..\App\IO_IIC.c                          0x00000000   Number         0  io_iic.o ABSOLUTE
    ..\App\Key.c                             0x00000000   Number         0  key.o ABSOLUTE
    ..\App\SN3236.c                          0x00000000   Number         0  sn3236.o ABSOLUTE
    ..\App\SN3731.c                          0x00000000   Number         0  sn3731.o ABSOLUTE
    ..\App\SN3731_Array.c                    0x00000000   Number         0  sn3731_array.o ABSOLUTE
    ..\App\SN3731_IO_IIC.c                   0x00000000   Number         0  sn3731_io_iic.o ABSOLUTE
    ..\App\app_main.c                        0x00000000   Number         0  app_main.o ABSOLUTE
    ..\App\big_fire.c                        0x00000000   Number         0  big_fire.o ABSOLUTE
    ..\App\bt_mode.c                         0x00000000   Number         0  bt_mode.o ABSOLUTE
    ..\App\h_adc.c                           0x00000000   Number         0  h_adc.o ABSOLUTE
    ..\App\music_fire.c                      0x00000000   Number         0  music_fire.o ABSOLUTE
    ..\App\rgb.c                             0x00000000   Number         0  rgb.o ABSOLUTE
    ..\App\s_big_fire.c                      0x00000000   Number         0  s_big_fire.o ABSOLUTE
    ..\App\s_follow_wind_fire.c              0x00000000   Number         0  s_follow_wind_fire.o ABSOLUTE
    ..\App\s_small_fire.c                    0x00000000   Number         0  s_small_fire.o ABSOLUTE
    ..\App\small_fire.c                      0x00000000   Number         0  small_fire.o ABSOLUTE
    ..\Drivers\STM32F0xx_HAL_Driver\Src\stm32f0xx_hal.c 0x00000000   Number         0  stm32f0xx_hal.o ABSOLUTE
    ..\Drivers\STM32F0xx_HAL_Driver\Src\stm32f0xx_hal_adc.c 0x00000000   Number         0  stm32f0xx_hal_adc.o ABSOLUTE
    ..\Drivers\STM32F0xx_HAL_Driver\Src\stm32f0xx_hal_adc_ex.c 0x00000000   Number         0  stm32f0xx_hal_adc_ex.o ABSOLUTE
    ..\Drivers\STM32F0xx_HAL_Driver\Src\stm32f0xx_hal_cortex.c 0x00000000   Number         0  stm32f0xx_hal_cortex.o ABSOLUTE
    ..\Drivers\STM32F0xx_HAL_Driver\Src\stm32f0xx_hal_dma.c 0x00000000   Number         0  stm32f0xx_hal_dma.o ABSOLUTE
    ..\Drivers\STM32F0xx_HAL_Driver\Src\stm32f0xx_hal_flash.c 0x00000000   Number         0  stm32f0xx_hal_flash.o ABSOLUTE
    ..\Drivers\STM32F0xx_HAL_Driver\Src\stm32f0xx_hal_flash_ex.c 0x00000000   Number         0  stm32f0xx_hal_flash_ex.o ABSOLUTE
    ..\Drivers\STM32F0xx_HAL_Driver\Src\stm32f0xx_hal_gpio.c 0x00000000   Number         0  stm32f0xx_hal_gpio.o ABSOLUTE
    ..\Drivers\STM32F0xx_HAL_Driver\Src\stm32f0xx_hal_i2c.c 0x00000000   Number         0  stm32f0xx_hal_i2c.o ABSOLUTE
    ..\Drivers\STM32F0xx_HAL_Driver\Src\stm32f0xx_hal_i2c_ex.c 0x00000000   Number         0  stm32f0xx_hal_i2c_ex.o ABSOLUTE
    ..\Drivers\STM32F0xx_HAL_Driver\Src\stm32f0xx_hal_pwr.c 0x00000000   Number         0  stm32f0xx_hal_pwr.o ABSOLUTE
    ..\Drivers\STM32F0xx_HAL_Driver\Src\stm32f0xx_hal_pwr_ex.c 0x00000000   Number         0  stm32f0xx_hal_pwr_ex.o ABSOLUTE
    ..\Drivers\STM32F0xx_HAL_Driver\Src\stm32f0xx_hal_rcc.c 0x00000000   Number         0  stm32f0xx_hal_rcc.o ABSOLUTE
    ..\Drivers\STM32F0xx_HAL_Driver\Src\stm32f0xx_hal_rcc_ex.c 0x00000000   Number         0  stm32f0xx_hal_rcc_ex.o ABSOLUTE
    ..\Drivers\STM32F0xx_HAL_Driver\Src\stm32f0xx_hal_tim.c 0x00000000   Number         0  stm32f0xx_hal_tim.o ABSOLUTE
    ..\Drivers\STM32F0xx_HAL_Driver\Src\stm32f0xx_hal_tim_ex.c 0x00000000   Number         0  stm32f0xx_hal_tim_ex.o ABSOLUTE
    ..\Drivers\STM32F0xx_HAL_Driver\Src\stm32f0xx_hal_uart.c 0x00000000   Number         0  stm32f0xx_hal_uart.o ABSOLUTE
    ..\Drivers\STM32F0xx_HAL_Driver\Src\stm32f0xx_hal_uart_ex.c 0x00000000   Number         0  stm32f0xx_hal_uart_ex.o ABSOLUTE
    ..\Src\main.c                            0x00000000   Number         0  main.o ABSOLUTE
    ..\Src\stm32f0xx_hal_msp.c               0x00000000   Number         0  stm32f0xx_hal_msp.o ABSOLUTE
    ..\Src\stm32f0xx_it.c                    0x00000000   Number         0  stm32f0xx_it.o ABSOLUTE
    ..\\App\\IO_IIC.c                        0x00000000   Number         0  io_iic.o ABSOLUTE
    ..\\App\\Key.c                           0x00000000   Number         0  key.o ABSOLUTE
    ..\\App\\SN3236.c                        0x00000000   Number         0  sn3236.o ABSOLUTE
    ..\\App\\SN3731.c                        0x00000000   Number         0  sn3731.o ABSOLUTE
    ..\\App\\SN3731_Array.c                  0x00000000   Number         0  sn3731_array.o ABSOLUTE
    ..\\App\\SN3731_IO_IIC.c                 0x00000000   Number         0  sn3731_io_iic.o ABSOLUTE
    ..\\App\\app_main.c                      0x00000000   Number         0  app_main.o ABSOLUTE
    ..\\App\\big_fire.c                      0x00000000   Number         0  big_fire.o ABSOLUTE
    ..\\App\\bt_mode.c                       0x00000000   Number         0  bt_mode.o ABSOLUTE
    ..\\App\\h_adc.c                         0x00000000   Number         0  h_adc.o ABSOLUTE
    ..\\App\\music_fire.c                    0x00000000   Number         0  music_fire.o ABSOLUTE
    ..\\App\\rgb.c                           0x00000000   Number         0  rgb.o ABSOLUTE
    ..\\App\\s_big_fire.c                    0x00000000   Number         0  s_big_fire.o ABSOLUTE
    ..\\App\\s_follow_wind_fire.c            0x00000000   Number         0  s_follow_wind_fire.o ABSOLUTE
    ..\\App\\s_small_fire.c                  0x00000000   Number         0  s_small_fire.o ABSOLUTE
    ..\\App\\small_fire.c                    0x00000000   Number         0  small_fire.o ABSOLUTE
    ..\\Src\system_stm32f0xx.c               0x00000000   Number         0  system_stm32f0xx.o ABSOLUTE
    dc.s                                     0x00000000   Number         0  dc.o ABSOLUTE
    handlers.s                               0x00000000   Number         0  handlers.o ABSOLUTE
    init.s                                   0x00000000   Number         0  init.o ABSOLUTE
    startup_stm32f030x6.s                    0x00000000   Number         0  startup_stm32f030x6.o ABSOLUTE
    RESET                                    0x08000000   Section      176  startup_stm32f030x6.o(RESET)
    .ARM.Collect$$$$00000000                 0x080000b0   Section        0  entry.o(.ARM.Collect$$$$00000000)
    .ARM.Collect$$$$00000001                 0x080000b0   Section        4  entry2.o(.ARM.Collect$$$$00000001)
    .ARM.Collect$$$$00000004                 0x080000b4   Section        4  entry5.o(.ARM.Collect$$$$00000004)
    .ARM.Collect$$$$00000008                 0x080000b8   Section        0  entry7b.o(.ARM.Collect$$$$00000008)
    .ARM.Collect$$$$0000000A                 0x080000b8   Section        0  entry8b.o(.ARM.Collect$$$$0000000A)
    .ARM.Collect$$$$0000000B                 0x080000b8   Section        8  entry9a.o(.ARM.Collect$$$$0000000B)
    .ARM.Collect$$$$0000000D                 0x080000c0   Section        0  entry10a.o(.ARM.Collect$$$$0000000D)
    .ARM.Collect$$$$0000000F                 0x080000c0   Section        0  entry11a.o(.ARM.Collect$$$$0000000F)
    .ARM.Collect$$$$00002712                 0x080000c0   Section        4  entry2.o(.ARM.Collect$$$$00002712)
    __lit__00000000                          0x080000c0   Data           4  entry2.o(.ARM.Collect$$$$00002712)
    .text                                    0x080000c4   Section       28  startup_stm32f030x6.o(.text)
    .text                                    0x080000e0   Section        0  uidiv.o(.text)
    .text                                    0x0800010c   Section        0  idiv.o(.text)
    .text                                    0x08000134   Section        0  memseta.o(.text)
    .text                                    0x08000158   Section       36  init.o(.text)
    i.ADC_ConversionStop                     0x0800017c   Section        0  stm32f0xx_hal_adc.o(i.ADC_ConversionStop)
    ADC_ConversionStop                       0x0800017d   Thumb Code    82  stm32f0xx_hal_adc.o(i.ADC_ConversionStop)
    i.ADC_DMAConvCplt                        0x080001ce   Section        0  stm32f0xx_hal_adc.o(i.ADC_DMAConvCplt)
    ADC_DMAConvCplt                          0x080001cf   Thumb Code   108  stm32f0xx_hal_adc.o(i.ADC_DMAConvCplt)
    i.ADC_DMAError                           0x0800023a   Section        0  stm32f0xx_hal_adc.o(i.ADC_DMAError)
    ADC_DMAError                             0x0800023b   Thumb Code    26  stm32f0xx_hal_adc.o(i.ADC_DMAError)
    i.ADC_DMAHalfConvCplt                    0x08000254   Section        0  stm32f0xx_hal_adc.o(i.ADC_DMAHalfConvCplt)
    ADC_DMAHalfConvCplt                      0x08000255   Thumb Code    10  stm32f0xx_hal_adc.o(i.ADC_DMAHalfConvCplt)
    i.ADC_Disable                            0x0800025e   Section        0  stm32f0xx_hal_adc.o(i.ADC_Disable)
    ADC_Disable                              0x0800025f   Thumb Code   118  stm32f0xx_hal_adc.o(i.ADC_Disable)
    i.ADC_Enable                             0x080002d4   Section        0  stm32f0xx_hal_adc.o(i.ADC_Enable)
    ADC_Enable                               0x080002d5   Thumb Code   142  stm32f0xx_hal_adc.o(i.ADC_Enable)
    i.ADC_GetBuffer                          0x08000370   Section        0  h_adc.o(i.ADC_GetBuffer)
    i.Audio_Average                          0x080003f0   Section        0  h_adc.o(i.Audio_Average)
    i.BlueMode_Handle                        0x08000446   Section        0  bt_mode.o(i.BlueMode_Handle)
    i.BlueMode_Receive                       0x08000450   Section        0  bt_mode.o(i.BlueMode_Receive)
    i.DMA1_Channel1_IRQHandler               0x0800055c   Section        0  stm32f0xx_it.o(i.DMA1_Channel1_IRQHandler)
    i.DMA_CalcBaseAndBitshift                0x08000574   Section        0  stm32f0xx_hal_dma.o(i.DMA_CalcBaseAndBitshift)
    DMA_CalcBaseAndBitshift                  0x08000575   Thumb Code    26  stm32f0xx_hal_dma.o(i.DMA_CalcBaseAndBitshift)
    i.DMA_SetConfig                          0x08000598   Section        0  stm32f0xx_hal_dma.o(i.DMA_SetConfig)
    DMA_SetConfig                            0x08000599   Thumb Code    42  stm32f0xx_hal_dma.o(i.DMA_SetConfig)
    i.Delay_1us                              0x080005c2   Section        0  io_iic.o(i.Delay_1us)
    i.GetKeyValue                            0x080005d0   Section        0  key.o(i.GetKeyValue)
    i.HAL_ADCEx_Calibration_Start            0x080005ec   Section        0  stm32f0xx_hal_adc_ex.o(i.HAL_ADCEx_Calibration_Start)
    i.HAL_ADC_ConfigChannel                  0x0800069c   Section        0  stm32f0xx_hal_adc.o(i.HAL_ADC_ConfigChannel)
    i.HAL_ADC_ConvCpltCallback               0x080007b4   Section        0  stm32f0xx_hal_adc.o(i.HAL_ADC_ConvCpltCallback)
    i.HAL_ADC_ConvHalfCpltCallback           0x080007b6   Section        0  stm32f0xx_hal_adc.o(i.HAL_ADC_ConvHalfCpltCallback)
    i.HAL_ADC_ErrorCallback                  0x080007b8   Section        0  stm32f0xx_hal_adc.o(i.HAL_ADC_ErrorCallback)
    i.HAL_ADC_Init                           0x080007bc   Section        0  stm32f0xx_hal_adc.o(i.HAL_ADC_Init)
    i.HAL_ADC_MspInit                        0x08000934   Section        0  stm32f0xx_hal_msp.o(i.HAL_ADC_MspInit)
    i.HAL_ADC_Start_DMA                      0x080009c8   Section        0  stm32f0xx_hal_adc.o(i.HAL_ADC_Start_DMA)
    i.HAL_ADC_Stop_DMA                       0x08000a6c   Section        0  stm32f0xx_hal_adc.o(i.HAL_ADC_Stop_DMA)
    i.HAL_DMA_Abort                          0x08000ae6   Section        0  stm32f0xx_hal_dma.o(i.HAL_DMA_Abort)
    i.HAL_DMA_Abort_IT                       0x08000b12   Section        0  stm32f0xx_hal_dma.o(i.HAL_DMA_Abort_IT)
    i.HAL_DMA_IRQHandler                     0x08000b5a   Section        0  stm32f0xx_hal_dma.o(i.HAL_DMA_IRQHandler)
    i.HAL_DMA_Init                           0x08000c04   Section        0  stm32f0xx_hal_dma.o(i.HAL_DMA_Init)
    i.HAL_DMA_Start_IT                       0x08000c5c   Section        0  stm32f0xx_hal_dma.o(i.HAL_DMA_Start_IT)
    i.HAL_GPIO_Init                          0x08000cd0   Section        0  stm32f0xx_hal_gpio.o(i.HAL_GPIO_Init)
    i.HAL_GPIO_ReadPin                       0x08000e18   Section        0  stm32f0xx_hal_gpio.o(i.HAL_GPIO_ReadPin)
    i.HAL_GPIO_WritePin                      0x08000e26   Section        0  stm32f0xx_hal_gpio.o(i.HAL_GPIO_WritePin)
    i.HAL_GetTick                            0x08000e34   Section        0  stm32f0xx_hal.o(i.HAL_GetTick)
    i.HAL_IncTick                            0x08000e40   Section        0  stm32f0xx_hal.o(i.HAL_IncTick)
    i.HAL_Init                               0x08000e50   Section        0  stm32f0xx_hal.o(i.HAL_Init)
    i.HAL_InitTick                           0x08000e70   Section        0  stm32f0xx_hal.o(i.HAL_InitTick)
    i.HAL_MspInit                            0x08000e94   Section        0  stm32f0xx_hal_msp.o(i.HAL_MspInit)
    i.HAL_NVIC_EnableIRQ                     0x08000ecc   Section        0  stm32f0xx_hal_cortex.o(i.HAL_NVIC_EnableIRQ)
    i.HAL_NVIC_SetPriority                   0x08000ee0   Section        0  stm32f0xx_hal_cortex.o(i.HAL_NVIC_SetPriority)
    i.HAL_RCCEx_PeriphCLKConfig              0x08000ee8   Section        0  stm32f0xx_hal_rcc_ex.o(i.HAL_RCCEx_PeriphCLKConfig)
    i.HAL_RCC_ClockConfig                    0x08000fd8   Section        0  stm32f0xx_hal_rcc.o(i.HAL_RCC_ClockConfig)
    i.HAL_RCC_GetHCLKFreq                    0x0800111c   Section        0  stm32f0xx_hal_rcc.o(i.HAL_RCC_GetHCLKFreq)
    i.HAL_RCC_GetPCLK1Freq                   0x08001128   Section        0  stm32f0xx_hal_rcc.o(i.HAL_RCC_GetPCLK1Freq)
    i.HAL_RCC_GetSysClockFreq                0x08001148   Section        0  stm32f0xx_hal_rcc.o(i.HAL_RCC_GetSysClockFreq)
    i.HAL_RCC_OscConfig                      0x080011d4   Section        0  stm32f0xx_hal_rcc.o(i.HAL_RCC_OscConfig)
    i.HAL_SYSTICK_CLKSourceConfig            0x080015a8   Section        0  stm32f0xx_hal_cortex.o(i.HAL_SYSTICK_CLKSourceConfig)
    i.HAL_SYSTICK_Callback                   0x080015c4   Section        0  stm32f0xx_hal_cortex.o(i.HAL_SYSTICK_Callback)
    i.HAL_SYSTICK_Config                     0x080015c8   Section        0  stm32f0xx_hal_cortex.o(i.HAL_SYSTICK_Config)
    i.HAL_SYSTICK_IRQHandler                 0x080015f8   Section        0  stm32f0xx_hal_cortex.o(i.HAL_SYSTICK_IRQHandler)
    i.HAL_UART_DMAStop                       0x08001600   Section        0  stm32f0xx_hal_uart.o(i.HAL_UART_DMAStop)
    i.HAL_UART_ErrorCallback                 0x0800165a   Section        0  stm32f0xx_hal_uart.o(i.HAL_UART_ErrorCallback)
    i.HAL_UART_IRQHandler                    0x0800165c   Section        0  stm32f0xx_hal_uart.o(i.HAL_UART_IRQHandler)
    i.HAL_UART_Init                          0x0800177c   Section        0  stm32f0xx_hal_uart.o(i.HAL_UART_Init)
    i.HAL_UART_MspInit                       0x080017f0   Section        0  stm32f0xx_hal_msp.o(i.HAL_UART_MspInit)
    i.HAL_UART_Receive_IT                    0x08001848   Section        0  stm32f0xx_hal_uart.o(i.HAL_UART_Receive_IT)
    i.HAL_UART_Transmit_IT                   0x080018e4   Section        0  stm32f0xx_hal_uart.o(i.HAL_UART_Transmit_IT)
    i.HAL_UART_TxCpltCallback                0x08001946   Section        0  stm32f0xx_hal_uart.o(i.HAL_UART_TxCpltCallback)
    i.HardFault_Handler                      0x08001948   Section        0  stm32f0xx_it.o(i.HardFault_Handler)
    i.KeyComMsg                              0x0800194c   Section        0  key.o(i.KeyComMsg)
    i.KeyEventPorc                           0x08001a18   Section        0  key.o(i.KeyEventPorc)
    i.KeyScan                                0x08001ae0   Section        0  key.o(i.KeyScan)
    i.MX_ADC_Init                            0x08001aec   Section        0  main.o(i.MX_ADC_Init)
    MX_ADC_Init                              0x08001aed   Thumb Code   136  main.o(i.MX_ADC_Init)
    i.MX_DMA_Init                            0x08001b90   Section        0  main.o(i.MX_DMA_Init)
    MX_DMA_Init                              0x08001b91   Thumb Code    36  main.o(i.MX_DMA_Init)
    i.MX_GPIO_Init                           0x08001bb8   Section        0  main.o(i.MX_GPIO_Init)
    MX_GPIO_Init                             0x08001bb9   Thumb Code   154  main.o(i.MX_GPIO_Init)
    i.MX_USART1_UART_Init                    0x08001c60   Section        0  main.o(i.MX_USART1_UART_Init)
    MX_USART1_UART_Init                      0x08001c61   Thumb Code    58  main.o(i.MX_USART1_UART_Init)
    i.NMI_Handler                            0x08001cb4   Section        0  stm32f0xx_it.o(i.NMI_Handler)
    i.NVIC_SetPriority                       0x08001cb8   Section        0  stm32f0xx_hal_cortex.o(i.NVIC_SetPriority)
    NVIC_SetPriority                         0x08001cb9   Thumb Code    60  stm32f0xx_hal_cortex.o(i.NVIC_SetPriority)
    i.PendSV_Handler                         0x08001cfc   Section        0  stm32f0xx_it.o(i.PendSV_Handler)
    i.PowerON_Reset                          0x08001d00   Section        0  app_main.o(i.PowerON_Reset)
    i.SN3731_IIC_SelectSection               0x08001d64   Section        0  sn3731_io_iic.o(i.SN3731_IIC_SelectSection)
    i.SN3731_IIC_SendByte                    0x08001d9c   Section        0  sn3731_io_iic.o(i.SN3731_IIC_SendByte)
    SN3731_IIC_SendByte                      0x08001d9d   Thumb Code    80  sn3731_io_iic.o(i.SN3731_IIC_SendByte)
    i.SN3731_IIC_Start                       0x08001df0   Section        0  sn3731_io_iic.o(i.SN3731_IIC_Start)
    i.SN3731_IIC_Stop                        0x08001e54   Section        0  sn3731_io_iic.o(i.SN3731_IIC_Stop)
    i.SN3731_IIC_Wait_Ack                    0x08001e84   Section        0  sn3731_io_iic.o(i.SN3731_IIC_Wait_Ack)
    SN3731_IIC_Wait_Ack                      0x08001e85   Thumb Code    26  sn3731_io_iic.o(i.SN3731_IIC_Wait_Ack)
    i.SN3731_IIC_WriteRegs                   0x08001ea4   Section        0  sn3731_io_iic.o(i.SN3731_IIC_WriteRegs)
    i.SN3731_Led_TurnOn_All                  0x08001ee0   Section        0  sn3731.o(i.SN3731_Led_TurnOn_All)
    i.SVC_Handler                            0x08001f0c   Section        0  stm32f0xx_it.o(i.SVC_Handler)
    i.Scan_ONOFF                             0x08001f10   Section        0  app_main.o(i.Scan_ONOFF)
    i.SysTick_Handler                        0x08001f90   Section        0  stm32f0xx_it.o(i.SysTick_Handler)
    i.SystemClock_Config                     0x08001ffc   Section        0  main.o(i.SystemClock_Config)
    i.SystemInit                             0x0800209c   Section        0  system_stm32f0xx.o(i.SystemInit)
    i.UART_AdvFeatureConfig                  0x080020f8   Section        0  stm32f0xx_hal_uart.o(i.UART_AdvFeatureConfig)
    i.UART_CheckIdleState                    0x080021c2   Section        0  stm32f0xx_hal_uart.o(i.UART_CheckIdleState)
    i.UART_DMAAbortOnError                   0x080021d4   Section        0  stm32f0xx_hal_uart.o(i.UART_DMAAbortOnError)
    UART_DMAAbortOnError                     0x080021d5   Thumb Code    20  stm32f0xx_hal_uart.o(i.UART_DMAAbortOnError)
    i.UART_EndRxTransfer                     0x080021e8   Section        0  stm32f0xx_hal_uart.o(i.UART_EndRxTransfer)
    UART_EndRxTransfer                       0x080021e9   Thumb Code    30  stm32f0xx_hal_uart.o(i.UART_EndRxTransfer)
    i.UART_EndTransmit_IT                    0x08002206   Section        0  stm32f0xx_hal_uart.o(i.UART_EndTransmit_IT)
    i.UART_EndTxTransfer                     0x08002220   Section        0  stm32f0xx_hal_uart.o(i.UART_EndTxTransfer)
    UART_EndTxTransfer                       0x08002221   Thumb Code    18  stm32f0xx_hal_uart.o(i.UART_EndTxTransfer)
    i.UART_Receive_IT                        0x08002232   Section        0  stm32f0xx_hal_uart.o(i.UART_Receive_IT)
    i.UART_SetConfig                         0x08002284   Section        0  stm32f0xx_hal_uart.o(i.UART_SetConfig)
    i.UART_Transmit_IT                       0x080023e0   Section        0  stm32f0xx_hal_uart.o(i.UART_Transmit_IT)
    i.USART1_IRQHandler                      0x08002448   Section        0  stm32f0xx_it.o(i.USART1_IRQHandler)
    i.Usart1SendData                         0x08002458   Section        0  bt_mode.o(i.Usart1SendData)
    i.User_UART_Receive_IT                   0x08002490   Section        0  bt_mode.o(i.User_UART_Receive_IT)
    i._Error_Handler                         0x080024c0   Section        0  main.o(i._Error_Handler)
    i.__scatterload_copy                     0x080024c2   Section       14  handlers.o(i.__scatterload_copy)
    i.__scatterload_null                     0x080024d0   Section        2  handlers.o(i.__scatterload_null)
    i.__scatterload_zeroinit                 0x080024d2   Section       14  handlers.o(i.__scatterload_zeroinit)
    i.app_main                               0x080024e0   Section        0  app_main.o(i.app_main)
    i.init_g_parameter                       0x08002538   Section        0  app_main.o(i.init_g_parameter)
    i.main                                   0x0800259c   Section        0  main.o(i.main)
    i.renew_volume                           0x080025bc   Section        0  h_adc.o(i.renew_volume)
    i.volume_scan                            0x08002630   Section        0  h_adc.o(i.volume_scan)
    .constdata                               0x080026b0   Section      144  sn3731_array.o(.constdata)
    .constdata                               0x08002740   Section       18  sn3731_array.o(.constdata)
    .constdata                               0x08002752   Section       16  system_stm32f0xx.o(.constdata)
    .constdata                               0x08002762   Section        8  system_stm32f0xx.o(.constdata)
    .data                                    0x20000000   Section        4  stm32f0xx_hal.o(.data)
    .data                                    0x20000004   Section       10  app_main.o(.data)
    BTPower_c                                0x20000004   Data           1  app_main.o(.data)
    .data                                    0x2000000e   Section        1  app_main.o(.data)
    .data                                    0x2000000f   Section        1  app_main.o(.data)
    .data                                    0x20000010   Section        1  bt_mode.o(.data)
    .data                                    0x20000011   Section        4  bt_mode.o(.data)
    ptrReceive                               0x20000013   Data           1  bt_mode.o(.data)
    .data                                    0x20000016   Section       10  h_adc.o(.data)
    .data                                    0x20000020   Section       52  key.o(.data)
    KeyCurValue                              0x20000020   Data           1  key.o(.data)
    KeyLastValue                             0x20000021   Data           1  key.o(.data)
    cntUart_Send                             0x20000028   Data           2  key.o(.data)
    .data                                    0x20000054   Section       24  sn3731.o(.data)
    .data                                    0x2000006c   Section        1  sn3731.o(.data)
    .data                                    0x2000006d   Section        1  sn3731.o(.data)
    .data                                    0x2000006e   Section        1  sn3731.o(.data)
    .data                                    0x2000006f   Section        1  sn3731_io_iic.o(.data)
    .data                                    0x20000070   Section        4  system_stm32f0xx.o(.data)
    .bss                                     0x20000074   Section       90  bt_mode.o(.bss)
    .bss                                     0x200000ce   Section      342  h_adc.o(.bss)
    .bss                                     0x20000224   Section      188  main.o(.bss)
    .bss                                     0x200002e0   Section       68  main.o(.bss)
    STACK                                    0x20000328   Section     1024  startup_stm32f030x6.o(STACK)

    Global Symbols

    Symbol Name                              Value     Ov Type        Size  Object(Section)

    BuildAttributes$$THM_ISAv3M$S$PE$A:L22$X:L11$S22$IEEE1$IW$USESV6$~STKCKD$USESV7$~SHL$OSPACE$EBA8$MICROLIB$REQ8$PRES8$EABIv2 0x00000000   Number         0  anon$$obj.o ABSOLUTE
    __ARM_use_no_argv                        0x00000000   Number         0  main.o ABSOLUTE
    __cpp_initialize__aeabi_                  - Undefined Weak Reference
    __cxa_finalize                            - Undefined Weak Reference
    __decompress                              - Undefined Weak Reference
    _clock_init                               - Undefined Weak Reference
    _microlib_exit                            - Undefined Weak Reference
    __Vectors_Size                           0x000000b0   Number         0  startup_stm32f030x6.o ABSOLUTE
    __Vectors                                0x08000000   Data           4  startup_stm32f030x6.o(RESET)
    __Vectors_End                            0x080000b0   Data           0  startup_stm32f030x6.o(RESET)
    __main                                   0x080000b1   Thumb Code     0  entry.o(.ARM.Collect$$$$00000000)
    _main_stk                                0x080000b1   Thumb Code     0  entry2.o(.ARM.Collect$$$$00000001)
    _main_scatterload                        0x080000b5   Thumb Code     0  entry5.o(.ARM.Collect$$$$00000004)
    __main_after_scatterload                 0x080000b9   Thumb Code     0  entry5.o(.ARM.Collect$$$$00000004)
    _main_clock                              0x080000b9   Thumb Code     0  entry7b.o(.ARM.Collect$$$$00000008)
    _main_cpp_init                           0x080000b9   Thumb Code     0  entry8b.o(.ARM.Collect$$$$0000000A)
    _main_init                               0x080000b9   Thumb Code     0  entry9a.o(.ARM.Collect$$$$0000000B)
    __rt_final_cpp                           0x080000c1   Thumb Code     0  entry10a.o(.ARM.Collect$$$$0000000D)
    __rt_final_exit                          0x080000c1   Thumb Code     0  entry11a.o(.ARM.Collect$$$$0000000F)
    Reset_Handler                            0x080000c5   Thumb Code     8  startup_stm32f030x6.o(.text)
    ADC1_IRQHandler                          0x080000d7   Thumb Code     0  startup_stm32f030x6.o(.text)
    DMA1_Channel2_3_IRQHandler               0x080000d7   Thumb Code     0  startup_stm32f030x6.o(.text)
    DMA1_Channel4_5_IRQHandler               0x080000d7   Thumb Code     0  startup_stm32f030x6.o(.text)
    EXTI0_1_IRQHandler                       0x080000d7   Thumb Code     0  startup_stm32f030x6.o(.text)
    EXTI2_3_IRQHandler                       0x080000d7   Thumb Code     0  startup_stm32f030x6.o(.text)
    EXTI4_15_IRQHandler                      0x080000d7   Thumb Code     0  startup_stm32f030x6.o(.text)
    FLASH_IRQHandler                         0x080000d7   Thumb Code     0  startup_stm32f030x6.o(.text)
    I2C1_IRQHandler                          0x080000d7   Thumb Code     0  startup_stm32f030x6.o(.text)
    RCC_IRQHandler                           0x080000d7   Thumb Code     0  startup_stm32f030x6.o(.text)
    RTC_IRQHandler                           0x080000d7   Thumb Code     0  startup_stm32f030x6.o(.text)
    SPI1_IRQHandler                          0x080000d7   Thumb Code     0  startup_stm32f030x6.o(.text)
    TIM14_IRQHandler                         0x080000d7   Thumb Code     0  startup_stm32f030x6.o(.text)
    TIM16_IRQHandler                         0x080000d7   Thumb Code     0  startup_stm32f030x6.o(.text)
    TIM17_IRQHandler                         0x080000d7   Thumb Code     0  startup_stm32f030x6.o(.text)
    TIM1_BRK_UP_TRG_COM_IRQHandler           0x080000d7   Thumb Code     0  startup_stm32f030x6.o(.text)
    TIM1_CC_IRQHandler                       0x080000d7   Thumb Code     0  startup_stm32f030x6.o(.text)
    TIM3_IRQHandler                          0x080000d7   Thumb Code     0  startup_stm32f030x6.o(.text)
    WWDG_IRQHandler                          0x080000d7   Thumb Code     0  startup_stm32f030x6.o(.text)
    __aeabi_uidiv                            0x080000e1   Thumb Code     0  uidiv.o(.text)
    __aeabi_uidivmod                         0x080000e1   Thumb Code    44  uidiv.o(.text)
    __aeabi_idiv                             0x0800010d   Thumb Code     0  idiv.o(.text)
    __aeabi_idivmod                          0x0800010d   Thumb Code    40  idiv.o(.text)
    __aeabi_memset                           0x08000135   Thumb Code    14  memseta.o(.text)
    __aeabi_memset4                          0x08000135   Thumb Code     0  memseta.o(.text)
    __aeabi_memset8                          0x08000135   Thumb Code     0  memseta.o(.text)
    __aeabi_memclr                           0x08000143   Thumb Code     4  memseta.o(.text)
    __aeabi_memclr4                          0x08000143   Thumb Code     0  memseta.o(.text)
    __aeabi_memclr8                          0x08000143   Thumb Code     0  memseta.o(.text)
    _memset$wrapper                          0x08000147   Thumb Code    18  memseta.o(.text)
    __scatterload                            0x08000159   Thumb Code    28  init.o(.text)
    __scatterload_rt2                        0x08000159   Thumb Code     0  init.o(.text)
    ADC_GetBuffer                            0x08000371   Thumb Code   100  h_adc.o(i.ADC_GetBuffer)
    Audio_Average                            0x080003f1   Thumb Code    86  h_adc.o(i.Audio_Average)
    BlueMode_Handle                          0x08000447   Thumb Code     8  bt_mode.o(i.BlueMode_Handle)
    BlueMode_Receive                         0x08000451   Thumb Code   250  bt_mode.o(i.BlueMode_Receive)
    DMA1_Channel1_IRQHandler                 0x0800055d   Thumb Code    16  stm32f0xx_it.o(i.DMA1_Channel1_IRQHandler)
    Delay_1us                                0x080005c3   Thumb Code    12  io_iic.o(i.Delay_1us)
    GetKeyValue                              0x080005d1   Thumb Code    22  key.o(i.GetKeyValue)
    HAL_ADCEx_Calibration_Start              0x080005ed   Thumb Code   176  stm32f0xx_hal_adc_ex.o(i.HAL_ADCEx_Calibration_Start)
    HAL_ADC_ConfigChannel                    0x0800069d   Thumb Code   262  stm32f0xx_hal_adc.o(i.HAL_ADC_ConfigChannel)
    HAL_ADC_ConvCpltCallback                 0x080007b5   Thumb Code     2  stm32f0xx_hal_adc.o(i.HAL_ADC_ConvCpltCallback)
    HAL_ADC_ConvHalfCpltCallback             0x080007b7   Thumb Code     2  stm32f0xx_hal_adc.o(i.HAL_ADC_ConvHalfCpltCallback)
    HAL_ADC_ErrorCallback                    0x080007b9   Thumb Code     2  stm32f0xx_hal_adc.o(i.HAL_ADC_ErrorCallback)
    HAL_ADC_Init                             0x080007bd   Thumb Code   366  stm32f0xx_hal_adc.o(i.HAL_ADC_Init)
    HAL_ADC_MspInit                          0x08000935   Thumb Code   104  stm32f0xx_hal_msp.o(i.HAL_ADC_MspInit)
    HAL_ADC_Start_DMA                        0x080009c9   Thumb Code   146  stm32f0xx_hal_adc.o(i.HAL_ADC_Start_DMA)
    HAL_ADC_Stop_DMA                         0x08000a6d   Thumb Code   122  stm32f0xx_hal_adc.o(i.HAL_ADC_Stop_DMA)
    HAL_DMA_Abort                            0x08000ae7   Thumb Code    44  stm32f0xx_hal_dma.o(i.HAL_DMA_Abort)
    HAL_DMA_Abort_IT                         0x08000b13   Thumb Code    72  stm32f0xx_hal_dma.o(i.HAL_DMA_Abort_IT)
    HAL_DMA_IRQHandler                       0x08000b5b   Thumb Code   170  stm32f0xx_hal_dma.o(i.HAL_DMA_IRQHandler)
    HAL_DMA_Init                             0x08000c05   Thumb Code    84  stm32f0xx_hal_dma.o(i.HAL_DMA_Init)
    HAL_DMA_Start_IT                         0x08000c5d   Thumb Code   114  stm32f0xx_hal_dma.o(i.HAL_DMA_Start_IT)
    HAL_GPIO_Init                            0x08000cd1   Thumb Code   304  stm32f0xx_hal_gpio.o(i.HAL_GPIO_Init)
    HAL_GPIO_ReadPin                         0x08000e19   Thumb Code    14  stm32f0xx_hal_gpio.o(i.HAL_GPIO_ReadPin)
    HAL_GPIO_WritePin                        0x08000e27   Thumb Code    12  stm32f0xx_hal_gpio.o(i.HAL_GPIO_WritePin)
    HAL_GetTick                              0x08000e35   Thumb Code     6  stm32f0xx_hal.o(i.HAL_GetTick)
    HAL_IncTick                              0x08000e41   Thumb Code    10  stm32f0xx_hal.o(i.HAL_IncTick)
    HAL_Init                                 0x08000e51   Thumb Code    26  stm32f0xx_hal.o(i.HAL_Init)
    HAL_InitTick                             0x08000e71   Thumb Code    34  stm32f0xx_hal.o(i.HAL_InitTick)
    HAL_MspInit                              0x08000e95   Thumb Code    50  stm32f0xx_hal_msp.o(i.HAL_MspInit)
    HAL_NVIC_EnableIRQ                       0x08000ecd   Thumb Code    14  stm32f0xx_hal_cortex.o(i.HAL_NVIC_EnableIRQ)
    HAL_NVIC_SetPriority                     0x08000ee1   Thumb Code     8  stm32f0xx_hal_cortex.o(i.HAL_NVIC_SetPriority)
    HAL_RCCEx_PeriphCLKConfig                0x08000ee9   Thumb Code   226  stm32f0xx_hal_rcc_ex.o(i.HAL_RCCEx_PeriphCLKConfig)
    HAL_RCC_ClockConfig                      0x08000fd9   Thumb Code   304  stm32f0xx_hal_rcc.o(i.HAL_RCC_ClockConfig)
    HAL_RCC_GetHCLKFreq                      0x0800111d   Thumb Code     6  stm32f0xx_hal_rcc.o(i.HAL_RCC_GetHCLKFreq)
    HAL_RCC_GetPCLK1Freq                     0x08001129   Thumb Code    22  stm32f0xx_hal_rcc.o(i.HAL_RCC_GetPCLK1Freq)
    HAL_RCC_GetSysClockFreq                  0x08001149   Thumb Code    94  stm32f0xx_hal_rcc.o(i.HAL_RCC_GetSysClockFreq)
    HAL_RCC_OscConfig                        0x080011d5   Thumb Code   968  stm32f0xx_hal_rcc.o(i.HAL_RCC_OscConfig)
    HAL_SYSTICK_CLKSourceConfig              0x080015a9   Thumb Code    24  stm32f0xx_hal_cortex.o(i.HAL_SYSTICK_CLKSourceConfig)
    HAL_SYSTICK_Callback                     0x080015c5   Thumb Code     2  stm32f0xx_hal_cortex.o(i.HAL_SYSTICK_Callback)
    HAL_SYSTICK_Config                       0x080015c9   Thumb Code    38  stm32f0xx_hal_cortex.o(i.HAL_SYSTICK_Config)
    HAL_SYSTICK_IRQHandler                   0x080015f9   Thumb Code     8  stm32f0xx_hal_cortex.o(i.HAL_SYSTICK_IRQHandler)
    HAL_UART_DMAStop                         0x08001601   Thumb Code    90  stm32f0xx_hal_uart.o(i.HAL_UART_DMAStop)
    HAL_UART_ErrorCallback                   0x0800165b   Thumb Code     2  stm32f0xx_hal_uart.o(i.HAL_UART_ErrorCallback)
    HAL_UART_IRQHandler                      0x0800165d   Thumb Code   282  stm32f0xx_hal_uart.o(i.HAL_UART_IRQHandler)
    HAL_UART_Init                            0x0800177d   Thumb Code   114  stm32f0xx_hal_uart.o(i.HAL_UART_Init)
    HAL_UART_MspInit                         0x080017f1   Thumb Code    80  stm32f0xx_hal_msp.o(i.HAL_UART_MspInit)
    HAL_UART_Receive_IT                      0x08001849   Thumb Code   152  stm32f0xx_hal_uart.o(i.HAL_UART_Receive_IT)
    HAL_UART_Transmit_IT                     0x080018e5   Thumb Code    98  stm32f0xx_hal_uart.o(i.HAL_UART_Transmit_IT)
    HAL_UART_TxCpltCallback                  0x08001947   Thumb Code     2  stm32f0xx_hal_uart.o(i.HAL_UART_TxCpltCallback)
    HardFault_Handler                        0x08001949   Thumb Code     2  stm32f0xx_it.o(i.HardFault_Handler)
    KeyComMsg                                0x0800194d   Thumb Code   184  key.o(i.KeyComMsg)
    KeyEventPorc                             0x08001a19   Thumb Code   194  key.o(i.KeyEventPorc)
    KeyScan                                  0x08001ae1   Thumb Code    12  key.o(i.KeyScan)
    NMI_Handler                              0x08001cb5   Thumb Code     2  stm32f0xx_it.o(i.NMI_Handler)
    PendSV_Handler                           0x08001cfd   Thumb Code     2  stm32f0xx_it.o(i.PendSV_Handler)
    PowerON_Reset                            0x08001d01   Thumb Code    68  app_main.o(i.PowerON_Reset)
    SN3731_IIC_SelectSection                 0x08001d65   Thumb Code    50  sn3731_io_iic.o(i.SN3731_IIC_SelectSection)
    SN3731_IIC_Start                         0x08001df1   Thumb Code    94  sn3731_io_iic.o(i.SN3731_IIC_Start)
    SN3731_IIC_Stop                          0x08001e55   Thumb Code    44  sn3731_io_iic.o(i.SN3731_IIC_Stop)
    SN3731_IIC_WriteRegs                     0x08001ea5   Thumb Code    56  sn3731_io_iic.o(i.SN3731_IIC_WriteRegs)
    SN3731_Led_TurnOn_All                    0x08001ee1   Thumb Code    34  sn3731.o(i.SN3731_Led_TurnOn_All)
    SVC_Handler                              0x08001f0d   Thumb Code     2  stm32f0xx_it.o(i.SVC_Handler)
    Scan_ONOFF                               0x08001f11   Thumb Code   120  app_main.o(i.Scan_ONOFF)
    SysTick_Handler                          0x08001f91   Thumb Code    78  stm32f0xx_it.o(i.SysTick_Handler)
    SystemClock_Config                       0x08001ffd   Thumb Code   142  main.o(i.SystemClock_Config)
    SystemInit                               0x0800209d   Thumb Code    78  system_stm32f0xx.o(i.SystemInit)
    UART_AdvFeatureConfig                    0x080020f9   Thumb Code   202  stm32f0xx_hal_uart.o(i.UART_AdvFeatureConfig)
    UART_CheckIdleState                      0x080021c3   Thumb Code    18  stm32f0xx_hal_uart.o(i.UART_CheckIdleState)
    UART_EndTransmit_IT                      0x08002207   Thumb Code    26  stm32f0xx_hal_uart.o(i.UART_EndTransmit_IT)
    UART_Receive_IT                          0x08002233   Thumb Code    80  stm32f0xx_hal_uart.o(i.UART_Receive_IT)
    UART_SetConfig                           0x08002285   Thumb Code   332  stm32f0xx_hal_uart.o(i.UART_SetConfig)
    UART_Transmit_IT                         0x080023e1   Thumb Code   104  stm32f0xx_hal_uart.o(i.UART_Transmit_IT)
    USART1_IRQHandler                        0x08002449   Thumb Code    10  stm32f0xx_it.o(i.USART1_IRQHandler)
    Usart1SendData                           0x08002459   Thumb Code    46  bt_mode.o(i.Usart1SendData)
    User_UART_Receive_IT                     0x08002491   Thumb Code    40  bt_mode.o(i.User_UART_Receive_IT)
    _Error_Handler                           0x080024c1   Thumb Code     2  main.o(i._Error_Handler)
    __scatterload_copy                       0x080024c3   Thumb Code    14  handlers.o(i.__scatterload_copy)
    __scatterload_null                       0x080024d1   Thumb Code     2  handlers.o(i.__scatterload_null)
    __scatterload_zeroinit                   0x080024d3   Thumb Code    14  handlers.o(i.__scatterload_zeroinit)
    app_main                                 0x080024e1   Thumb Code    82  app_main.o(i.app_main)
    init_g_parameter                         0x08002539   Thumb Code    52  app_main.o(i.init_g_parameter)
    main                                     0x0800259d   Thumb Code    30  main.o(i.main)
    renew_volume                             0x080025bd   Thumb Code   106  h_adc.o(i.renew_volume)
    volume_scan                              0x08002631   Thumb Code   116  h_adc.o(i.volume_scan)
    all_pwm_on                               0x080026b0   Data         144  sn3731_array.o(.constdata)
    all_led_on                               0x08002740   Data          18  sn3731_array.o(.constdata)
    AHBPrescTable                            0x08002752   Data          16  system_stm32f0xx.o(.constdata)
    APBPrescTable                            0x08002762   Data           8  system_stm32f0xx.o(.constdata)
    Region$$Table$$Base                      0x0800276c   Number         0  anon$$obj.o(Region$$Table)
    Region$$Table$$Limit                     0x0800278c   Number         0  anon$$obj.o(Region$$Table)
    uwTick                                   0x20000000   Data           4  stm32f0xx_hal.o(.data)
    PlayMode                                 0x20000005   Data           1  app_main.o(.data)
    FireMode                                 0x20000006   Data           1  app_main.o(.data)
    AppTick1ms                               0x20000007   Data           1  app_main.o(.data)
    AppTick0                                 0x20000008   Data           1  app_main.o(.data)
    AppTick1                                 0x20000009   Data           1  app_main.o(.data)
    AppTick2                                 0x2000000a   Data           1  app_main.o(.data)
    AppTick3                                 0x2000000b   Data           1  app_main.o(.data)
    brightness1                              0x2000000c   Data           1  app_main.o(.data)
    electricityBrightness                    0x2000000d   Data           1  app_main.o(.data)
    AppTick5                                 0x2000000e   Data           1  app_main.o(.data)
    cntAppTick                               0x2000000f   Data           1  app_main.o(.data)
    enUart_Send                              0x20000010   Data           1  bt_mode.o(.data)
    mPtr_Receive                             0x20000011   Data           1  bt_mode.o(.data)
    sPtr_Receive                             0x20000012   Data           1  bt_mode.o(.data)
    Uart1_RX_Timeout                         0x20000014   Data           1  bt_mode.o(.data)
    Adc_Dma_Irq_f                            0x20000016   Data           1  h_adc.o(.data)
    volume_renew_count                       0x20000017   Data           1  h_adc.o(.data)
    volume_ad_mute_count                     0x20000018   Data           2  h_adc.o(.data)
    volume                                   0x2000001a   Data           6  h_adc.o(.data)
    gbKeyPress                               0x20000022   Data           1  key.o(.data)
    gbKeyNone                                0x20000023   Data           1  key.o(.data)
    KeyValue                                 0x20000024   Data           1  key.o(.data)
    KeyEvent                                 0x20000025   Data           1  key.o(.data)
    cntKeyLoop                               0x20000026   Data           1  key.o(.data)
    cntKeyLong                               0x20000027   Data           1  key.o(.data)
    SyncNum_Table                            0x2000002a   Data          42  key.o(.data)
    p_flag                                   0x20000054   Data           1  sn3731.o(.data)
    g_reg_00h                                0x20000055   Data           1  sn3731.o(.data)
    g_reg_01h                                0x20000056   Data           1  sn3731.o(.data)
    g_reg_02h                                0x20000057   Data           1  sn3731.o(.data)
    g_reg_05h                                0x20000058   Data           1  sn3731.o(.data)
    g_reg_06h                                0x20000059   Data           1  sn3731.o(.data)
    g_reg_08h                                0x2000005a   Data           1  sn3731.o(.data)
    g_reg_09h                                0x2000005b   Data           1  sn3731.o(.data)
    g_reg_0bh                                0x2000005c   Data           1  sn3731.o(.data)
    g_Poweron_ontime                         0x2000005d   Data           1  sn3731.o(.data)
    front_4_flag                             0x2000005e   Data           1  sn3731.o(.data)
    g_fireworks_NO                           0x2000005f   Data           1  sn3731.o(.data)
    g_lighting_NO                            0x20000060   Data           1  sn3731.o(.data)
    g_unlock_NO                              0x20000061   Data           1  sn3731.o(.data)
    g_water_NO                               0x20000062   Data           1  sn3731.o(.data)
    g_jingtaitu_NO                           0x20000063   Data           1  sn3731.o(.data)
    g_audio1_NO                              0x20000064   Data           1  sn3731.o(.data)
    g_audio2_NO                              0x20000065   Data           1  sn3731.o(.data)
    g_audio3_NO                              0x20000066   Data           1  sn3731.o(.data)
    g_CurrentMovie_NO                        0x20000067   Data           1  sn3731.o(.data)
    g_rail                                   0x20000068   Data           1  sn3731.o(.data)
    g_times                                  0x20000069   Data           1  sn3731.o(.data)
    g_MovieEnd_Flag                          0x2000006a   Data           1  sn3731.o(.data)
    g_MovieRestart_Flag                      0x2000006b   Data           1  sn3731.o(.data)
    g_fireworks_Temp                         0x2000006c   Data           1  sn3731.o(.data)
    demo_NO                                  0x2000006d   Data           1  sn3731.o(.data)
    timer_flag                               0x2000006e   Data           1  sn3731.o(.data)
    g_SN3731_IIC_ADDRESS                     0x2000006f   Data           1  sn3731_io_iic.o(.data)
    SystemCoreClock                          0x20000070   Data           4  system_stm32f0xx.o(.data)
    BT_ReceiveBuffer                         0x20000074   Data          30  bt_mode.o(.bss)
    Uart1_ReceiveBuffer                      0x20000092   Data          30  bt_mode.o(.bss)
    Uart1_TransmitBuffer                     0x200000b0   Data          30  bt_mode.o(.bss)
    AdcDma_Buf                               0x200000ce   Data         100  h_adc.o(.bss)
    AdcAudio_Buf                             0x20000132   Data         100  h_adc.o(.bss)
    audio_adc_1                              0x20000196   Data         108  h_adc.o(.bss)
    volume_ad_step                           0x20000202   Data          14  h_adc.o(.bss)
    volume_temp                              0x20000210   Data          10  h_adc.o(.bss)
    volume_save                              0x2000021a   Data          10  h_adc.o(.bss)
    hadc                                     0x20000224   Data          76  main.o(.bss)
    huart1                                   0x20000270   Data         112  main.o(.bss)
    hdma_adc                                 0x200002e0   Data          68  main.o(.bss)
    __initial_sp                             0x20000728   Data           0  startup_stm32f030x6.o(STACK)



==============================================================================

Memory Map of the image

  Image Entry point : 0x080000b1

  Load Region LR_IROM1 (Base: 0x08000000, Size: 0x00002800, Max: 0x00008000, ABSOLUTE)

    Execution Region ER_IROM1 (Exec base: 0x08000000, Load base: 0x08000000, Size: 0x0000278c, Max: 0x00008000, ABSOLUTE)

    Exec Addr    Load Addr    Size         Type   Attr      Idx    E Section Name        Object

    0x08000000   0x08000000   0x000000b0   Data   RO            3    RESET               startup_stm32f030x6.o
    0x080000b0   0x080000b0   0x00000000   Code   RO         3157  * .ARM.Collect$$$$00000000  mc_p.l(entry.o)
    0x080000b0   0x080000b0   0x00000004   Code   RO         3168    .ARM.Collect$$$$00000001  mc_p.l(entry2.o)
    0x080000b4   0x080000b4   0x00000004   Code   RO         3171    .ARM.Collect$$$$00000004  mc_p.l(entry5.o)
    0x080000b8   0x080000b8   0x00000000   Code   RO         3173    .ARM.Collect$$$$00000008  mc_p.l(entry7b.o)
    0x080000b8   0x080000b8   0x00000000   Code   RO         3175    .ARM.Collect$$$$0000000A  mc_p.l(entry8b.o)
    0x080000b8   0x080000b8   0x00000008   Code   RO         3176    .ARM.Collect$$$$0000000B  mc_p.l(entry9a.o)
    0x080000c0   0x080000c0   0x00000000   Code   RO         3178    .ARM.Collect$$$$0000000D  mc_p.l(entry10a.o)
    0x080000c0   0x080000c0   0x00000000   Code   RO         3180    .ARM.Collect$$$$0000000F  mc_p.l(entry11a.o)
    0x080000c0   0x080000c0   0x00000004   Code   RO         3169    .ARM.Collect$$$$00002712  mc_p.l(entry2.o)
    0x080000c4   0x080000c4   0x0000001c   Code   RO            4    .text               startup_stm32f030x6.o
    0x080000e0   0x080000e0   0x0000002c   Code   RO         3160    .text               mc_p.l(uidiv.o)
    0x0800010c   0x0800010c   0x00000028   Code   RO         3162    .text               mc_p.l(idiv.o)
    0x08000134   0x08000134   0x00000024   Code   RO         3166    .text               mc_p.l(memseta.o)
    0x08000158   0x08000158   0x00000024   Code   RO         3182    .text               mc_p.l(init.o)
    0x0800017c   0x0800017c   0x00000052   Code   RO          203    i.ADC_ConversionStop  stm32f0xx_hal_adc.o
    0x080001ce   0x080001ce   0x0000006c   Code   RO          204    i.ADC_DMAConvCplt   stm32f0xx_hal_adc.o
    0x0800023a   0x0800023a   0x0000001a   Code   RO          205    i.ADC_DMAError      stm32f0xx_hal_adc.o
    0x08000254   0x08000254   0x0000000a   Code   RO          206    i.ADC_DMAHalfConvCplt  stm32f0xx_hal_adc.o
    0x0800025e   0x0800025e   0x00000076   Code   RO          207    i.ADC_Disable       stm32f0xx_hal_adc.o
    0x080002d4   0x080002d4   0x0000009c   Code   RO          208    i.ADC_Enable        stm32f0xx_hal_adc.o
    0x08000370   0x08000370   0x00000080   Code   RO         2136    i.ADC_GetBuffer     h_adc.o
    0x080003f0   0x080003f0   0x00000056   Code   RO         2137    i.Audio_Average     h_adc.o
    0x08000446   0x08000446   0x00000008   Code   RO         2086    i.BlueMode_Handle   bt_mode.o
    0x0800044e   0x0800044e   0x00000002   PAD
    0x08000450   0x08000450   0x0000010c   Code   RO         2087    i.BlueMode_Receive  bt_mode.o
    0x0800055c   0x0800055c   0x00000018   Code   RO         3021    i.DMA1_Channel1_IRQHandler  stm32f0xx_it.o
    0x08000574   0x08000574   0x00000024   Code   RO           12    i.DMA_CalcBaseAndBitshift  stm32f0xx_hal_dma.o
    0x08000598   0x08000598   0x0000002a   Code   RO           13    i.DMA_SetConfig     stm32f0xx_hal_dma.o
    0x080005c2   0x080005c2   0x0000000c   Code   RO         2195    i.Delay_1us         io_iic.o
    0x080005ce   0x080005ce   0x00000002   PAD
    0x080005d0   0x080005d0   0x0000001c   Code   RO         2251    i.GetKeyValue       key.o
    0x080005ec   0x080005ec   0x000000b0   Code   RO         1875    i.HAL_ADCEx_Calibration_Start  stm32f0xx_hal_adc_ex.o
    0x0800069c   0x0800069c   0x00000118   Code   RO          210    i.HAL_ADC_ConfigChannel  stm32f0xx_hal_adc.o
    0x080007b4   0x080007b4   0x00000002   Code   RO          211    i.HAL_ADC_ConvCpltCallback  stm32f0xx_hal_adc.o
    0x080007b6   0x080007b6   0x00000002   Code   RO          212    i.HAL_ADC_ConvHalfCpltCallback  stm32f0xx_hal_adc.o
    0x080007b8   0x080007b8   0x00000002   Code   RO          214    i.HAL_ADC_ErrorCallback  stm32f0xx_hal_adc.o
    0x080007ba   0x080007ba   0x00000002   PAD
    0x080007bc   0x080007bc   0x00000178   Code   RO          219    i.HAL_ADC_Init      stm32f0xx_hal_adc.o
    0x08000934   0x08000934   0x00000094   Code   RO         3081    i.HAL_ADC_MspInit   stm32f0xx_hal_msp.o
    0x080009c8   0x080009c8   0x000000a4   Code   RO          226    i.HAL_ADC_Start_DMA  stm32f0xx_hal_adc.o
    0x08000a6c   0x08000a6c   0x0000007a   Code   RO          229    i.HAL_ADC_Stop_DMA  stm32f0xx_hal_adc.o
    0x08000ae6   0x08000ae6   0x0000002c   Code   RO           14    i.HAL_DMA_Abort     stm32f0xx_hal_dma.o
    0x08000b12   0x08000b12   0x00000048   Code   RO           15    i.HAL_DMA_Abort_IT  stm32f0xx_hal_dma.o
    0x08000b5a   0x08000b5a   0x000000aa   Code   RO           19    i.HAL_DMA_IRQHandler  stm32f0xx_hal_dma.o
    0x08000c04   0x08000c04   0x00000058   Code   RO           20    i.HAL_DMA_Init      stm32f0xx_hal_dma.o
    0x08000c5c   0x08000c5c   0x00000072   Code   RO           24    i.HAL_DMA_Start_IT  stm32f0xx_hal_dma.o
    0x08000cce   0x08000cce   0x00000002   PAD
    0x08000cd0   0x08000cd0   0x00000148   Code   RO         1912    i.HAL_GPIO_Init     stm32f0xx_hal_gpio.o
    0x08000e18   0x08000e18   0x0000000e   Code   RO         1914    i.HAL_GPIO_ReadPin  stm32f0xx_hal_gpio.o
    0x08000e26   0x08000e26   0x0000000c   Code   RO         1916    i.HAL_GPIO_WritePin  stm32f0xx_hal_gpio.o
    0x08000e32   0x08000e32   0x00000002   PAD
    0x08000e34   0x08000e34   0x0000000c   Code   RO         1433    i.HAL_GetTick       stm32f0xx_hal.o
    0x08000e40   0x08000e40   0x00000010   Code   RO         1437    i.HAL_IncTick       stm32f0xx_hal.o
    0x08000e50   0x08000e50   0x00000020   Code   RO         1438    i.HAL_Init          stm32f0xx_hal.o
    0x08000e70   0x08000e70   0x00000022   Code   RO         1439    i.HAL_InitTick      stm32f0xx_hal.o
    0x08000e92   0x08000e92   0x00000002   PAD
    0x08000e94   0x08000e94   0x00000038   Code   RO         3082    i.HAL_MspInit       stm32f0xx_hal_msp.o
    0x08000ecc   0x08000ecc   0x00000014   Code   RO         1783    i.HAL_NVIC_EnableIRQ  stm32f0xx_hal_cortex.o
    0x08000ee0   0x08000ee0   0x00000008   Code   RO         1787    i.HAL_NVIC_SetPriority  stm32f0xx_hal_cortex.o
    0x08000ee8   0x08000ee8   0x000000f0   Code   RO         1751    i.HAL_RCCEx_PeriphCLKConfig  stm32f0xx_hal_rcc_ex.o
    0x08000fd8   0x08000fd8   0x00000144   Code   RO         1182    i.HAL_RCC_ClockConfig  stm32f0xx_hal_rcc.o
    0x0800111c   0x0800111c   0x0000000c   Code   RO         1187    i.HAL_RCC_GetHCLKFreq  stm32f0xx_hal_rcc.o
    0x08001128   0x08001128   0x00000020   Code   RO         1189    i.HAL_RCC_GetPCLK1Freq  stm32f0xx_hal_rcc.o
    0x08001148   0x08001148   0x0000008c   Code   RO         1190    i.HAL_RCC_GetSysClockFreq  stm32f0xx_hal_rcc.o
    0x080011d4   0x080011d4   0x000003d4   Code   RO         1193    i.HAL_RCC_OscConfig  stm32f0xx_hal_rcc.o
    0x080015a8   0x080015a8   0x0000001c   Code   RO         1789    i.HAL_SYSTICK_CLKSourceConfig  stm32f0xx_hal_cortex.o
    0x080015c4   0x080015c4   0x00000002   Code   RO         1790    i.HAL_SYSTICK_Callback  stm32f0xx_hal_cortex.o
    0x080015c6   0x080015c6   0x00000002   PAD
    0x080015c8   0x080015c8   0x00000030   Code   RO         1791    i.HAL_SYSTICK_Config  stm32f0xx_hal_cortex.o
    0x080015f8   0x080015f8   0x00000008   Code   RO         1792    i.HAL_SYSTICK_IRQHandler  stm32f0xx_hal_cortex.o
    0x08001600   0x08001600   0x0000005a   Code   RO          397    i.HAL_UART_DMAStop  stm32f0xx_hal_uart.o
    0x0800165a   0x0800165a   0x00000002   Code   RO          399    i.HAL_UART_ErrorCallback  stm32f0xx_hal_uart.o
    0x0800165c   0x0800165c   0x00000120   Code   RO          402    i.HAL_UART_IRQHandler  stm32f0xx_hal_uart.o
    0x0800177c   0x0800177c   0x00000072   Code   RO          403    i.HAL_UART_Init     stm32f0xx_hal_uart.o
    0x080017ee   0x080017ee   0x00000002   PAD
    0x080017f0   0x080017f0   0x00000058   Code   RO         3084    i.HAL_UART_MspInit  stm32f0xx_hal_msp.o
    0x08001848   0x08001848   0x0000009c   Code   RO          408    i.HAL_UART_Receive_IT  stm32f0xx_hal_uart.o
    0x080018e4   0x080018e4   0x00000062   Code   RO          413    i.HAL_UART_Transmit_IT  stm32f0xx_hal_uart.o
    0x08001946   0x08001946   0x00000002   Code   RO          414    i.HAL_UART_TxCpltCallback  stm32f0xx_hal_uart.o
    0x08001948   0x08001948   0x00000002   Code   RO         3022    i.HardFault_Handler  stm32f0xx_it.o
    0x0800194a   0x0800194a   0x00000002   PAD
    0x0800194c   0x0800194c   0x000000cc   Code   RO         2252    i.KeyComMsg         key.o
    0x08001a18   0x08001a18   0x000000c8   Code   RO         2253    i.KeyEventPorc      key.o
    0x08001ae0   0x08001ae0   0x0000000c   Code   RO         2254    i.KeyScan           key.o
    0x08001aec   0x08001aec   0x000000a4   Code   RO         2961    i.MX_ADC_Init       main.o
    0x08001b90   0x08001b90   0x00000028   Code   RO         2962    i.MX_DMA_Init       main.o
    0x08001bb8   0x08001bb8   0x000000a8   Code   RO         2963    i.MX_GPIO_Init      main.o
    0x08001c60   0x08001c60   0x00000054   Code   RO         2964    i.MX_USART1_UART_Init  main.o
    0x08001cb4   0x08001cb4   0x00000002   Code   RO         3023    i.NMI_Handler       stm32f0xx_it.o
    0x08001cb6   0x08001cb6   0x00000002   PAD
    0x08001cb8   0x08001cb8   0x00000044   Code   RO         1793    i.NVIC_SetPriority  stm32f0xx_hal_cortex.o
    0x08001cfc   0x08001cfc   0x00000002   Code   RO         3024    i.PendSV_Handler    stm32f0xx_it.o
    0x08001cfe   0x08001cfe   0x00000002   PAD
    0x08001d00   0x08001d00   0x00000064   Code   RO         1971    i.PowerON_Reset     app_main.o
    0x08001d64   0x08001d64   0x00000038   Code   RO         2841    i.SN3731_IIC_SelectSection  sn3731_io_iic.o
    0x08001d9c   0x08001d9c   0x00000054   Code   RO         2842    i.SN3731_IIC_SendByte  sn3731_io_iic.o
    0x08001df0   0x08001df0   0x00000064   Code   RO         2843    i.SN3731_IIC_Start  sn3731_io_iic.o
    0x08001e54   0x08001e54   0x00000030   Code   RO         2844    i.SN3731_IIC_Stop   sn3731_io_iic.o
    0x08001e84   0x08001e84   0x00000020   Code   RO         2845    i.SN3731_IIC_Wait_Ack  sn3731_io_iic.o
    0x08001ea4   0x08001ea4   0x0000003c   Code   RO         2846    i.SN3731_IIC_WriteRegs  sn3731_io_iic.o
    0x08001ee0   0x08001ee0   0x0000002c   Code   RO         2610    i.SN3731_Led_TurnOn_All  sn3731.o
    0x08001f0c   0x08001f0c   0x00000002   Code   RO         3025    i.SVC_Handler       stm32f0xx_it.o
    0x08001f0e   0x08001f0e   0x00000002   PAD
    0x08001f10   0x08001f10   0x00000080   Code   RO         1972    i.Scan_ONOFF        app_main.o
    0x08001f90   0x08001f90   0x0000006c   Code   RO         3026    i.SysTick_Handler   stm32f0xx_it.o
    0x08001ffc   0x08001ffc   0x000000a0   Code   RO         2965    i.SystemClock_Config  main.o
    0x0800209c   0x0800209c   0x0000005c   Code   RO         3126    i.SystemInit        system_stm32f0xx.o
    0x080020f8   0x080020f8   0x000000ca   Code   RO          416    i.UART_AdvFeatureConfig  stm32f0xx_hal_uart.o
    0x080021c2   0x080021c2   0x00000012   Code   RO          417    i.UART_CheckIdleState  stm32f0xx_hal_uart.o
    0x080021d4   0x080021d4   0x00000014   Code   RO          418    i.UART_DMAAbortOnError  stm32f0xx_hal_uart.o
    0x080021e8   0x080021e8   0x0000001e   Code   RO          428    i.UART_EndRxTransfer  stm32f0xx_hal_uart.o
    0x08002206   0x08002206   0x0000001a   Code   RO          429    i.UART_EndTransmit_IT  stm32f0xx_hal_uart.o
    0x08002220   0x08002220   0x00000012   Code   RO          430    i.UART_EndTxTransfer  stm32f0xx_hal_uart.o
    0x08002232   0x08002232   0x00000050   Code   RO          431    i.UART_Receive_IT   stm32f0xx_hal_uart.o
    0x08002282   0x08002282   0x00000002   PAD
    0x08002284   0x08002284   0x0000015c   Code   RO          432    i.UART_SetConfig    stm32f0xx_hal_uart.o
    0x080023e0   0x080023e0   0x00000068   Code   RO          433    i.UART_Transmit_IT  stm32f0xx_hal_uart.o
    0x08002448   0x08002448   0x00000010   Code   RO         3027    i.USART1_IRQHandler  stm32f0xx_it.o
    0x08002458   0x08002458   0x00000038   Code   RO         2088    i.Usart1SendData    bt_mode.o
    0x08002490   0x08002490   0x00000030   Code   RO         2089    i.User_UART_Receive_IT  bt_mode.o
    0x080024c0   0x080024c0   0x00000002   Code   RO         2966    i._Error_Handler    main.o
    0x080024c2   0x080024c2   0x0000000e   Code   RO         3186    i.__scatterload_copy  mc_p.l(handlers.o)
    0x080024d0   0x080024d0   0x00000002   Code   RO         3187    i.__scatterload_null  mc_p.l(handlers.o)
    0x080024d2   0x080024d2   0x0000000e   Code   RO         3188    i.__scatterload_zeroinit  mc_p.l(handlers.o)
    0x080024e0   0x080024e0   0x00000058   Code   RO         1973    i.app_main          app_main.o
    0x08002538   0x08002538   0x00000064   Code   RO         1974    i.init_g_parameter  app_main.o
    0x0800259c   0x0800259c   0x0000001e   Code   RO         2967    i.main              main.o
    0x080025ba   0x080025ba   0x00000002   PAD
    0x080025bc   0x080025bc   0x00000074   Code   RO         2138    i.renew_volume      h_adc.o
    0x08002630   0x08002630   0x00000080   Code   RO         2139    i.volume_scan       h_adc.o
    0x080026b0   0x080026b0   0x00000090   Data   RO         2935    .constdata          sn3731_array.o
    0x08002740   0x08002740   0x00000012   Data   RO         2937    .constdata          sn3731_array.o
    0x08002752   0x08002752   0x00000010   Data   RO         3127    .constdata          system_stm32f0xx.o
    0x08002762   0x08002762   0x00000008   Data   RO         3128    .constdata          system_stm32f0xx.o
    0x0800276a   0x0800276a   0x00000002   PAD
    0x0800276c   0x0800276c   0x00000020   Data   RO         3184    Region$$Table       anon$$obj.o


    Execution Region RW_IRAM1 (Exec base: 0x20000000, Load base: 0x0800278c, Size: 0x00000728, Max: 0x00001000, ABSOLUTE)

    Exec Addr    Load Addr    Size         Type   Attr      Idx    E Section Name        Object

    0x20000000   0x0800278c   0x00000004   Data   RW         1444    .data               stm32f0xx_hal.o
    0x20000004   0x08002790   0x0000000a   Data   RW         1975    .data               app_main.o
    0x2000000e   0x0800279a   0x00000001   Data   RW         1977    .data               app_main.o
    0x2000000f   0x0800279b   0x00000001   Data   RW         1978    .data               app_main.o
    0x20000010   0x0800279c   0x00000001   Data   RW         2091    .data               bt_mode.o
    0x20000011   0x0800279d   0x00000004   Data   RW         2092    .data               bt_mode.o
    0x20000015   0x080027a1   0x00000001   PAD
    0x20000016   0x080027a2   0x0000000a   Data   RW         2150    .data               h_adc.o
    0x20000020   0x080027ac   0x00000034   Data   RW         2255    .data               key.o
    0x20000054   0x080027e0   0x00000018   Data   RW         2622    .data               sn3731.o
    0x2000006c   0x080027f8   0x00000001   Data   RW         2627    .data               sn3731.o
    0x2000006d   0x080027f9   0x00000001   Data   RW         2628    .data               sn3731.o
    0x2000006e   0x080027fa   0x00000001   Data   RW         2629    .data               sn3731.o
    0x2000006f   0x080027fb   0x00000001   Data   RW         2852    .data               sn3731_io_iic.o
    0x20000070   0x080027fc   0x00000004   Data   RW         3129    .data               system_stm32f0xx.o
    0x20000074        -       0x0000005a   Zero   RW         2090    .bss                bt_mode.o
    0x200000ce        -       0x00000156   Zero   RW         2140    .bss                h_adc.o
    0x20000224        -       0x000000bc   Zero   RW         2968    .bss                main.o
    0x200002e0        -       0x00000044   Zero   RW         2969    .bss                main.o
    0x20000324   0x08002800   0x00000004   PAD
    0x20000328        -       0x00000400   Zero   RW            1    STACK               startup_stm32f030x6.o


==============================================================================

Image component sizes


      Code (inc. data)   RO Data    RW Data    ZI Data      Debug   Object Name

       416         94          0         12          0       4128   app_main.o
       380         36          0          5         90       3304   bt_mode.o
       458         50          0         10        342       5133   h_adc.o
        12          0          0          0          0        464   io_iic.o
       444         32          0         52          0       3152   key.o
       648         90          0          0        256       4320   main.o
        44         10          0         27          0       2728   sn3731.o
         0          0        162          0          0        905   sn3731_array.o
       380         30          0          1          0       3794   sn3731_io_iic.o
        28          8        176          0       1024        656   startup_stm32f030x6.o
        94         18          0          4          0       3211   stm32f0xx_hal.o
      1448         60          0          0          0      10196   stm32f0xx_hal_adc.o
       176          0          0          0          0       1422   stm32f0xx_hal_adc_ex.o
       182         28          0          0          0      10807   stm32f0xx_hal_cortex.o
       566         14          0          0          0     244790   stm32f0xx_hal_dma.o
       354         24          0          0          0       3079   stm32f0xx_hal_gpio.o
       292         58          0          0          0       2274   stm32f0xx_hal_msp.o
      1488         94          0          0          0       5721   stm32f0xx_hal_rcc.o
       240         14          0          0          0       1484   stm32f0xx_hal_rcc_ex.o
      1596         26          0          0          0      12231   stm32f0xx_hal_uart.o
       156         44          0          0          0       3262   stm32f0xx_it.o
        92         14         24          4          0       1219   system_stm32f0xx.o

    ----------------------------------------------------------------------
      9522        744        396        116       1716     328280   Object Totals
         0          0         32          0          0          0   (incl. Generated)
        28          0          2          1          4          0   (incl. Padding)

    ----------------------------------------------------------------------

      Code (inc. data)   RO Data    RW Data    ZI Data      Debug   Library Member Name

         0          0          0          0          0          0   entry.o
         0          0          0          0          0          0   entry10a.o
         0          0          0          0          0          0   entry11a.o
         8          4          0          0          0          0   entry2.o
         4          0          0          0          0          0   entry5.o
         0          0          0          0          0          0   entry7b.o
         0          0          0          0          0          0   entry8b.o
         8          4          0          0          0          0   entry9a.o
        30          0          0          0          0          0   handlers.o
        40          0          0          0          0         72   idiv.o
        36          8          0          0          0         68   init.o
        36          0          0          0          0        100   memseta.o
        44          0          0          0          0         72   uidiv.o

    ----------------------------------------------------------------------
       206         16          0          0          0        312   Library Totals
         0          0          0          0          0          0   (incl. Padding)

    ----------------------------------------------------------------------

      Code (inc. data)   RO Data    RW Data    ZI Data      Debug   Library Name

       206         16          0          0          0        312   mc_p.l

    ----------------------------------------------------------------------
       206         16          0          0          0        312   Library Totals

    ----------------------------------------------------------------------

==============================================================================


      Code (inc. data)   RO Data    RW Data    ZI Data      Debug   

      9728        760        396        116       1716     324520   Grand Totals
      9728        760        396        116       1716     324520   ELF Image Totals
      9728        760        396        116          0          0   ROM Totals

==============================================================================

    Total RO  Size (Code + RO Data)                10124 (   9.89kB)
    Total RW  Size (RW Data + ZI Data)              1832 (   1.79kB)
    Total ROM Size (Code + RO Data + RW Data)      10240 (  10.00kB)

==============================================================================

